   Compiling merc_symbolic v1.0.0 (/home/mlaveaux/merc/crates/symbolic)
warning: unused variable: `partition`
 --> crates/symbolic/src/symbolic_quotient.rs:4:26
  |
4 | pub fn quotient_symbolic(partition: &BDDFunction) {
  |                          ^^^^^^^^^ help: if this is intentional, prefix it with an underscore: `_partition`
  |
  = note: `#[warn(unused_variables)]` (part of `#[warn(unused)]`) on by default

warning: `merc_symbolic` (lib) generated 1 warning (run `cargo fix --lib -p merc_symbolic` to apply 1 suggestion)
   Compiling merc-sym v1.0.0 (/home/mlaveaux/merc/tools/sym)
    Finished `dev` profile [unoptimized + debuginfo] target(s) in 1.04s
     Running `target/debug/merc-sym reduce examples/lts/abp.sym --split-signature --trace`
[2026-02-04T10:57:22Z INFO  merc_symbolic::io_symbolic_lts] Reading symbolic LTS in the mCRL2 symbolic format...
[2026-02-04T10:57:22Z DEBUG merc_aterm::storage::global_aterm_pool] Registered thread_local protection set(s) 0
[2026-02-04T10:57:22Z DEBUG merc_symbolic::io_symbolic_lts] Parameter 0: s1_S has 3 entries
[2026-02-04T10:57:22Z DEBUG merc_symbolic::io_symbolic_lts]   0:  @most_significant_digit(1)
[2026-02-04T10:57:22Z DEBUG merc_symbolic::io_symbolic_lts]   1:  @most_significant_digit(2)
[2026-02-04T10:57:22Z DEBUG merc_symbolic::io_symbolic_lts]   2:  @most_significant_digit(3)
[2026-02-04T10:57:22Z DEBUG merc_symbolic::io_symbolic_lts] Parameter 1: d_S has 2 entries
[2026-02-04T10:57:22Z DEBUG merc_symbolic::io_symbolic_lts]   0:  d1
[2026-02-04T10:57:22Z DEBUG merc_symbolic::io_symbolic_lts]   1:  d2
[2026-02-04T10:57:22Z DEBUG merc_symbolic::io_symbolic_lts] Parameter 2: b_S has 2 entries
[2026-02-04T10:57:22Z DEBUG merc_symbolic::io_symbolic_lts]   0:  true
[2026-02-04T10:57:22Z DEBUG merc_symbolic::io_symbolic_lts]   1:  false
[2026-02-04T10:57:22Z DEBUG merc_symbolic::io_symbolic_lts] Parameter 3: s7_K has 4 entries
[2026-02-04T10:57:22Z DEBUG merc_symbolic::io_symbolic_lts]   0:  @most_significant_digit(1)
[2026-02-04T10:57:22Z DEBUG merc_symbolic::io_symbolic_lts]   1:  @most_significant_digit(2)
[2026-02-04T10:57:22Z DEBUG merc_symbolic::io_symbolic_lts]   2:  @most_significant_digit(4)
[2026-02-04T10:57:22Z DEBUG merc_symbolic::io_symbolic_lts]   3:  @most_significant_digit(3)
[2026-02-04T10:57:22Z DEBUG merc_symbolic::io_symbolic_lts] Parameter 4: d_K has 2 entries
[2026-02-04T10:57:22Z DEBUG merc_symbolic::io_symbolic_lts]   0:  d1
[2026-02-04T10:57:22Z DEBUG merc_symbolic::io_symbolic_lts]   1:  d2
[2026-02-04T10:57:22Z DEBUG merc_symbolic::io_symbolic_lts] Parameter 5: b_K has 2 entries
[2026-02-04T10:57:22Z DEBUG merc_symbolic::io_symbolic_lts]   0:  false
[2026-02-04T10:57:22Z DEBUG merc_symbolic::io_symbolic_lts]   1:  true
[2026-02-04T10:57:22Z DEBUG merc_symbolic::io_symbolic_lts] Parameter 6: s8_L has 4 entries
[2026-02-04T10:57:22Z DEBUG merc_symbolic::io_symbolic_lts]   0:  @most_significant_digit(1)
[2026-02-04T10:57:22Z DEBUG merc_symbolic::io_symbolic_lts]   1:  @most_significant_digit(2)
[2026-02-04T10:57:22Z DEBUG merc_symbolic::io_symbolic_lts]   2:  @most_significant_digit(4)
[2026-02-04T10:57:22Z DEBUG merc_symbolic::io_symbolic_lts]   3:  @most_significant_digit(3)
[2026-02-04T10:57:22Z DEBUG merc_symbolic::io_symbolic_lts] Parameter 7: b_L has 2 entries
[2026-02-04T10:57:22Z DEBUG merc_symbolic::io_symbolic_lts]   0:  false
[2026-02-04T10:57:22Z DEBUG merc_symbolic::io_symbolic_lts]   1:  true
[2026-02-04T10:57:22Z DEBUG merc_symbolic::io_symbolic_lts] Parameter 8: s9_R has 4 entries
[2026-02-04T10:57:22Z DEBUG merc_symbolic::io_symbolic_lts]   0:  @most_significant_digit(1)
[2026-02-04T10:57:22Z DEBUG merc_symbolic::io_symbolic_lts]   1:  @most_significant_digit(3)
[2026-02-04T10:57:22Z DEBUG merc_symbolic::io_symbolic_lts]   2:  @most_significant_digit(2)
[2026-02-04T10:57:22Z DEBUG merc_symbolic::io_symbolic_lts]   3:  @most_significant_digit(4)
[2026-02-04T10:57:22Z DEBUG merc_symbolic::io_symbolic_lts] Parameter 9: d_R has 2 entries
[2026-02-04T10:57:22Z DEBUG merc_symbolic::io_symbolic_lts]   0:  d1
[2026-02-04T10:57:22Z DEBUG merc_symbolic::io_symbolic_lts]   1:  d2
[2026-02-04T10:57:22Z DEBUG merc_symbolic::io_symbolic_lts] Parameter 10: b_R has 2 entries
[2026-02-04T10:57:22Z DEBUG merc_symbolic::io_symbolic_lts]   0:  true
[2026-02-04T10:57:22Z DEBUG merc_symbolic::io_symbolic_lts]   1:  false
[2026-02-04T10:57:22Z DEBUG merc_symbolic::io_symbolic_lts] Action 0: r1(d1)
[2026-02-04T10:57:22Z DEBUG merc_symbolic::io_symbolic_lts] Action 1: r1(d2)
[2026-02-04T10:57:22Z DEBUG merc_symbolic::io_symbolic_lts] Action 2: c2(d1, true)
[2026-02-04T10:57:22Z DEBUG merc_symbolic::io_symbolic_lts] Action 3: c2(d2, true)
[2026-02-04T10:57:22Z DEBUG merc_symbolic::io_symbolic_lts] Action 4: i
[2026-02-04T10:57:22Z DEBUG merc_symbolic::io_symbolic_lts] Action 5: c3(e)
[2026-02-04T10:57:22Z DEBUG merc_symbolic::io_symbolic_lts] Action 6: c3(d1, true)
[2026-02-04T10:57:22Z DEBUG merc_symbolic::io_symbolic_lts] Action 7: c3(d2, true)
[2026-02-04T10:57:22Z DEBUG merc_symbolic::io_symbolic_lts] Action 8: s4(d1)
[2026-02-04T10:57:22Z DEBUG merc_symbolic::io_symbolic_lts] Action 9: s4(d2)
[2026-02-04T10:57:22Z DEBUG merc_symbolic::io_symbolic_lts] Action 10: c5(false)
[2026-02-04T10:57:22Z DEBUG merc_symbolic::io_symbolic_lts] Action 11: c5(true)
[2026-02-04T10:57:22Z DEBUG merc_symbolic::io_symbolic_lts] Action 12: c6(e)
[2026-02-04T10:57:22Z DEBUG merc_symbolic::io_symbolic_lts] Action 13: c6(false)
[2026-02-04T10:57:22Z DEBUG merc_symbolic::io_symbolic_lts] Action 14: c6(true)
[2026-02-04T10:57:22Z DEBUG merc_symbolic::io_symbolic_lts] Action 15: c2(d1, false)
[2026-02-04T10:57:22Z DEBUG merc_symbolic::io_symbolic_lts] Action 16: c2(d2, false)
[2026-02-04T10:57:22Z DEBUG merc_symbolic::io_symbolic_lts] Action 17: c3(d1, false)
[2026-02-04T10:57:22Z DEBUG merc_symbolic::io_symbolic_lts] Action 18: c3(d2, false)
[2026-02-04T10:57:22Z INFO  merc_symbolic::io_symbolic_lts] Finished reading symbolic LTS.
[2026-02-04T10:57:22Z INFO  merc_symbolic::symbolic_lts_bdd] Converting symbolic LTS from LDD to BDD representation...
[2026-02-04T10:57:22Z DEBUG merc_symbolic::symbolic_lts_bdd] Determined number of bits for state variables: [2, 1, 1, 2, 1, 1, 2, 1, 2, 1, 1]
[2026-02-04T10:57:22Z DEBUG merc_symbolic::symbolic_lts_bdd] Highest action label: 18, bits: 5
[2026-02-04T10:57:22Z DEBUG merc_symbolic::symbolic_lts_bdd] Transition group 0, [0] -> [0, 1] uses number of bits [2, 2, 1, 5], and variables: [0, 2, 1, 3, 5, 30, 31, 32, 33, 34]
[2026-02-04T10:57:22Z DEBUG merc_symbolic::symbolic_lts_bdd] Transition group 1, [3, 4, 5] -> [3, 4, 5] uses number of bits [2, 2, 1, 1, 1, 1, 5], and variables: [8, 10, 9, 11, 12, 13, 14, 15, 30, 31, 32, 33, 34]
[2026-02-04T10:57:22Z DEBUG merc_symbolic::symbolic_lts_bdd] Transition group 2, [6, 7] -> [6, 7] uses number of bits [2, 2, 1, 1, 5], and variables: [16, 18, 17, 19, 20, 21, 30, 31, 32, 33, 34]
[2026-02-04T10:57:22Z DEBUG merc_symbolic::symbolic_lts_bdd] Transition group 3, [8, 9] -> [8, 9] uses number of bits [2, 2, 1, 1, 5], and variables: [22, 24, 23, 25, 26, 27, 30, 31, 32, 33, 34]
[2026-02-04T10:57:22Z DEBUG merc_symbolic::symbolic_lts_bdd] Transition group 4, [6, 8, 10] -> [6, 7, 8, 9, 10] uses number of bits [2, 2, 1, 2, 2, 1, 1, 1, 5], and variables: [16, 18, 17, 19, 21, 22, 24, 23, 25, 27, 28, 29, 30, 31, 32, 33, 34]
[2026-02-04T10:57:22Z DEBUG merc_symbolic::symbolic_lts_bdd] Transition group 5, [3, 8] -> [3, 4, 5, 8, 9] uses number of bits [2, 2, 1, 1, 2, 2, 1, 5], and variables: [8, 10, 9, 11, 13, 15, 22, 24, 23, 25, 27, 30, 31, 32, 33, 34]
[2026-02-04T10:57:22Z DEBUG merc_symbolic::symbolic_lts_bdd] Transition group 6, [3, 4, 5, 8, 10] -> [3, 4, 5, 8, 9] uses number of bits [2, 2, 1, 1, 1, 1, 2, 2, 1, 1, 5], and variables: [8, 10, 9, 11, 12, 13, 14, 15, 22, 24, 23, 25, 27, 28, 30, 31, 32, 33, 34]
[2026-02-04T10:57:22Z DEBUG merc_symbolic::symbolic_lts_bdd] Transition group 7, [0, 6] -> [0, 6, 7] uses number of bits [2, 2, 2, 2, 1, 5], and variables: [0, 2, 1, 3, 16, 18, 17, 19, 21, 30, 31, 32, 33, 34]
[2026-02-04T10:57:22Z DEBUG merc_symbolic::symbolic_lts_bdd] Transition group 8, [0, 1, 2, 3] -> [0, 3, 4, 5] uses number of bits [2, 2, 1, 1, 2, 2, 1, 1, 5], and variables: [0, 2, 1, 3, 4, 6, 8, 10, 9, 11, 13, 15, 30, 31, 32, 33, 34]
[2026-02-04T10:57:22Z DEBUG merc_symbolic::symbolic_lts_bdd] Transition group 9, [0, 1, 2, 6, 7] -> [0, 1, 2, 6, 7] uses number of bits [2, 2, 1, 1, 1, 1, 2, 2, 1, 1, 5], and variables: [0, 2, 1, 3, 4, 5, 6, 7, 16, 18, 17, 19, 20, 21, 30, 31, 32, 33, 34]
[2026-02-04T10:57:22Z DEBUG merc_symbolic::symbolic_lts_bdd] State bits [0, 2, 4, 6, 8, 10, 12, 14, 16, 18, 20, 22, 24, 26, 28], and next state bits [1, 3, 5, 7, 9, 11, 13, 15, 17, 19, 21, 23, 25, 27, 29]
[2026-02-04T10:57:22Z INFO  merc_symbolic::symbolic_lts_bdd] Finished conversion.
[2026-02-04T10:57:22Z INFO  merc_utilities::timing] Time convert_bdd: 0.002s
[2026-02-04T10:57:22Z DEBUG merc_symbolic::sigref] Number of states: 74
[2026-02-04T10:57:22Z TRACE merc_symbolic::sigref] Combined transition groups: [[0], [1, 2], [3], [4], [5], [6], [7], [8], [9]]
[2026-02-04T10:57:22Z DEBUG merc_symbolic::sigref] Number of block bits: 7
[2026-02-04T10:57:22Z TRACE merc_symbolic::sigref] Initial partition: [2, 1, 1, 3, 1, 0, 0, 0, 0, 0, 0] -> 0
    [2, 1, 1, 3, 1, 0, 0, 0, 0, 0, 1] -> 0
    [2, 1, 1, 2, 0, 0, 0, 0, 0, 0, 0] -> 0
    [2, 1, 1, 2, 0, 0, 0, 0, 0, 0, 1] -> 0
    [2, 1, 1, 1, 1, 0, 0, 0, 0, 0, 0] -> 0
    [2, 1, 1, 1, 1, 0, 0, 0, 0, 0, 1] -> 0
    [2, 1, 1, 0, 0, 0, 3, 1, 0, 0, 1] -> 0
    [2, 1, 1, 0, 0, 0, 3, 0, 0, 0, 0] -> 0
    [2, 1, 1, 0, 0, 0, 2, 0, 0, 0, 0] -> 0
    [2, 1, 1, 0, 0, 0, 2, 0, 0, 0, 1] -> 0
    [2, 1, 1, 0, 0, 0, 1, 1, 0, 0, 1] -> 0
    [2, 1, 1, 0, 0, 0, 1, 0, 0, 0, 0] -> 0
    [2, 1, 1, 0, 0, 0, 0, 0, 3, 0, 1] -> 0
    [2, 1, 1, 0, 0, 0, 0, 0, 2, 1, 1] -> 0
    [2, 1, 1, 0, 0, 0, 0, 0, 1, 0, 0] -> 0
    [2, 1, 1, 0, 0, 0, 0, 0, 1, 0, 1] -> 0
    [2, 1, 0, 3, 1, 1, 0, 0, 0, 0, 0] -> 0
    [2, 1, 0, 3, 1, 1, 0, 0, 0, 0, 1] -> 0
    [2, 1, 0, 2, 0, 0, 0, 0, 0, 0, 0] -> 0
    [2, 1, 0, 2, 0, 0, 0, 0, 0, 0, 1] -> 0
    [2, 1, 0, 1, 1, 1, 0, 0, 0, 0, 0] -> 0
    [2, 1, 0, 1, 1, 1, 0, 0, 0, 0, 1] -> 0
    [2, 1, 0, 0, 0, 0, 3, 1, 0, 0, 1] -> 0
    [2, 1, 0, 0, 0, 0, 3, 0, 0, 0, 0] -> 0
    [2, 1, 0, 0, 0, 0, 2, 0, 0, 0, 0] -> 0
    [2, 1, 0, 0, 0, 0, 2, 0, 0, 0, 1] -> 0
    [2, 1, 0, 0, 0, 0, 1, 1, 0, 0, 1] -> 0
    [2, 1, 0, 0, 0, 0, 1, 0, 0, 0, 0] -> 0
    [2, 1, 0, 0, 0, 0, 0, 0, 3, 0, 0] -> 0
    [2, 1, 0, 0, 0, 0, 0, 0, 2, 1, 0] -> 0
    [2, 1, 0, 0, 0, 0, 0, 0, 1, 0, 0] -> 0
    [2, 1, 0, 0, 0, 0, 0, 0, 1, 0, 1] -> 0
    [2, 0, 1, 2, 0, 0, 0, 0, 0, 0, 0] -> 0
    [2, 0, 1, 3, 0, 0, 0, 0, 0, 0, 0] -> 0
    [2, 0, 1, 2, 0, 0, 0, 0, 0, 0, 1] -> 0
    [2, 0, 1, 3, 0, 0, 0, 0, 0, 0, 1] -> 0
    [2, 0, 1, 1, 0, 0, 0, 0, 0, 0, 0] -> 0
    [2, 0, 1, 1, 0, 0, 0, 0, 0, 0, 1] -> 0
    [2, 0, 1, 0, 0, 0, 3, 1, 0, 0, 1] -> 0
    [2, 0, 1, 0, 0, 0, 3, 0, 0, 0, 0] -> 0
    [2, 0, 1, 0, 0, 0, 2, 0, 0, 0, 0] -> 0
    [2, 0, 1, 0, 0, 0, 2, 0, 0, 0, 1] -> 0
    [2, 0, 1, 0, 0, 0, 1, 1, 0, 0, 1] -> 0
    [2, 0, 1, 0, 0, 0, 1, 0, 0, 0, 0] -> 0
    [2, 0, 1, 0, 0, 0, 0, 0, 2, 0, 1] -> 0
    [2, 0, 1, 0, 0, 0, 0, 0, 3, 0, 1] -> 0
    [2, 0, 1, 0, 0, 0, 0, 0, 1, 0, 0] -> 0
    [2, 0, 1, 0, 0, 0, 0, 0, 1, 0, 1] -> 0
    [2, 0, 0, 3, 0, 1, 0, 0, 0, 0, 0] -> 0
    [2, 0, 0, 3, 0, 1, 0, 0, 0, 0, 1] -> 0
    [2, 0, 0, 2, 0, 0, 0, 0, 0, 0, 0] -> 0
    [2, 0, 0, 2, 0, 0, 0, 0, 0, 0, 1] -> 0
    [2, 0, 0, 1, 0, 1, 0, 0, 0, 0, 0] -> 0
    [2, 0, 0, 1, 0, 1, 0, 0, 0, 0, 1] -> 0
    [2, 0, 0, 0, 0, 0, 3, 1, 0, 0, 1] -> 0
    [2, 0, 0, 0, 0, 0, 3, 0, 0, 0, 0] -> 0
    [2, 0, 0, 0, 0, 0, 2, 0, 0, 0, 0] -> 0
    [2, 0, 0, 0, 0, 0, 2, 0, 0, 0, 1] -> 0
    [2, 0, 0, 0, 0, 0, 1, 1, 0, 0, 1] -> 0
    [2, 0, 0, 0, 0, 0, 1, 0, 0, 0, 0] -> 0
    [2, 0, 0, 0, 0, 0, 0, 0, 2, 0, 0] -> 0
    [2, 0, 0, 0, 0, 0, 0, 0, 3, 0, 0] -> 0
    [2, 0, 0, 0, 0, 0, 0, 0, 1, 0, 0] -> 0
    [2, 0, 0, 0, 0, 0, 0, 0, 1, 0, 1] -> 0
    [1, 0, 0, 0, 0, 0, 0, 0, 0, 0, 0] -> 0
    [1, 1, 0, 0, 0, 0, 0, 0, 0, 0, 0] -> 0
    [1, 0, 1, 0, 0, 0, 0, 0, 0, 0, 0] -> 0
    [1, 1, 1, 0, 0, 0, 0, 0, 0, 0, 0] -> 0
    [1, 0, 0, 0, 0, 0, 0, 0, 0, 0, 1] -> 0
    [1, 1, 0, 0, 0, 0, 0, 0, 0, 0, 1] -> 0
    [1, 0, 1, 0, 0, 0, 0, 0, 0, 0, 1] -> 0
    [1, 1, 1, 0, 0, 0, 0, 0, 0, 0, 1] -> 0
    [0, 0, 1, 0, 0, 0, 0, 0, 0, 0, 1] -> 0
    [0, 0, 0, 0, 0, 0, 0, 0, 0, 0, 0] -> 0
[2026-02-04T10:57:22Z TRACE merc_symbolic::sigref] Iteration 0 (0 blocks)
[2026-02-04T10:57:22Z INFO  merc_utilities::timing] Time signature_or: 0.000s
[2026-02-04T10:57:22Z INFO  merc_utilities::timing] Time signature: 0.000s
[2026-02-04T10:57:22Z TRACE merc_symbolic::sigref] Signature at iteration 0: [0, 0, 0, 0, 0, 0, 0, 0, 0, 0, 0] -> (0, 0)
    [0, 1, 0, 0, 0, 0, 0, 0, 0, 0, 0] -> (0, 0)
    [0, 0, 1, 0, 0, 0, 0, 0, 0, 0, 0] -> (0, 0)
    [0, 1, 1, 0, 0, 0, 0, 0, 0, 0, 0] -> (0, 0)
    [0, 0, 0, 0, 0, 0, 0, 0, 0, 0, 1] -> (0, 0)
    [0, 1, 0, 0, 0, 0, 0, 0, 0, 0, 1] -> (0, 0)
    [0, 0, 1, 0, 0, 0, 0, 0, 0, 0, 1] -> (0, 0)
    [0, 1, 1, 0, 0, 0, 0, 0, 0, 0, 1] -> (0, 0)
    [0, 0, 0, 0, 0, 0, 0, 0, 0, 0, 0] -> (1, 0)
    [0, 1, 0, 0, 0, 0, 0, 0, 0, 0, 0] -> (1, 0)
    [0, 0, 1, 0, 0, 0, 0, 0, 0, 0, 0] -> (1, 0)
    [0, 1, 1, 0, 0, 0, 0, 0, 0, 0, 0] -> (1, 0)
    [0, 0, 0, 0, 0, 0, 0, 0, 0, 0, 1] -> (1, 0)
    [0, 1, 0, 0, 0, 0, 0, 0, 0, 0, 1] -> (1, 0)
    [0, 0, 1, 0, 0, 0, 0, 0, 0, 0, 1] -> (1, 0)
    [0, 1, 1, 0, 0, 0, 0, 0, 0, 0, 1] -> (1, 0)
[2026-02-04T10:57:22Z TRACE merc_symbolic::sigref] Creating new block 0
[2026-02-04T10:57:22Z TRACE merc_symbolic::sigref] Creating new block 1
[2026-02-04T10:57:22Z INFO  merc_utilities::timing] Time refine: 0.000s
[2026-02-04T10:57:22Z TRACE merc_symbolic::sigref] Partition at iteration 0: [2, 1, 1, 3, 1, 0, 0, 0, 0, 0, 0] -> 1
    [2, 1, 1, 3, 1, 0, 0, 0, 0, 0, 1] -> 1
    [2, 1, 1, 2, 0, 0, 0, 0, 0, 0, 0] -> 1
    [2, 1, 1, 2, 0, 0, 0, 0, 0, 0, 1] -> 1
    [2, 1, 1, 1, 1, 0, 0, 0, 0, 0, 0] -> 1
    [2, 1, 1, 1, 1, 0, 0, 0, 0, 0, 1] -> 1
    [2, 1, 1, 0, 0, 0, 3, 1, 0, 0, 1] -> 1
    [2, 1, 1, 0, 0, 0, 3, 0, 0, 0, 0] -> 1
    [2, 1, 1, 0, 0, 0, 2, 0, 0, 0, 0] -> 1
    [2, 1, 1, 0, 0, 0, 2, 0, 0, 0, 1] -> 1
    [2, 1, 1, 0, 0, 0, 1, 1, 0, 0, 1] -> 1
    [2, 1, 1, 0, 0, 0, 1, 0, 0, 0, 0] -> 1
    [2, 1, 1, 0, 0, 0, 0, 0, 3, 0, 1] -> 1
    [2, 1, 1, 0, 0, 0, 0, 0, 2, 1, 1] -> 1
    [2, 1, 1, 0, 0, 0, 0, 0, 1, 0, 0] -> 1
    [2, 1, 1, 0, 0, 0, 0, 0, 1, 0, 1] -> 1
    [2, 1, 0, 3, 1, 1, 0, 0, 0, 0, 0] -> 1
    [2, 1, 0, 3, 1, 1, 0, 0, 0, 0, 1] -> 1
    [2, 1, 0, 2, 0, 0, 0, 0, 0, 0, 0] -> 1
    [2, 1, 0, 2, 0, 0, 0, 0, 0, 0, 1] -> 1
    [2, 1, 0, 1, 1, 1, 0, 0, 0, 0, 0] -> 1
    [2, 1, 0, 1, 1, 1, 0, 0, 0, 0, 1] -> 1
    [2, 1, 0, 0, 0, 0, 3, 1, 0, 0, 1] -> 1
    [2, 1, 0, 0, 0, 0, 3, 0, 0, 0, 0] -> 1
    [2, 1, 0, 0, 0, 0, 2, 0, 0, 0, 0] -> 1
    [2, 1, 0, 0, 0, 0, 2, 0, 0, 0, 1] -> 1
    [2, 1, 0, 0, 0, 0, 1, 1, 0, 0, 1] -> 1
    [2, 1, 0, 0, 0, 0, 1, 0, 0, 0, 0] -> 1
    [2, 1, 0, 0, 0, 0, 0, 0, 3, 0, 0] -> 1
    [2, 1, 0, 0, 0, 0, 0, 0, 2, 1, 0] -> 1
    [2, 1, 0, 0, 0, 0, 0, 0, 1, 0, 0] -> 1
    [2, 1, 0, 0, 0, 0, 0, 0, 1, 0, 1] -> 1
    [2, 0, 1, 2, 0, 0, 0, 0, 0, 0, 0] -> 1
    [2, 0, 1, 3, 0, 0, 0, 0, 0, 0, 0] -> 1
    [2, 0, 1, 2, 0, 0, 0, 0, 0, 0, 1] -> 1
    [2, 0, 1, 3, 0, 0, 0, 0, 0, 0, 1] -> 1
    [2, 0, 1, 1, 0, 0, 0, 0, 0, 0, 0] -> 1
    [2, 0, 1, 1, 0, 0, 0, 0, 0, 0, 1] -> 1
    [2, 0, 1, 0, 0, 0, 3, 1, 0, 0, 1] -> 1
    [2, 0, 1, 0, 0, 0, 3, 0, 0, 0, 0] -> 1
    [2, 0, 1, 0, 0, 0, 2, 0, 0, 0, 0] -> 1
    [2, 0, 1, 0, 0, 0, 2, 0, 0, 0, 1] -> 1
    [2, 0, 1, 0, 0, 0, 1, 1, 0, 0, 1] -> 1
    [2, 0, 1, 0, 0, 0, 1, 0, 0, 0, 0] -> 1
    [2, 0, 1, 0, 0, 0, 0, 0, 2, 0, 1] -> 1
    [2, 0, 1, 0, 0, 0, 0, 0, 3, 0, 1] -> 1
    [2, 0, 1, 0, 0, 0, 0, 0, 1, 0, 0] -> 1
    [2, 0, 1, 0, 0, 0, 0, 0, 1, 0, 1] -> 1
    [2, 0, 0, 3, 0, 1, 0, 0, 0, 0, 0] -> 1
    [2, 0, 0, 3, 0, 1, 0, 0, 0, 0, 1] -> 1
    [2, 0, 0, 2, 0, 0, 0, 0, 0, 0, 0] -> 1
    [2, 0, 0, 2, 0, 0, 0, 0, 0, 0, 1] -> 1
    [2, 0, 0, 1, 0, 1, 0, 0, 0, 0, 0] -> 1
    [2, 0, 0, 1, 0, 1, 0, 0, 0, 0, 1] -> 1
    [2, 0, 0, 0, 0, 0, 3, 1, 0, 0, 1] -> 1
    [2, 0, 0, 0, 0, 0, 3, 0, 0, 0, 0] -> 1
    [2, 0, 0, 0, 0, 0, 2, 0, 0, 0, 0] -> 1
    [2, 0, 0, 0, 0, 0, 2, 0, 0, 0, 1] -> 1
    [2, 0, 0, 0, 0, 0, 1, 1, 0, 0, 1] -> 1
    [2, 0, 0, 0, 0, 0, 1, 0, 0, 0, 0] -> 1
    [2, 0, 0, 0, 0, 0, 0, 0, 2, 0, 0] -> 1
    [2, 0, 0, 0, 0, 0, 0, 0, 3, 0, 0] -> 1
    [2, 0, 0, 0, 0, 0, 0, 0, 1, 0, 0] -> 1
    [2, 0, 0, 0, 0, 0, 0, 0, 1, 0, 1] -> 1
    [1, 0, 0, 0, 0, 0, 0, 0, 0, 0, 0] -> 1
    [1, 1, 0, 0, 0, 0, 0, 0, 0, 0, 0] -> 1
    [1, 0, 1, 0, 0, 0, 0, 0, 0, 0, 0] -> 1
    [1, 1, 1, 0, 0, 0, 0, 0, 0, 0, 0] -> 1
    [1, 0, 0, 0, 0, 0, 0, 0, 0, 0, 1] -> 1
    [1, 1, 0, 0, 0, 0, 0, 0, 0, 0, 1] -> 1
    [1, 0, 1, 0, 0, 0, 0, 0, 0, 0, 1] -> 1
    [1, 1, 1, 0, 0, 0, 0, 0, 0, 0, 1] -> 1
    [0, 0, 1, 0, 0, 0, 0, 0, 0, 0, 1] -> 0
    [0, 0, 0, 0, 0, 0, 0, 0, 0, 0, 0] -> 0
[2026-02-04T10:57:22Z TRACE merc_symbolic::sigref] Iteration 1 (2 blocks)
[2026-02-04T10:57:22Z INFO  merc_utilities::timing] Time signature_or: 0.000s
[2026-02-04T10:57:22Z INFO  merc_utilities::timing] Time signature_or: 0.000s
[2026-02-04T10:57:22Z INFO  merc_utilities::timing] Time signature: 0.000s
[2026-02-04T10:57:22Z TRACE merc_symbolic::sigref] Signature at iteration 1: [2, 0, 0, 1, 0, 0, 0, 0, 0, 0, 0] -> (4, 1)
    [2, 1, 0, 1, 0, 0, 0, 0, 0, 0, 0] -> (4, 1)
    [2, 0, 1, 1, 0, 0, 0, 0, 0, 0, 0] -> (4, 1)
    [2, 1, 1, 1, 0, 0, 0, 0, 0, 0, 0] -> (4, 1)
    [2, 0, 0, 1, 1, 0, 0, 0, 0, 0, 0] -> (4, 1)
    [2, 1, 0, 1, 1, 0, 0, 0, 0, 0, 0] -> (4, 1)
    [2, 0, 1, 1, 1, 0, 0, 0, 0, 0, 0] -> (4, 1)
    [2, 1, 1, 1, 1, 0, 0, 0, 0, 0, 0] -> (4, 1)
    [2, 0, 0, 1, 0, 1, 0, 0, 0, 0, 0] -> (4, 1)
    [2, 1, 0, 1, 0, 1, 0, 0, 0, 0, 0] -> (4, 1)
    [2, 0, 1, 1, 0, 1, 0, 0, 0, 0, 0] -> (4, 1)
    [2, 1, 1, 1, 0, 1, 0, 0, 0, 0, 0] -> (4, 1)
    [2, 0, 0, 1, 1, 1, 0, 0, 0, 0, 0] -> (4, 1)
    [2, 1, 0, 1, 1, 1, 0, 0, 0, 0, 0] -> (4, 1)
    [2, 0, 1, 1, 1, 1, 0, 0, 0, 0, 0] -> (4, 1)
    [2, 1, 1, 1, 1, 1, 0, 0, 0, 0, 0] -> (4, 1)
    [2, 0, 0, 1, 0, 0, 0, 0, 0, 0, 1] -> (4, 1)
    [2, 1, 0, 1, 0, 0, 0, 0, 0, 0, 1] -> (4, 1)
    [2, 0, 1, 1, 0, 0, 0, 0, 0, 0, 1] -> (4, 1)
    [2, 1, 1, 1, 0, 0, 0, 0, 0, 0, 1] -> (4, 1)
    [2, 0, 0, 1, 1, 0, 0, 0, 0, 0, 1] -> (4, 1)
    [2, 1, 0, 1, 1, 0, 0, 0, 0, 0, 1] -> (4, 1)
    [2, 0, 1, 1, 1, 0, 0, 0, 0, 0, 1] -> (4, 1)
    [2, 1, 1, 1, 1, 0, 0, 0, 0, 0, 1] -> (4, 1)
    [2, 0, 0, 1, 0, 1, 0, 0, 0, 0, 1] -> (4, 1)
    [2, 1, 0, 1, 0, 1, 0, 0, 0, 0, 1] -> (4, 1)
    [2, 0, 1, 1, 0, 1, 0, 0, 0, 0, 1] -> (4, 1)
    [2, 1, 1, 1, 0, 1, 0, 0, 0, 0, 1] -> (4, 1)
    [2, 0, 0, 1, 1, 1, 0, 0, 0, 0, 1] -> (4, 1)
    [2, 1, 0, 1, 1, 1, 0, 0, 0, 0, 1] -> (4, 1)
    [2, 0, 1, 1, 1, 1, 0, 0, 0, 0, 1] -> (4, 1)
    [2, 1, 1, 1, 1, 1, 0, 0, 0, 0, 1] -> (4, 1)
    [2, 0, 0, 0, 0, 0, 1, 0, 0, 0, 0] -> (4, 1)
    [2, 1, 0, 0, 0, 0, 1, 0, 0, 0, 0] -> (4, 1)
    [2, 0, 1, 0, 0, 0, 1, 0, 0, 0, 0] -> (4, 1)
    [2, 1, 1, 0, 0, 0, 1, 0, 0, 0, 0] -> (4, 1)
    [2, 0, 0, 0, 0, 0, 1, 1, 0, 0, 0] -> (4, 1)
    [2, 1, 0, 0, 0, 0, 1, 1, 0, 0, 0] -> (4, 1)
    [2, 0, 1, 0, 0, 0, 1, 1, 0, 0, 0] -> (4, 1)
    [2, 1, 1, 0, 0, 0, 1, 1, 0, 0, 0] -> (4, 1)
    [2, 0, 0, 0, 0, 0, 1, 0, 0, 0, 1] -> (4, 1)
    [2, 1, 0, 0, 0, 0, 1, 0, 0, 0, 1] -> (4, 1)
    [2, 0, 1, 0, 0, 0, 1, 0, 0, 0, 1] -> (4, 1)
    [2, 1, 1, 0, 0, 0, 1, 0, 0, 0, 1] -> (4, 1)
    [2, 0, 0, 0, 0, 0, 1, 1, 0, 0, 1] -> (4, 1)
    [2, 1, 0, 0, 0, 0, 1, 1, 0, 0, 1] -> (4, 1)
    [2, 0, 1, 0, 0, 0, 1, 1, 0, 0, 1] -> (4, 1)
    [2, 1, 1, 0, 0, 0, 1, 1, 0, 0, 1] -> (4, 1)
[2026-02-04T10:57:22Z TRACE merc_symbolic::sigref] Creating new block 0
[2026-02-04T10:57:22Z TRACE merc_symbolic::sigref] Creating new block 1
[2026-02-04T10:57:22Z TRACE merc_symbolic::sigref] Creating new block 2
[2026-02-04T10:57:22Z INFO  merc_utilities::timing] Time refine: 0.000s
[2026-02-04T10:57:22Z TRACE merc_symbolic::sigref] Partition at iteration 1: [2, 1, 1, 3, 1, 0, 0, 0, 0, 0, 0] -> 1
    [2, 1, 1, 3, 1, 0, 0, 0, 0, 0, 1] -> 1
    [2, 1, 1, 2, 0, 0, 0, 0, 0, 0, 0] -> 1
    [2, 1, 1, 2, 0, 0, 0, 0, 0, 0, 1] -> 1
    [2, 1, 1, 1, 1, 0, 0, 0, 0, 0, 0] -> 2
    [2, 1, 1, 1, 1, 0, 0, 0, 0, 0, 1] -> 2
    [2, 1, 1, 0, 0, 0, 3, 1, 0, 0, 1] -> 1
    [2, 1, 1, 0, 0, 0, 3, 0, 0, 0, 0] -> 1
    [2, 1, 1, 0, 0, 0, 2, 0, 0, 0, 0] -> 1
    [2, 1, 1, 0, 0, 0, 2, 0, 0, 0, 1] -> 1
    [2, 1, 1, 0, 0, 0, 1, 1, 0, 0, 1] -> 2
    [2, 1, 1, 0, 0, 0, 1, 0, 0, 0, 0] -> 2
    [2, 1, 1, 0, 0, 0, 0, 0, 3, 0, 1] -> 1
    [2, 1, 1, 0, 0, 0, 0, 0, 2, 1, 1] -> 1
    [2, 1, 1, 0, 0, 0, 0, 0, 1, 0, 0] -> 1
    [2, 1, 1, 0, 0, 0, 0, 0, 1, 0, 1] -> 1
    [2, 1, 0, 3, 1, 1, 0, 0, 0, 0, 0] -> 1
    [2, 1, 0, 3, 1, 1, 0, 0, 0, 0, 1] -> 1
    [2, 1, 0, 2, 0, 0, 0, 0, 0, 0, 0] -> 1
    [2, 1, 0, 2, 0, 0, 0, 0, 0, 0, 1] -> 1
    [2, 1, 0, 1, 1, 1, 0, 0, 0, 0, 0] -> 2
    [2, 1, 0, 1, 1, 1, 0, 0, 0, 0, 1] -> 2
    [2, 1, 0, 0, 0, 0, 3, 1, 0, 0, 1] -> 1
    [2, 1, 0, 0, 0, 0, 3, 0, 0, 0, 0] -> 1
    [2, 1, 0, 0, 0, 0, 2, 0, 0, 0, 0] -> 1
    [2, 1, 0, 0, 0, 0, 2, 0, 0, 0, 1] -> 1
    [2, 1, 0, 0, 0, 0, 1, 1, 0, 0, 1] -> 2
    [2, 1, 0, 0, 0, 0, 1, 0, 0, 0, 0] -> 2
    [2, 1, 0, 0, 0, 0, 0, 0, 3, 0, 0] -> 1
    [2, 1, 0, 0, 0, 0, 0, 0, 2, 1, 0] -> 1
    [2, 1, 0, 0, 0, 0, 0, 0, 1, 0, 0] -> 1
    [2, 1, 0, 0, 0, 0, 0, 0, 1, 0, 1] -> 1
    [2, 0, 1, 2, 0, 0, 0, 0, 0, 0, 0] -> 1
    [2, 0, 1, 3, 0, 0, 0, 0, 0, 0, 0] -> 1
    [2, 0, 1, 2, 0, 0, 0, 0, 0, 0, 1] -> 1
    [2, 0, 1, 3, 0, 0, 0, 0, 0, 0, 1] -> 1
    [2, 0, 1, 1, 0, 0, 0, 0, 0, 0, 0] -> 2
    [2, 0, 1, 1, 0, 0, 0, 0, 0, 0, 1] -> 2
    [2, 0, 1, 0, 0, 0, 3, 1, 0, 0, 1] -> 1
    [2, 0, 1, 0, 0, 0, 3, 0, 0, 0, 0] -> 1
    [2, 0, 1, 0, 0, 0, 2, 0, 0, 0, 0] -> 1
    [2, 0, 1, 0, 0, 0, 2, 0, 0, 0, 1] -> 1
    [2, 0, 1, 0, 0, 0, 1, 1, 0, 0, 1] -> 2
    [2, 0, 1, 0, 0, 0, 1, 0, 0, 0, 0] -> 2
    [2, 0, 1, 0, 0, 0, 0, 0, 2, 0, 1] -> 1
    [2, 0, 1, 0, 0, 0, 0, 0, 3, 0, 1] -> 1
    [2, 0, 1, 0, 0, 0, 0, 0, 1, 0, 0] -> 1
    [2, 0, 1, 0, 0, 0, 0, 0, 1, 0, 1] -> 1
    [2, 0, 0, 3, 0, 1, 0, 0, 0, 0, 0] -> 1
    [2, 0, 0, 3, 0, 1, 0, 0, 0, 0, 1] -> 1
    [2, 0, 0, 2, 0, 0, 0, 0, 0, 0, 0] -> 1
    [2, 0, 0, 2, 0, 0, 0, 0, 0, 0, 1] -> 1
    [2, 0, 0, 1, 0, 1, 0, 0, 0, 0, 0] -> 2
    [2, 0, 0, 1, 0, 1, 0, 0, 0, 0, 1] -> 2
    [2, 0, 0, 0, 0, 0, 3, 1, 0, 0, 1] -> 1
    [2, 0, 0, 0, 0, 0, 3, 0, 0, 0, 0] -> 1
    [2, 0, 0, 0, 0, 0, 2, 0, 0, 0, 0] -> 1
    [2, 0, 0, 0, 0, 0, 2, 0, 0, 0, 1] -> 1
    [2, 0, 0, 0, 0, 0, 1, 1, 0, 0, 1] -> 2
    [2, 0, 0, 0, 0, 0, 1, 0, 0, 0, 0] -> 2
    [2, 0, 0, 0, 0, 0, 0, 0, 2, 0, 0] -> 1
    [2, 0, 0, 0, 0, 0, 0, 0, 3, 0, 0] -> 1
    [2, 0, 0, 0, 0, 0, 0, 0, 1, 0, 0] -> 1
    [2, 0, 0, 0, 0, 0, 0, 0, 1, 0, 1] -> 1
    [1, 0, 0, 0, 0, 0, 0, 0, 0, 0, 0] -> 1
    [1, 1, 0, 0, 0, 0, 0, 0, 0, 0, 0] -> 1
    [1, 0, 1, 0, 0, 0, 0, 0, 0, 0, 0] -> 1
    [1, 1, 1, 0, 0, 0, 0, 0, 0, 0, 0] -> 1
    [1, 0, 0, 0, 0, 0, 0, 0, 0, 0, 1] -> 1
    [1, 1, 0, 0, 0, 0, 0, 0, 0, 0, 1] -> 1
    [1, 0, 1, 0, 0, 0, 0, 0, 0, 0, 1] -> 1
    [1, 1, 1, 0, 0, 0, 0, 0, 0, 0, 1] -> 1
    [0, 0, 1, 0, 0, 0, 0, 0, 0, 0, 1] -> 0
    [0, 0, 0, 0, 0, 0, 0, 0, 0, 0, 0] -> 0
[2026-02-04T10:57:22Z TRACE merc_symbolic::sigref] Iteration 2 (3 blocks)
[2026-02-04T10:57:22Z INFO  merc_utilities::timing] Time signature_or: 0.000s
[2026-02-04T10:57:22Z INFO  merc_utilities::timing] Time signature: 0.000s
[2026-02-04T10:57:22Z TRACE merc_symbolic::sigref] Signature at iteration 2: [2, 0, 1, 0, 0, 0, 0, 0, 2, 1, 1] -> (9, 1)
    [2, 1, 1, 0, 0, 0, 0, 0, 2, 1, 1] -> (9, 1)
    [2, 0, 1, 0, 0, 0, 0, 0, 2, 0, 1] -> (8, 1)
    [2, 1, 1, 0, 0, 0, 0, 0, 2, 0, 1] -> (8, 1)
    [2, 0, 0, 0, 0, 0, 0, 0, 2, 1, 0] -> (9, 1)
    [2, 1, 0, 0, 0, 0, 0, 0, 2, 1, 0] -> (9, 1)
    [2, 0, 0, 0, 0, 0, 0, 0, 2, 0, 0] -> (8, 1)
    [2, 1, 0, 0, 0, 0, 0, 0, 2, 0, 0] -> (8, 1)
[2026-02-04T10:57:22Z TRACE merc_symbolic::sigref] Creating new block 0
[2026-02-04T10:57:22Z TRACE merc_symbolic::sigref] Creating new block 1
[2026-02-04T10:57:22Z TRACE merc_symbolic::sigref] Creating new block 2
[2026-02-04T10:57:22Z TRACE merc_symbolic::sigref] Creating new block 3
[2026-02-04T10:57:22Z TRACE merc_symbolic::sigref] Creating new block 4
[2026-02-04T10:57:22Z INFO  merc_utilities::timing] Time refine: 0.000s
[2026-02-04T10:57:22Z TRACE merc_symbolic::sigref] Partition at iteration 2: [2, 1, 1, 3, 1, 0, 0, 0, 0, 0, 0] -> 1
    [2, 1, 1, 3, 1, 0, 0, 0, 0, 0, 1] -> 1
    [2, 1, 1, 2, 0, 0, 0, 0, 0, 0, 0] -> 1
    [2, 1, 1, 2, 0, 0, 0, 0, 0, 0, 1] -> 1
    [2, 1, 1, 1, 1, 0, 0, 0, 0, 0, 0] -> 3
    [2, 1, 1, 1, 1, 0, 0, 0, 0, 0, 1] -> 3
    [2, 1, 1, 0, 0, 0, 3, 1, 0, 0, 1] -> 1
    [2, 1, 1, 0, 0, 0, 3, 0, 0, 0, 0] -> 1
    [2, 1, 1, 0, 0, 0, 2, 0, 0, 0, 0] -> 1
    [2, 1, 1, 0, 0, 0, 2, 0, 0, 0, 1] -> 1
    [2, 1, 1, 0, 0, 0, 1, 1, 0, 0, 1] -> 3
    [2, 1, 1, 0, 0, 0, 1, 0, 0, 0, 0] -> 3
    [2, 1, 1, 0, 0, 0, 0, 0, 3, 0, 1] -> 1
    [2, 1, 1, 0, 0, 0, 0, 0, 2, 1, 1] -> 4
    [2, 1, 1, 0, 0, 0, 0, 0, 1, 0, 0] -> 1
    [2, 1, 1, 0, 0, 0, 0, 0, 1, 0, 1] -> 1
    [2, 1, 0, 3, 1, 1, 0, 0, 0, 0, 0] -> 1
    [2, 1, 0, 3, 1, 1, 0, 0, 0, 0, 1] -> 1
    [2, 1, 0, 2, 0, 0, 0, 0, 0, 0, 0] -> 1
    [2, 1, 0, 2, 0, 0, 0, 0, 0, 0, 1] -> 1
    [2, 1, 0, 1, 1, 1, 0, 0, 0, 0, 0] -> 3
    [2, 1, 0, 1, 1, 1, 0, 0, 0, 0, 1] -> 3
    [2, 1, 0, 0, 0, 0, 3, 1, 0, 0, 1] -> 1
    [2, 1, 0, 0, 0, 0, 3, 0, 0, 0, 0] -> 1
    [2, 1, 0, 0, 0, 0, 2, 0, 0, 0, 0] -> 1
    [2, 1, 0, 0, 0, 0, 2, 0, 0, 0, 1] -> 1
    [2, 1, 0, 0, 0, 0, 1, 1, 0, 0, 1] -> 3
    [2, 1, 0, 0, 0, 0, 1, 0, 0, 0, 0] -> 3
    [2, 1, 0, 0, 0, 0, 0, 0, 3, 0, 0] -> 1
    [2, 1, 0, 0, 0, 0, 0, 0, 2, 1, 0] -> 4
    [2, 1, 0, 0, 0, 0, 0, 0, 1, 0, 0] -> 1
    [2, 1, 0, 0, 0, 0, 0, 0, 1, 0, 1] -> 1
    [2, 0, 1, 2, 0, 0, 0, 0, 0, 0, 0] -> 1
    [2, 0, 1, 3, 0, 0, 0, 0, 0, 0, 0] -> 1
    [2, 0, 1, 2, 0, 0, 0, 0, 0, 0, 1] -> 1
    [2, 0, 1, 3, 0, 0, 0, 0, 0, 0, 1] -> 1
    [2, 0, 1, 1, 0, 0, 0, 0, 0, 0, 0] -> 3
    [2, 0, 1, 1, 0, 0, 0, 0, 0, 0, 1] -> 3
    [2, 0, 1, 0, 0, 0, 3, 1, 0, 0, 1] -> 1
    [2, 0, 1, 0, 0, 0, 3, 0, 0, 0, 0] -> 1
    [2, 0, 1, 0, 0, 0, 2, 0, 0, 0, 0] -> 1
    [2, 0, 1, 0, 0, 0, 2, 0, 0, 0, 1] -> 1
    [2, 0, 1, 0, 0, 0, 1, 1, 0, 0, 1] -> 3
    [2, 0, 1, 0, 0, 0, 1, 0, 0, 0, 0] -> 3
    [2, 0, 1, 0, 0, 0, 0, 0, 3, 0, 1] -> 1
    [2, 0, 1, 0, 0, 0, 0, 0, 2, 0, 1] -> 2
    [2, 0, 1, 0, 0, 0, 0, 0, 1, 0, 0] -> 1
    [2, 0, 1, 0, 0, 0, 0, 0, 1, 0, 1] -> 1
    [2, 0, 0, 3, 0, 1, 0, 0, 0, 0, 0] -> 1
    [2, 0, 0, 3, 0, 1, 0, 0, 0, 0, 1] -> 1
    [2, 0, 0, 2, 0, 0, 0, 0, 0, 0, 0] -> 1
    [2, 0, 0, 2, 0, 0, 0, 0, 0, 0, 1] -> 1
    [2, 0, 0, 1, 0, 1, 0, 0, 0, 0, 0] -> 3
    [2, 0, 0, 1, 0, 1, 0, 0, 0, 0, 1] -> 3
    [2, 0, 0, 0, 0, 0, 3, 1, 0, 0, 1] -> 1
    [2, 0, 0, 0, 0, 0, 3, 0, 0, 0, 0] -> 1
    [2, 0, 0, 0, 0, 0, 2, 0, 0, 0, 0] -> 1
    [2, 0, 0, 0, 0, 0, 2, 0, 0, 0, 1] -> 1
    [2, 0, 0, 0, 0, 0, 1, 1, 0, 0, 1] -> 3
    [2, 0, 0, 0, 0, 0, 1, 0, 0, 0, 0] -> 3
    [2, 0, 0, 0, 0, 0, 0, 0, 3, 0, 0] -> 1
    [2, 0, 0, 0, 0, 0, 0, 0, 2, 0, 0] -> 2
    [2, 0, 0, 0, 0, 0, 0, 0, 1, 0, 0] -> 1
    [2, 0, 0, 0, 0, 0, 0, 0, 1, 0, 1] -> 1
    [1, 0, 0, 0, 0, 0, 0, 0, 0, 0, 0] -> 1
    [1, 1, 0, 0, 0, 0, 0, 0, 0, 0, 0] -> 1
    [1, 0, 1, 0, 0, 0, 0, 0, 0, 0, 0] -> 1
    [1, 1, 1, 0, 0, 0, 0, 0, 0, 0, 0] -> 1
    [1, 0, 0, 0, 0, 0, 0, 0, 0, 0, 1] -> 1
    [1, 1, 0, 0, 0, 0, 0, 0, 0, 0, 1] -> 1
    [1, 0, 1, 0, 0, 0, 0, 0, 0, 0, 1] -> 1
    [1, 1, 1, 0, 0, 0, 0, 0, 0, 0, 1] -> 1
    [0, 0, 1, 0, 0, 0, 0, 0, 0, 0, 1] -> 0
    [0, 0, 0, 0, 0, 0, 0, 0, 0, 0, 0] -> 0
[2026-02-04T10:57:22Z TRACE merc_symbolic::sigref] Iteration 3 (5 blocks)
[2026-02-04T10:57:22Z INFO  merc_utilities::timing] Time signature_or: 0.000s
[2026-02-04T10:57:22Z INFO  merc_utilities::timing] Time signature: 0.000s
[2026-02-04T10:57:22Z TRACE merc_symbolic::sigref] Signature at iteration 3: [2, 0, 0, 0, 0, 0, 0, 0, 3, 0, 1] -> (10, 3)
    [2, 1, 0, 0, 0, 0, 0, 0, 3, 0, 1] -> (10, 3)
    [2, 0, 1, 0, 0, 0, 0, 0, 3, 0, 1] -> (10, 3)
    [2, 1, 1, 0, 0, 0, 0, 0, 3, 0, 1] -> (10, 3)
    [2, 0, 0, 0, 0, 0, 0, 1, 3, 0, 1] -> (10, 3)
    [2, 1, 0, 0, 0, 0, 0, 1, 3, 0, 1] -> (10, 3)
    [2, 0, 1, 0, 0, 0, 0, 1, 3, 0, 1] -> (10, 3)
    [2, 1, 1, 0, 0, 0, 0, 1, 3, 0, 1] -> (10, 3)
    [2, 0, 0, 0, 0, 0, 0, 0, 3, 1, 1] -> (10, 3)
    [2, 1, 0, 0, 0, 0, 0, 0, 3, 1, 1] -> (10, 3)
    [2, 0, 1, 0, 0, 0, 0, 0, 3, 1, 1] -> (10, 3)
    [2, 1, 1, 0, 0, 0, 0, 0, 3, 1, 1] -> (10, 3)
    [2, 0, 0, 0, 0, 0, 0, 1, 3, 1, 1] -> (10, 3)
    [2, 1, 0, 0, 0, 0, 0, 1, 3, 1, 1] -> (10, 3)
    [2, 0, 1, 0, 0, 0, 0, 1, 3, 1, 1] -> (10, 3)
    [2, 1, 1, 0, 0, 0, 0, 1, 3, 1, 1] -> (10, 3)
    [2, 0, 0, 0, 0, 0, 0, 0, 3, 0, 0] -> (11, 3)
    [2, 1, 0, 0, 0, 0, 0, 0, 3, 0, 0] -> (11, 3)
    [2, 0, 1, 0, 0, 0, 0, 0, 3, 0, 0] -> (11, 3)
    [2, 1, 1, 0, 0, 0, 0, 0, 3, 0, 0] -> (11, 3)
    [2, 0, 0, 0, 0, 0, 0, 1, 3, 0, 0] -> (11, 3)
    [2, 1, 0, 0, 0, 0, 0, 1, 3, 0, 0] -> (11, 3)
    [2, 0, 1, 0, 0, 0, 0, 1, 3, 0, 0] -> (11, 3)
    [2, 1, 1, 0, 0, 0, 0, 1, 3, 0, 0] -> (11, 3)
    [2, 0, 0, 0, 0, 0, 0, 0, 3, 1, 0] -> (11, 3)
    [2, 1, 0, 0, 0, 0, 0, 0, 3, 1, 0] -> (11, 3)
    [2, 0, 1, 0, 0, 0, 0, 0, 3, 1, 0] -> (11, 3)
    [2, 1, 1, 0, 0, 0, 0, 0, 3, 1, 0] -> (11, 3)
    [2, 0, 0, 0, 0, 0, 0, 1, 3, 1, 0] -> (11, 3)
    [2, 1, 0, 0, 0, 0, 0, 1, 3, 1, 0] -> (11, 3)
    [2, 0, 1, 0, 0, 0, 0, 1, 3, 1, 0] -> (11, 3)
    [2, 1, 1, 0, 0, 0, 0, 1, 3, 1, 0] -> (11, 3)
    [2, 0, 0, 0, 0, 0, 0, 0, 1, 0, 1] -> (11, 3)
    [2, 1, 0, 0, 0, 0, 0, 0, 1, 0, 1] -> (11, 3)
    [2, 0, 1, 0, 0, 0, 0, 0, 1, 0, 1] -> (11, 3)
    [2, 1, 1, 0, 0, 0, 0, 0, 1, 0, 1] -> (11, 3)
    [2, 0, 0, 0, 0, 0, 0, 1, 1, 0, 1] -> (11, 3)
    [2, 1, 0, 0, 0, 0, 0, 1, 1, 0, 1] -> (11, 3)
    [2, 0, 1, 0, 0, 0, 0, 1, 1, 0, 1] -> (11, 3)
    [2, 1, 1, 0, 0, 0, 0, 1, 1, 0, 1] -> (11, 3)
    [2, 0, 0, 0, 0, 0, 0, 0, 1, 1, 1] -> (11, 3)
    [2, 1, 0, 0, 0, 0, 0, 0, 1, 1, 1] -> (11, 3)
    [2, 0, 1, 0, 0, 0, 0, 0, 1, 1, 1] -> (11, 3)
    [2, 1, 1, 0, 0, 0, 0, 0, 1, 1, 1] -> (11, 3)
    [2, 0, 0, 0, 0, 0, 0, 1, 1, 1, 1] -> (11, 3)
    [2, 1, 0, 0, 0, 0, 0, 1, 1, 1, 1] -> (11, 3)
    [2, 0, 1, 0, 0, 0, 0, 1, 1, 1, 1] -> (11, 3)
    [2, 1, 1, 0, 0, 0, 0, 1, 1, 1, 1] -> (11, 3)
    [2, 0, 0, 0, 0, 0, 0, 0, 1, 0, 0] -> (10, 3)
    [2, 1, 0, 0, 0, 0, 0, 0, 1, 0, 0] -> (10, 3)
    [2, 0, 1, 0, 0, 0, 0, 0, 1, 0, 0] -> (10, 3)
    [2, 1, 1, 0, 0, 0, 0, 0, 1, 0, 0] -> (10, 3)
    [2, 0, 0, 0, 0, 0, 0, 1, 1, 0, 0] -> (10, 3)
    [2, 1, 0, 0, 0, 0, 0, 1, 1, 0, 0] -> (10, 3)
    [2, 0, 1, 0, 0, 0, 0, 1, 1, 0, 0] -> (10, 3)
    [2, 1, 1, 0, 0, 0, 0, 1, 1, 0, 0] -> (10, 3)
    [2, 0, 0, 0, 0, 0, 0, 0, 1, 1, 0] -> (10, 3)
    [2, 1, 0, 0, 0, 0, 0, 0, 1, 1, 0] -> (10, 3)
    [2, 0, 1, 0, 0, 0, 0, 0, 1, 1, 0] -> (10, 3)
    [2, 1, 1, 0, 0, 0, 0, 0, 1, 1, 0] -> (10, 3)
    [2, 0, 0, 0, 0, 0, 0, 1, 1, 1, 0] -> (10, 3)
    [2, 1, 0, 0, 0, 0, 0, 1, 1, 1, 0] -> (10, 3)
    [2, 0, 1, 0, 0, 0, 0, 1, 1, 1, 0] -> (10, 3)
    [2, 1, 1, 0, 0, 0, 0, 1, 1, 1, 0] -> (10, 3)
[2026-02-04T10:57:22Z TRACE merc_symbolic::sigref] Creating new block 0
[2026-02-04T10:57:22Z TRACE merc_symbolic::sigref] Creating new block 1
[2026-02-04T10:57:22Z TRACE merc_symbolic::sigref] Creating new block 2
[2026-02-04T10:57:22Z TRACE merc_symbolic::sigref] Creating new block 3
[2026-02-04T10:57:22Z TRACE merc_symbolic::sigref] Creating new block 4
[2026-02-04T10:57:22Z TRACE merc_symbolic::sigref] Creating new block 5
[2026-02-04T10:57:22Z TRACE merc_symbolic::sigref] Creating new block 6
[2026-02-04T10:57:22Z INFO  merc_utilities::timing] Time refine: 0.000s
[2026-02-04T10:57:22Z TRACE merc_symbolic::sigref] Partition at iteration 3: [2, 1, 1, 3, 1, 0, 0, 0, 0, 0, 0] -> 1
    [2, 1, 1, 3, 1, 0, 0, 0, 0, 0, 1] -> 1
    [2, 1, 1, 2, 0, 0, 0, 0, 0, 0, 0] -> 1
    [2, 1, 1, 2, 0, 0, 0, 0, 0, 0, 1] -> 1
    [2, 1, 1, 1, 1, 0, 0, 0, 0, 0, 0] -> 5
    [2, 1, 1, 1, 1, 0, 0, 0, 0, 0, 1] -> 5
    [2, 1, 1, 0, 0, 0, 3, 1, 0, 0, 1] -> 1
    [2, 1, 1, 0, 0, 0, 3, 0, 0, 0, 0] -> 1
    [2, 1, 1, 0, 0, 0, 2, 0, 0, 0, 0] -> 1
    [2, 1, 1, 0, 0, 0, 2, 0, 0, 0, 1] -> 1
    [2, 1, 1, 0, 0, 0, 1, 1, 0, 0, 1] -> 5
    [2, 1, 1, 0, 0, 0, 1, 0, 0, 0, 0] -> 5
    [2, 1, 1, 0, 0, 0, 0, 0, 3, 0, 1] -> 2
    [2, 1, 1, 0, 0, 0, 0, 0, 2, 1, 1] -> 6
    [2, 1, 1, 0, 0, 0, 0, 0, 1, 0, 1] -> 3
    [2, 1, 1, 0, 0, 0, 0, 0, 1, 0, 0] -> 2
    [2, 1, 0, 3, 1, 1, 0, 0, 0, 0, 0] -> 1
    [2, 1, 0, 3, 1, 1, 0, 0, 0, 0, 1] -> 1
    [2, 1, 0, 2, 0, 0, 0, 0, 0, 0, 0] -> 1
    [2, 1, 0, 2, 0, 0, 0, 0, 0, 0, 1] -> 1
    [2, 1, 0, 1, 1, 1, 0, 0, 0, 0, 0] -> 5
    [2, 1, 0, 1, 1, 1, 0, 0, 0, 0, 1] -> 5
    [2, 1, 0, 0, 0, 0, 3, 1, 0, 0, 1] -> 1
    [2, 1, 0, 0, 0, 0, 3, 0, 0, 0, 0] -> 1
    [2, 1, 0, 0, 0, 0, 2, 0, 0, 0, 0] -> 1
    [2, 1, 0, 0, 0, 0, 2, 0, 0, 0, 1] -> 1
    [2, 1, 0, 0, 0, 0, 1, 1, 0, 0, 1] -> 5
    [2, 1, 0, 0, 0, 0, 1, 0, 0, 0, 0] -> 5
    [2, 1, 0, 0, 0, 0, 0, 0, 3, 0, 0] -> 3
    [2, 1, 0, 0, 0, 0, 0, 0, 2, 1, 0] -> 6
    [2, 1, 0, 0, 0, 0, 0, 0, 1, 0, 1] -> 3
    [2, 1, 0, 0, 0, 0, 0, 0, 1, 0, 0] -> 2
    [2, 0, 1, 2, 0, 0, 0, 0, 0, 0, 0] -> 1
    [2, 0, 1, 3, 0, 0, 0, 0, 0, 0, 0] -> 1
    [2, 0, 1, 2, 0, 0, 0, 0, 0, 0, 1] -> 1
    [2, 0, 1, 3, 0, 0, 0, 0, 0, 0, 1] -> 1
    [2, 0, 1, 1, 0, 0, 0, 0, 0, 0, 0] -> 5
    [2, 0, 1, 1, 0, 0, 0, 0, 0, 0, 1] -> 5
    [2, 0, 1, 0, 0, 0, 3, 1, 0, 0, 1] -> 1
    [2, 0, 1, 0, 0, 0, 3, 0, 0, 0, 0] -> 1
    [2, 0, 1, 0, 0, 0, 2, 0, 0, 0, 0] -> 1
    [2, 0, 1, 0, 0, 0, 2, 0, 0, 0, 1] -> 1
    [2, 0, 1, 0, 0, 0, 1, 1, 0, 0, 1] -> 5
    [2, 0, 1, 0, 0, 0, 1, 0, 0, 0, 0] -> 5
    [2, 0, 1, 0, 0, 0, 0, 0, 3, 0, 1] -> 2
    [2, 0, 1, 0, 0, 0, 0, 0, 2, 0, 1] -> 4
    [2, 0, 1, 0, 0, 0, 0, 0, 1, 0, 1] -> 3
    [2, 0, 1, 0, 0, 0, 0, 0, 1, 0, 0] -> 2
    [2, 0, 0, 3, 0, 1, 0, 0, 0, 0, 0] -> 1
    [2, 0, 0, 3, 0, 1, 0, 0, 0, 0, 1] -> 1
    [2, 0, 0, 2, 0, 0, 0, 0, 0, 0, 0] -> 1
    [2, 0, 0, 2, 0, 0, 0, 0, 0, 0, 1] -> 1
    [2, 0, 0, 1, 0, 1, 0, 0, 0, 0, 0] -> 5
    [2, 0, 0, 1, 0, 1, 0, 0, 0, 0, 1] -> 5
    [2, 0, 0, 0, 0, 0, 3, 1, 0, 0, 1] -> 1
    [2, 0, 0, 0, 0, 0, 3, 0, 0, 0, 0] -> 1
    [2, 0, 0, 0, 0, 0, 2, 0, 0, 0, 0] -> 1
    [2, 0, 0, 0, 0, 0, 2, 0, 0, 0, 1] -> 1
    [2, 0, 0, 0, 0, 0, 1, 1, 0, 0, 1] -> 5
    [2, 0, 0, 0, 0, 0, 1, 0, 0, 0, 0] -> 5
    [2, 0, 0, 0, 0, 0, 0, 0, 3, 0, 0] -> 3
    [2, 0, 0, 0, 0, 0, 0, 0, 2, 0, 0] -> 4
    [2, 0, 0, 0, 0, 0, 0, 0, 1, 0, 1] -> 3
    [2, 0, 0, 0, 0, 0, 0, 0, 1, 0, 0] -> 2
    [1, 0, 0, 0, 0, 0, 0, 0, 0, 0, 0] -> 1
    [1, 1, 0, 0, 0, 0, 0, 0, 0, 0, 0] -> 1
    [1, 0, 1, 0, 0, 0, 0, 0, 0, 0, 0] -> 1
    [1, 1, 1, 0, 0, 0, 0, 0, 0, 0, 0] -> 1
    [1, 0, 0, 0, 0, 0, 0, 0, 0, 0, 1] -> 1
    [1, 1, 0, 0, 0, 0, 0, 0, 0, 0, 1] -> 1
    [1, 0, 1, 0, 0, 0, 0, 0, 0, 0, 1] -> 1
    [1, 1, 1, 0, 0, 0, 0, 0, 0, 0, 1] -> 1
    [0, 0, 1, 0, 0, 0, 0, 0, 0, 0, 1] -> 0
    [0, 0, 0, 0, 0, 0, 0, 0, 0, 0, 0] -> 0
[2026-02-04T10:57:22Z TRACE merc_symbolic::sigref] Iteration 4 (7 blocks)
[2026-02-04T10:57:22Z INFO  merc_utilities::timing] Time signature_or: 0.000s
[2026-02-04T10:57:22Z INFO  merc_utilities::timing] Time signature: 0.000s
[2026-02-04T10:57:22Z TRACE merc_symbolic::sigref] Signature at iteration 4: [2, 0, 0, 2, 0, 0, 0, 0, 0, 0, 1] -> (5, 3)
    [2, 1, 0, 2, 0, 0, 0, 0, 0, 0, 1] -> (5, 3)
    [2, 0, 1, 2, 0, 0, 0, 0, 0, 0, 1] -> (5, 3)
    [2, 1, 1, 2, 0, 0, 0, 0, 0, 0, 1] -> (5, 3)
    [2, 0, 0, 2, 1, 0, 0, 0, 0, 0, 1] -> (5, 3)
    [2, 1, 0, 2, 1, 0, 0, 0, 0, 0, 1] -> (5, 3)
    [2, 0, 1, 2, 1, 0, 0, 0, 0, 0, 1] -> (5, 3)
    [2, 1, 1, 2, 1, 0, 0, 0, 0, 0, 1] -> (5, 3)
    [2, 0, 0, 2, 0, 1, 0, 0, 0, 0, 1] -> (5, 3)
    [2, 1, 0, 2, 0, 1, 0, 0, 0, 0, 1] -> (5, 3)
    [2, 0, 1, 2, 0, 1, 0, 0, 0, 0, 1] -> (5, 3)
    [2, 1, 1, 2, 0, 1, 0, 0, 0, 0, 1] -> (5, 3)
    [2, 0, 0, 2, 1, 1, 0, 0, 0, 0, 1] -> (5, 3)
    [2, 1, 0, 2, 1, 1, 0, 0, 0, 0, 1] -> (5, 3)
    [2, 0, 1, 2, 1, 1, 0, 0, 0, 0, 1] -> (5, 3)
    [2, 1, 1, 2, 1, 1, 0, 0, 0, 0, 1] -> (5, 3)
    [2, 0, 0, 2, 0, 0, 0, 0, 0, 1, 1] -> (5, 3)
    [2, 1, 0, 2, 0, 0, 0, 0, 0, 1, 1] -> (5, 3)
    [2, 0, 1, 2, 0, 0, 0, 0, 0, 1, 1] -> (5, 3)
    [2, 1, 1, 2, 0, 0, 0, 0, 0, 1, 1] -> (5, 3)
    [2, 0, 0, 2, 1, 0, 0, 0, 0, 1, 1] -> (5, 3)
    [2, 1, 0, 2, 1, 0, 0, 0, 0, 1, 1] -> (5, 3)
    [2, 0, 1, 2, 1, 0, 0, 0, 0, 1, 1] -> (5, 3)
    [2, 1, 1, 2, 1, 0, 0, 0, 0, 1, 1] -> (5, 3)
    [2, 0, 0, 2, 0, 1, 0, 0, 0, 1, 1] -> (5, 3)
    [2, 1, 0, 2, 0, 1, 0, 0, 0, 1, 1] -> (5, 3)
    [2, 0, 1, 2, 0, 1, 0, 0, 0, 1, 1] -> (5, 3)
    [2, 1, 1, 2, 0, 1, 0, 0, 0, 1, 1] -> (5, 3)
    [2, 0, 0, 2, 1, 1, 0, 0, 0, 1, 1] -> (5, 3)
    [2, 1, 0, 2, 1, 1, 0, 0, 0, 1, 1] -> (5, 3)
    [2, 0, 1, 2, 1, 1, 0, 0, 0, 1, 1] -> (5, 3)
    [2, 1, 1, 2, 1, 1, 0, 0, 0, 1, 1] -> (5, 3)
    [2, 0, 0, 2, 0, 0, 0, 0, 0, 0, 0] -> (5, 2)
    [2, 1, 0, 2, 0, 0, 0, 0, 0, 0, 0] -> (5, 2)
    [2, 0, 1, 2, 0, 0, 0, 0, 0, 0, 0] -> (5, 2)
    [2, 1, 1, 2, 0, 0, 0, 0, 0, 0, 0] -> (5, 2)
    [2, 0, 0, 2, 1, 0, 0, 0, 0, 0, 0] -> (5, 2)
    [2, 1, 0, 2, 1, 0, 0, 0, 0, 0, 0] -> (5, 2)
    [2, 0, 1, 2, 1, 0, 0, 0, 0, 0, 0] -> (5, 2)
    [2, 1, 1, 2, 1, 0, 0, 0, 0, 0, 0] -> (5, 2)
    [2, 0, 0, 2, 0, 1, 0, 0, 0, 0, 0] -> (5, 2)
    [2, 1, 0, 2, 0, 1, 0, 0, 0, 0, 0] -> (5, 2)
    [2, 0, 1, 2, 0, 1, 0, 0, 0, 0, 0] -> (5, 2)
    [2, 1, 1, 2, 0, 1, 0, 0, 0, 0, 0] -> (5, 2)
    [2, 0, 0, 2, 1, 1, 0, 0, 0, 0, 0] -> (5, 2)
    [2, 1, 0, 2, 1, 1, 0, 0, 0, 0, 0] -> (5, 2)
    [2, 0, 1, 2, 1, 1, 0, 0, 0, 0, 0] -> (5, 2)
    [2, 1, 1, 2, 1, 1, 0, 0, 0, 0, 0] -> (5, 2)
    [2, 0, 0, 2, 0, 0, 0, 0, 0, 1, 0] -> (5, 2)
    [2, 1, 0, 2, 0, 0, 0, 0, 0, 1, 0] -> (5, 2)
    [2, 0, 1, 2, 0, 0, 0, 0, 0, 1, 0] -> (5, 2)
    [2, 1, 1, 2, 0, 0, 0, 0, 0, 1, 0] -> (5, 2)
    [2, 0, 0, 2, 1, 0, 0, 0, 0, 1, 0] -> (5, 2)
    [2, 1, 0, 2, 1, 0, 0, 0, 0, 1, 0] -> (5, 2)
    [2, 0, 1, 2, 1, 0, 0, 0, 0, 1, 0] -> (5, 2)
    [2, 1, 1, 2, 1, 0, 0, 0, 0, 1, 0] -> (5, 2)
    [2, 0, 0, 2, 0, 1, 0, 0, 0, 1, 0] -> (5, 2)
    [2, 1, 0, 2, 0, 1, 0, 0, 0, 1, 0] -> (5, 2)
    [2, 0, 1, 2, 0, 1, 0, 0, 0, 1, 0] -> (5, 2)
    [2, 1, 1, 2, 0, 1, 0, 0, 0, 1, 0] -> (5, 2)
    [2, 0, 0, 2, 1, 1, 0, 0, 0, 1, 0] -> (5, 2)
    [2, 1, 0, 2, 1, 1, 0, 0, 0, 1, 0] -> (5, 2)
    [2, 0, 1, 2, 1, 1, 0, 0, 0, 1, 0] -> (5, 2)
    [2, 1, 1, 2, 1, 1, 0, 0, 0, 1, 0] -> (5, 2)
[2026-02-04T10:57:22Z TRACE merc_symbolic::sigref] Creating new block 0
[2026-02-04T10:57:22Z TRACE merc_symbolic::sigref] Creating new block 1
[2026-02-04T10:57:22Z TRACE merc_symbolic::sigref] Creating new block 2
[2026-02-04T10:57:22Z TRACE merc_symbolic::sigref] Creating new block 3
[2026-02-04T10:57:22Z TRACE merc_symbolic::sigref] Creating new block 4
[2026-02-04T10:57:22Z TRACE merc_symbolic::sigref] Creating new block 5
[2026-02-04T10:57:22Z TRACE merc_symbolic::sigref] Creating new block 6
[2026-02-04T10:57:22Z TRACE merc_symbolic::sigref] Creating new block 7
[2026-02-04T10:57:22Z TRACE merc_symbolic::sigref] Creating new block 8
[2026-02-04T10:57:22Z INFO  merc_utilities::timing] Time refine: 0.000s
[2026-02-04T10:57:22Z TRACE merc_symbolic::sigref] Partition at iteration 4: [2, 1, 1, 3, 1, 0, 0, 0, 0, 0, 0] -> 1
    [2, 1, 1, 3, 1, 0, 0, 0, 0, 0, 1] -> 1
    [2, 1, 1, 2, 0, 0, 0, 0, 0, 0, 1] -> 7
    [2, 1, 1, 2, 0, 0, 0, 0, 0, 0, 0] -> 6
    [2, 1, 1, 1, 1, 0, 0, 0, 0, 0, 0] -> 5
    [2, 1, 1, 1, 1, 0, 0, 0, 0, 0, 1] -> 5
    [2, 1, 1, 0, 0, 0, 3, 1, 0, 0, 1] -> 1
    [2, 1, 1, 0, 0, 0, 3, 0, 0, 0, 0] -> 1
    [2, 1, 1, 0, 0, 0, 2, 0, 0, 0, 0] -> 1
    [2, 1, 1, 0, 0, 0, 2, 0, 0, 0, 1] -> 1
    [2, 1, 1, 0, 0, 0, 1, 1, 0, 0, 1] -> 5
    [2, 1, 1, 0, 0, 0, 1, 0, 0, 0, 0] -> 5
    [2, 1, 1, 0, 0, 0, 0, 0, 3, 0, 1] -> 2
    [2, 1, 1, 0, 0, 0, 0, 0, 2, 1, 1] -> 8
    [2, 1, 1, 0, 0, 0, 0, 0, 1, 0, 1] -> 3
    [2, 1, 1, 0, 0, 0, 0, 0, 1, 0, 0] -> 2
    [2, 1, 0, 3, 1, 1, 0, 0, 0, 0, 0] -> 1
    [2, 1, 0, 3, 1, 1, 0, 0, 0, 0, 1] -> 1
    [2, 1, 0, 2, 0, 0, 0, 0, 0, 0, 1] -> 7
    [2, 1, 0, 2, 0, 0, 0, 0, 0, 0, 0] -> 6
    [2, 1, 0, 1, 1, 1, 0, 0, 0, 0, 0] -> 5
    [2, 1, 0, 1, 1, 1, 0, 0, 0, 0, 1] -> 5
    [2, 1, 0, 0, 0, 0, 3, 1, 0, 0, 1] -> 1
    [2, 1, 0, 0, 0, 0, 3, 0, 0, 0, 0] -> 1
    [2, 1, 0, 0, 0, 0, 2, 0, 0, 0, 0] -> 1
    [2, 1, 0, 0, 0, 0, 2, 0, 0, 0, 1] -> 1
    [2, 1, 0, 0, 0, 0, 1, 1, 0, 0, 1] -> 5
    [2, 1, 0, 0, 0, 0, 1, 0, 0, 0, 0] -> 5
    [2, 1, 0, 0, 0, 0, 0, 0, 3, 0, 0] -> 3
    [2, 1, 0, 0, 0, 0, 0, 0, 2, 1, 0] -> 8
    [2, 1, 0, 0, 0, 0, 0, 0, 1, 0, 1] -> 3
    [2, 1, 0, 0, 0, 0, 0, 0, 1, 0, 0] -> 2
    [2, 0, 1, 3, 0, 0, 0, 0, 0, 0, 0] -> 1
    [2, 0, 1, 3, 0, 0, 0, 0, 0, 0, 1] -> 1
    [2, 0, 1, 2, 0, 0, 0, 0, 0, 0, 1] -> 7
    [2, 0, 1, 2, 0, 0, 0, 0, 0, 0, 0] -> 6
    [2, 0, 1, 1, 0, 0, 0, 0, 0, 0, 0] -> 5
    [2, 0, 1, 1, 0, 0, 0, 0, 0, 0, 1] -> 5
    [2, 0, 1, 0, 0, 0, 3, 1, 0, 0, 1] -> 1
    [2, 0, 1, 0, 0, 0, 3, 0, 0, 0, 0] -> 1
    [2, 0, 1, 0, 0, 0, 2, 0, 0, 0, 0] -> 1
    [2, 0, 1, 0, 0, 0, 2, 0, 0, 0, 1] -> 1
    [2, 0, 1, 0, 0, 0, 1, 1, 0, 0, 1] -> 5
    [2, 0, 1, 0, 0, 0, 1, 0, 0, 0, 0] -> 5
    [2, 0, 1, 0, 0, 0, 0, 0, 3, 0, 1] -> 2
    [2, 0, 1, 0, 0, 0, 0, 0, 2, 0, 1] -> 4
    [2, 0, 1, 0, 0, 0, 0, 0, 1, 0, 1] -> 3
    [2, 0, 1, 0, 0, 0, 0, 0, 1, 0, 0] -> 2
    [2, 0, 0, 3, 0, 1, 0, 0, 0, 0, 0] -> 1
    [2, 0, 0, 3, 0, 1, 0, 0, 0, 0, 1] -> 1
    [2, 0, 0, 2, 0, 0, 0, 0, 0, 0, 1] -> 7
    [2, 0, 0, 2, 0, 0, 0, 0, 0, 0, 0] -> 6
    [2, 0, 0, 1, 0, 1, 0, 0, 0, 0, 0] -> 5
    [2, 0, 0, 1, 0, 1, 0, 0, 0, 0, 1] -> 5
    [2, 0, 0, 0, 0, 0, 3, 1, 0, 0, 1] -> 1
    [2, 0, 0, 0, 0, 0, 3, 0, 0, 0, 0] -> 1
    [2, 0, 0, 0, 0, 0, 2, 0, 0, 0, 0] -> 1
    [2, 0, 0, 0, 0, 0, 2, 0, 0, 0, 1] -> 1
    [2, 0, 0, 0, 0, 0, 1, 1, 0, 0, 1] -> 5
    [2, 0, 0, 0, 0, 0, 1, 0, 0, 0, 0] -> 5
    [2, 0, 0, 0, 0, 0, 0, 0, 3, 0, 0] -> 3
    [2, 0, 0, 0, 0, 0, 0, 0, 2, 0, 0] -> 4
    [2, 0, 0, 0, 0, 0, 0, 0, 1, 0, 1] -> 3
    [2, 0, 0, 0, 0, 0, 0, 0, 1, 0, 0] -> 2
    [1, 0, 0, 0, 0, 0, 0, 0, 0, 0, 0] -> 1
    [1, 1, 0, 0, 0, 0, 0, 0, 0, 0, 0] -> 1
    [1, 0, 1, 0, 0, 0, 0, 0, 0, 0, 0] -> 1
    [1, 1, 1, 0, 0, 0, 0, 0, 0, 0, 0] -> 1
    [1, 0, 0, 0, 0, 0, 0, 0, 0, 0, 1] -> 1
    [1, 1, 0, 0, 0, 0, 0, 0, 0, 0, 1] -> 1
    [1, 0, 1, 0, 0, 0, 0, 0, 0, 0, 1] -> 1
    [1, 1, 1, 0, 0, 0, 0, 0, 0, 0, 1] -> 1
    [0, 0, 1, 0, 0, 0, 0, 0, 0, 0, 1] -> 0
    [0, 0, 0, 0, 0, 0, 0, 0, 0, 0, 0] -> 0
[2026-02-04T10:57:22Z TRACE merc_symbolic::sigref] Iteration 5 (9 blocks)
[2026-02-04T10:57:22Z INFO  merc_utilities::timing] Time signature_or: 0.000s
[2026-02-04T10:57:22Z INFO  merc_utilities::timing] Time signature: 0.001s
[2026-02-04T10:57:22Z TRACE merc_symbolic::sigref] Signature at iteration 5: [2, 1, 1, 3, 1, 1, 0, 0, 0, 0, 1] -> (7, 3)
    [2, 1, 1, 3, 1, 1, 0, 0, 0, 1, 1] -> (7, 3)
    [2, 1, 1, 3, 1, 0, 0, 0, 0, 0, 1] -> (18, 8)
    [2, 1, 1, 3, 1, 0, 0, 0, 0, 1, 1] -> (18, 8)
    [2, 1, 1, 3, 1, 0, 0, 0, 0, 0, 0] -> (18, 2)
    [2, 1, 1, 3, 1, 0, 0, 0, 0, 1, 0] -> (18, 2)
    [2, 1, 1, 3, 0, 1, 0, 0, 0, 0, 1] -> (6, 3)
    [2, 1, 1, 3, 0, 1, 0, 0, 0, 1, 1] -> (6, 3)
    [2, 1, 1, 3, 0, 0, 0, 0, 0, 0, 0] -> (17, 2)
    [2, 1, 1, 3, 0, 0, 0, 0, 0, 1, 0] -> (17, 2)
    [2, 1, 0, 3, 1, 1, 0, 0, 0, 0, 1] -> (7, 3)
    [2, 1, 0, 3, 1, 1, 0, 0, 0, 1, 1] -> (7, 3)
    [2, 1, 0, 3, 1, 1, 0, 0, 0, 0, 0] -> (7, 8)
    [2, 1, 0, 3, 1, 1, 0, 0, 0, 1, 0] -> (7, 8)
    [2, 1, 0, 3, 1, 0, 0, 0, 0, 0, 0] -> (18, 2)
    [2, 1, 0, 3, 1, 0, 0, 0, 0, 1, 0] -> (18, 2)
    [2, 1, 0, 3, 0, 1, 0, 0, 0, 0, 1] -> (6, 3)
    [2, 1, 0, 3, 0, 1, 0, 0, 0, 1, 1] -> (6, 3)
    [2, 1, 0, 3, 0, 0, 0, 0, 0, 0, 0] -> (17, 2)
    [2, 1, 0, 3, 0, 0, 0, 0, 0, 1, 0] -> (17, 2)
    [2, 0, 1, 3, 1, 1, 0, 0, 0, 0, 1] -> (7, 3)
    [2, 0, 1, 3, 1, 1, 0, 0, 0, 1, 1] -> (7, 3)
    [2, 0, 1, 3, 1, 0, 0, 0, 0, 0, 0] -> (18, 2)
    [2, 0, 1, 3, 1, 0, 0, 0, 0, 1, 0] -> (18, 2)
    [2, 0, 1, 3, 0, 1, 0, 0, 0, 0, 1] -> (6, 3)
    [2, 0, 1, 3, 0, 1, 0, 0, 0, 1, 1] -> (6, 3)
    [2, 0, 1, 3, 0, 0, 0, 0, 0, 0, 1] -> (17, 4)
    [2, 0, 1, 3, 0, 0, 0, 0, 0, 1, 1] -> (17, 4)
    [2, 0, 1, 3, 0, 0, 0, 0, 0, 0, 0] -> (17, 2)
    [2, 0, 1, 3, 0, 0, 0, 0, 0, 1, 0] -> (17, 2)
    [2, 0, 0, 3, 1, 1, 0, 0, 0, 0, 1] -> (7, 3)
    [2, 0, 0, 3, 1, 1, 0, 0, 0, 1, 1] -> (7, 3)
    [2, 0, 0, 3, 1, 0, 0, 0, 0, 0, 0] -> (18, 2)
    [2, 0, 0, 3, 1, 0, 0, 0, 0, 1, 0] -> (18, 2)
    [2, 0, 0, 3, 0, 1, 0, 0, 0, 0, 1] -> (6, 3)
    [2, 0, 0, 3, 0, 1, 0, 0, 0, 1, 1] -> (6, 3)
    [2, 0, 0, 3, 0, 1, 0, 0, 0, 0, 0] -> (6, 4)
    [2, 0, 0, 3, 0, 1, 0, 0, 0, 1, 0] -> (6, 4)
    [2, 0, 0, 3, 0, 0, 0, 0, 0, 0, 0] -> (17, 2)
    [2, 0, 0, 3, 0, 0, 0, 0, 0, 1, 0] -> (17, 2)
[2026-02-04T10:57:22Z TRACE merc_symbolic::sigref] Creating new block 0
[2026-02-04T10:57:22Z TRACE merc_symbolic::sigref] Creating new block 1
[2026-02-04T10:57:22Z TRACE merc_symbolic::sigref] Creating new block 2
[2026-02-04T10:57:22Z TRACE merc_symbolic::sigref] Creating new block 3
[2026-02-04T10:57:22Z TRACE merc_symbolic::sigref] Creating new block 4
[2026-02-04T10:57:22Z TRACE merc_symbolic::sigref] Creating new block 5
[2026-02-04T10:57:22Z TRACE merc_symbolic::sigref] Creating new block 6
[2026-02-04T10:57:22Z TRACE merc_symbolic::sigref] Creating new block 7
[2026-02-04T10:57:22Z TRACE merc_symbolic::sigref] Creating new block 8
[2026-02-04T10:57:22Z TRACE merc_symbolic::sigref] Creating new block 9
[2026-02-04T10:57:22Z TRACE merc_symbolic::sigref] Creating new block 10
[2026-02-04T10:57:22Z TRACE merc_symbolic::sigref] Creating new block 11
[2026-02-04T10:57:22Z TRACE merc_symbolic::sigref] Creating new block 12
[2026-02-04T10:57:22Z TRACE merc_symbolic::sigref] Creating new block 13
[2026-02-04T10:57:22Z TRACE merc_symbolic::sigref] Creating new block 14
[2026-02-04T10:57:22Z TRACE merc_symbolic::sigref] Creating new block 15
[2026-02-04T10:57:22Z TRACE merc_symbolic::sigref] Creating new block 16
[2026-02-04T10:57:22Z INFO  merc_utilities::timing] Time refine: 0.001s
[2026-02-04T10:57:22Z TRACE merc_symbolic::sigref] Partition at iteration 5: [2, 1, 1, 3, 1, 0, 0, 0, 0, 0, 1] -> 16
    [2, 1, 1, 3, 1, 0, 0, 0, 0, 0, 0] -> 15
    [2, 1, 1, 2, 0, 0, 0, 0, 0, 0, 1] -> 7
    [2, 1, 1, 2, 0, 0, 0, 0, 0, 0, 0] -> 6
    [2, 1, 1, 1, 1, 0, 0, 0, 0, 0, 0] -> 5
    [2, 1, 1, 1, 1, 0, 0, 0, 0, 0, 1] -> 5
    [2, 1, 1, 0, 0, 0, 3, 1, 0, 0, 1] -> 1
    [2, 1, 1, 0, 0, 0, 3, 0, 0, 0, 0] -> 1
    [2, 1, 1, 0, 0, 0, 2, 0, 0, 0, 0] -> 1
    [2, 1, 1, 0, 0, 0, 2, 0, 0, 0, 1] -> 1
    [2, 1, 1, 0, 0, 0, 1, 1, 0, 0, 1] -> 5
    [2, 1, 1, 0, 0, 0, 1, 0, 0, 0, 0] -> 5
    [2, 1, 1, 0, 0, 0, 0, 0, 3, 0, 1] -> 2
    [2, 1, 1, 0, 0, 0, 0, 0, 2, 1, 1] -> 12
    [2, 1, 1, 0, 0, 0, 0, 0, 1, 0, 1] -> 3
    [2, 1, 1, 0, 0, 0, 0, 0, 1, 0, 0] -> 2
    [2, 1, 0, 3, 1, 1, 0, 0, 0, 0, 1] -> 14
    [2, 1, 0, 3, 1, 1, 0, 0, 0, 0, 0] -> 13
    [2, 1, 0, 2, 0, 0, 0, 0, 0, 0, 1] -> 7
    [2, 1, 0, 2, 0, 0, 0, 0, 0, 0, 0] -> 6
    [2, 1, 0, 1, 1, 1, 0, 0, 0, 0, 0] -> 5
    [2, 1, 0, 1, 1, 1, 0, 0, 0, 0, 1] -> 5
    [2, 1, 0, 0, 0, 0, 3, 1, 0, 0, 1] -> 1
    [2, 1, 0, 0, 0, 0, 3, 0, 0, 0, 0] -> 1
    [2, 1, 0, 0, 0, 0, 2, 0, 0, 0, 0] -> 1
    [2, 1, 0, 0, 0, 0, 2, 0, 0, 0, 1] -> 1
    [2, 1, 0, 0, 0, 0, 1, 1, 0, 0, 1] -> 5
    [2, 1, 0, 0, 0, 0, 1, 0, 0, 0, 0] -> 5
    [2, 1, 0, 0, 0, 0, 0, 0, 3, 0, 0] -> 3
    [2, 1, 0, 0, 0, 0, 0, 0, 2, 1, 0] -> 12
    [2, 1, 0, 0, 0, 0, 0, 0, 1, 0, 1] -> 3
    [2, 1, 0, 0, 0, 0, 0, 0, 1, 0, 0] -> 2
    [2, 0, 1, 3, 0, 0, 0, 0, 0, 0, 1] -> 11
    [2, 0, 1, 3, 0, 0, 0, 0, 0, 0, 0] -> 10
    [2, 0, 1, 2, 0, 0, 0, 0, 0, 0, 1] -> 7
    [2, 0, 1, 2, 0, 0, 0, 0, 0, 0, 0] -> 6
    [2, 0, 1, 1, 0, 0, 0, 0, 0, 0, 0] -> 5
    [2, 0, 1, 1, 0, 0, 0, 0, 0, 0, 1] -> 5
    [2, 0, 1, 0, 0, 0, 3, 1, 0, 0, 1] -> 1
    [2, 0, 1, 0, 0, 0, 3, 0, 0, 0, 0] -> 1
    [2, 0, 1, 0, 0, 0, 2, 0, 0, 0, 0] -> 1
    [2, 0, 1, 0, 0, 0, 2, 0, 0, 0, 1] -> 1
    [2, 0, 1, 0, 0, 0, 1, 1, 0, 0, 1] -> 5
    [2, 0, 1, 0, 0, 0, 1, 0, 0, 0, 0] -> 5
    [2, 0, 1, 0, 0, 0, 0, 0, 3, 0, 1] -> 2
    [2, 0, 1, 0, 0, 0, 0, 0, 2, 0, 1] -> 4
    [2, 0, 1, 0, 0, 0, 0, 0, 1, 0, 1] -> 3
    [2, 0, 1, 0, 0, 0, 0, 0, 1, 0, 0] -> 2
    [2, 0, 0, 3, 0, 1, 0, 0, 0, 0, 1] -> 9
    [2, 0, 0, 3, 0, 1, 0, 0, 0, 0, 0] -> 8
    [2, 0, 0, 2, 0, 0, 0, 0, 0, 0, 1] -> 7
    [2, 0, 0, 2, 0, 0, 0, 0, 0, 0, 0] -> 6
    [2, 0, 0, 1, 0, 1, 0, 0, 0, 0, 0] -> 5
    [2, 0, 0, 1, 0, 1, 0, 0, 0, 0, 1] -> 5
    [2, 0, 0, 0, 0, 0, 3, 1, 0, 0, 1] -> 1
    [2, 0, 0, 0, 0, 0, 3, 0, 0, 0, 0] -> 1
    [2, 0, 0, 0, 0, 0, 2, 0, 0, 0, 0] -> 1
    [2, 0, 0, 0, 0, 0, 2, 0, 0, 0, 1] -> 1
    [2, 0, 0, 0, 0, 0, 1, 1, 0, 0, 1] -> 5
    [2, 0, 0, 0, 0, 0, 1, 0, 0, 0, 0] -> 5
    [2, 0, 0, 0, 0, 0, 0, 0, 3, 0, 0] -> 3
    [2, 0, 0, 0, 0, 0, 0, 0, 2, 0, 0] -> 4
    [2, 0, 0, 0, 0, 0, 0, 0, 1, 0, 1] -> 3
    [2, 0, 0, 0, 0, 0, 0, 0, 1, 0, 0] -> 2
    [1, 0, 0, 0, 0, 0, 0, 0, 0, 0, 0] -> 1
    [1, 1, 0, 0, 0, 0, 0, 0, 0, 0, 0] -> 1
    [1, 0, 1, 0, 0, 0, 0, 0, 0, 0, 0] -> 1
    [1, 1, 1, 0, 0, 0, 0, 0, 0, 0, 0] -> 1
    [1, 0, 0, 0, 0, 0, 0, 0, 0, 0, 1] -> 1
    [1, 1, 0, 0, 0, 0, 0, 0, 0, 0, 1] -> 1
    [1, 0, 1, 0, 0, 0, 0, 0, 0, 0, 1] -> 1
    [1, 1, 1, 0, 0, 0, 0, 0, 0, 0, 1] -> 1
    [0, 0, 1, 0, 0, 0, 0, 0, 0, 0, 1] -> 0
    [0, 0, 0, 0, 0, 0, 0, 0, 0, 0, 0] -> 0
[2026-02-04T10:57:22Z TRACE merc_symbolic::sigref] Iteration 6 (17 blocks)
[2026-02-04T10:57:22Z INFO  merc_utilities::timing] Time signature_or: 0.000s
[2026-02-04T10:57:22Z INFO  merc_utilities::timing] Time signature: 0.000s
[2026-02-04T10:57:22Z TRACE merc_symbolic::sigref] Signature at iteration 6: [2, 0, 0, 0, 0, 0, 2, 0, 0, 0, 0] -> (12, 1)
    [2, 1, 0, 0, 0, 0, 2, 0, 0, 0, 0] -> (12, 1)
    [2, 0, 1, 0, 0, 0, 2, 0, 0, 0, 0] -> (12, 1)
    [2, 1, 1, 0, 0, 0, 2, 0, 0, 0, 0] -> (12, 1)
    [2, 0, 0, 0, 0, 0, 2, 1, 0, 0, 0] -> (12, 1)
    [2, 1, 0, 0, 0, 0, 2, 1, 0, 0, 0] -> (12, 1)
    [2, 0, 1, 0, 0, 0, 2, 1, 0, 0, 0] -> (12, 1)
    [2, 1, 1, 0, 0, 0, 2, 1, 0, 0, 0] -> (12, 1)
    [2, 0, 0, 0, 0, 0, 2, 0, 0, 0, 1] -> (12, 1)
    [2, 1, 0, 0, 0, 0, 2, 0, 0, 0, 1] -> (12, 1)
    [2, 0, 1, 0, 0, 0, 2, 0, 0, 0, 1] -> (12, 1)
    [2, 1, 1, 0, 0, 0, 2, 0, 0, 0, 1] -> (12, 1)
    [2, 0, 0, 0, 0, 0, 2, 1, 0, 0, 1] -> (12, 1)
    [2, 1, 0, 0, 0, 0, 2, 1, 0, 0, 1] -> (12, 1)
    [2, 0, 1, 0, 0, 0, 2, 1, 0, 0, 1] -> (12, 1)
    [2, 1, 1, 0, 0, 0, 2, 1, 0, 0, 1] -> (12, 1)
[2026-02-04T10:57:22Z TRACE merc_symbolic::sigref] Creating new block 0
[2026-02-04T10:57:22Z TRACE merc_symbolic::sigref] Creating new block 1
[2026-02-04T10:57:22Z TRACE merc_symbolic::sigref] Creating new block 2
[2026-02-04T10:57:22Z TRACE merc_symbolic::sigref] Creating new block 3
[2026-02-04T10:57:22Z TRACE merc_symbolic::sigref] Creating new block 4
[2026-02-04T10:57:22Z TRACE merc_symbolic::sigref] Creating new block 5
[2026-02-04T10:57:22Z TRACE merc_symbolic::sigref] Creating new block 6
[2026-02-04T10:57:22Z TRACE merc_symbolic::sigref] Creating new block 7
[2026-02-04T10:57:22Z TRACE merc_symbolic::sigref] Creating new block 8
[2026-02-04T10:57:22Z TRACE merc_symbolic::sigref] Creating new block 9
[2026-02-04T10:57:22Z TRACE merc_symbolic::sigref] Creating new block 10
[2026-02-04T10:57:22Z TRACE merc_symbolic::sigref] Creating new block 11
[2026-02-04T10:57:22Z TRACE merc_symbolic::sigref] Creating new block 12
[2026-02-04T10:57:22Z TRACE merc_symbolic::sigref] Creating new block 13
[2026-02-04T10:57:22Z TRACE merc_symbolic::sigref] Creating new block 14
[2026-02-04T10:57:22Z TRACE merc_symbolic::sigref] Creating new block 15
[2026-02-04T10:57:22Z TRACE merc_symbolic::sigref] Creating new block 16
[2026-02-04T10:57:22Z TRACE merc_symbolic::sigref] Creating new block 17
[2026-02-04T10:57:22Z INFO  merc_utilities::timing] Time refine: 0.001s
[2026-02-04T10:57:22Z TRACE merc_symbolic::sigref] Partition at iteration 6: [2, 1, 1, 3, 1, 0, 0, 0, 0, 0, 1] -> 17
    [2, 1, 1, 3, 1, 0, 0, 0, 0, 0, 0] -> 16
    [2, 1, 1, 2, 0, 0, 0, 0, 0, 0, 1] -> 8
    [2, 1, 1, 2, 0, 0, 0, 0, 0, 0, 0] -> 7
    [2, 1, 1, 1, 1, 0, 0, 0, 0, 0, 0] -> 5
    [2, 1, 1, 1, 1, 0, 0, 0, 0, 0, 1] -> 5
    [2, 1, 1, 0, 0, 0, 3, 1, 0, 0, 1] -> 1
    [2, 1, 1, 0, 0, 0, 3, 0, 0, 0, 0] -> 1
    [2, 1, 1, 0, 0, 0, 2, 0, 0, 0, 0] -> 6
    [2, 1, 1, 0, 0, 0, 2, 0, 0, 0, 1] -> 6
    [2, 1, 1, 0, 0, 0, 1, 1, 0, 0, 1] -> 5
    [2, 1, 1, 0, 0, 0, 1, 0, 0, 0, 0] -> 5
    [2, 1, 1, 0, 0, 0, 0, 0, 3, 0, 1] -> 2
    [2, 1, 1, 0, 0, 0, 0, 0, 2, 1, 1] -> 13
    [2, 1, 1, 0, 0, 0, 0, 0, 1, 0, 1] -> 3
    [2, 1, 1, 0, 0, 0, 0, 0, 1, 0, 0] -> 2
    [2, 1, 0, 3, 1, 1, 0, 0, 0, 0, 1] -> 15
    [2, 1, 0, 3, 1, 1, 0, 0, 0, 0, 0] -> 14
    [2, 1, 0, 2, 0, 0, 0, 0, 0, 0, 1] -> 8
    [2, 1, 0, 2, 0, 0, 0, 0, 0, 0, 0] -> 7
    [2, 1, 0, 1, 1, 1, 0, 0, 0, 0, 0] -> 5
    [2, 1, 0, 1, 1, 1, 0, 0, 0, 0, 1] -> 5
    [2, 1, 0, 0, 0, 0, 3, 1, 0, 0, 1] -> 1
    [2, 1, 0, 0, 0, 0, 3, 0, 0, 0, 0] -> 1
    [2, 1, 0, 0, 0, 0, 2, 0, 0, 0, 0] -> 6
    [2, 1, 0, 0, 0, 0, 2, 0, 0, 0, 1] -> 6
    [2, 1, 0, 0, 0, 0, 1, 1, 0, 0, 1] -> 5
    [2, 1, 0, 0, 0, 0, 1, 0, 0, 0, 0] -> 5
    [2, 1, 0, 0, 0, 0, 0, 0, 3, 0, 0] -> 3
    [2, 1, 0, 0, 0, 0, 0, 0, 2, 1, 0] -> 13
    [2, 1, 0, 0, 0, 0, 0, 0, 1, 0, 1] -> 3
    [2, 1, 0, 0, 0, 0, 0, 0, 1, 0, 0] -> 2
    [2, 0, 1, 3, 0, 0, 0, 0, 0, 0, 1] -> 12
    [2, 0, 1, 3, 0, 0, 0, 0, 0, 0, 0] -> 11
    [2, 0, 1, 2, 0, 0, 0, 0, 0, 0, 1] -> 8
    [2, 0, 1, 2, 0, 0, 0, 0, 0, 0, 0] -> 7
    [2, 0, 1, 1, 0, 0, 0, 0, 0, 0, 0] -> 5
    [2, 0, 1, 1, 0, 0, 0, 0, 0, 0, 1] -> 5
    [2, 0, 1, 0, 0, 0, 3, 1, 0, 0, 1] -> 1
    [2, 0, 1, 0, 0, 0, 3, 0, 0, 0, 0] -> 1
    [2, 0, 1, 0, 0, 0, 2, 0, 0, 0, 0] -> 6
    [2, 0, 1, 0, 0, 0, 2, 0, 0, 0, 1] -> 6
    [2, 0, 1, 0, 0, 0, 1, 1, 0, 0, 1] -> 5
    [2, 0, 1, 0, 0, 0, 1, 0, 0, 0, 0] -> 5
    [2, 0, 1, 0, 0, 0, 0, 0, 3, 0, 1] -> 2
    [2, 0, 1, 0, 0, 0, 0, 0, 2, 0, 1] -> 4
    [2, 0, 1, 0, 0, 0, 0, 0, 1, 0, 1] -> 3
    [2, 0, 1, 0, 0, 0, 0, 0, 1, 0, 0] -> 2
    [2, 0, 0, 3, 0, 1, 0, 0, 0, 0, 1] -> 10
    [2, 0, 0, 3, 0, 1, 0, 0, 0, 0, 0] -> 9
    [2, 0, 0, 2, 0, 0, 0, 0, 0, 0, 1] -> 8
    [2, 0, 0, 2, 0, 0, 0, 0, 0, 0, 0] -> 7
    [2, 0, 0, 1, 0, 1, 0, 0, 0, 0, 0] -> 5
    [2, 0, 0, 1, 0, 1, 0, 0, 0, 0, 1] -> 5
    [2, 0, 0, 0, 0, 0, 3, 1, 0, 0, 1] -> 1
    [2, 0, 0, 0, 0, 0, 3, 0, 0, 0, 0] -> 1
    [2, 0, 0, 0, 0, 0, 2, 0, 0, 0, 0] -> 6
    [2, 0, 0, 0, 0, 0, 2, 0, 0, 0, 1] -> 6
    [2, 0, 0, 0, 0, 0, 1, 1, 0, 0, 1] -> 5
    [2, 0, 0, 0, 0, 0, 1, 0, 0, 0, 0] -> 5
    [2, 0, 0, 0, 0, 0, 0, 0, 3, 0, 0] -> 3
    [2, 0, 0, 0, 0, 0, 0, 0, 2, 0, 0] -> 4
    [2, 0, 0, 0, 0, 0, 0, 0, 1, 0, 1] -> 3
    [2, 0, 0, 0, 0, 0, 0, 0, 1, 0, 0] -> 2
    [1, 0, 0, 0, 0, 0, 0, 0, 0, 0, 0] -> 1
    [1, 1, 0, 0, 0, 0, 0, 0, 0, 0, 0] -> 1
    [1, 0, 1, 0, 0, 0, 0, 0, 0, 0, 0] -> 1
    [1, 1, 1, 0, 0, 0, 0, 0, 0, 0, 0] -> 1
    [1, 0, 0, 0, 0, 0, 0, 0, 0, 0, 1] -> 1
    [1, 1, 0, 0, 0, 0, 0, 0, 0, 0, 1] -> 1
    [1, 0, 1, 0, 0, 0, 0, 0, 0, 0, 1] -> 1
    [1, 1, 1, 0, 0, 0, 0, 0, 0, 0, 1] -> 1
    [0, 0, 1, 0, 0, 0, 0, 0, 0, 0, 1] -> 0
    [0, 0, 0, 0, 0, 0, 0, 0, 0, 0, 0] -> 0
[2026-02-04T10:57:22Z TRACE merc_symbolic::sigref] Iteration 7 (18 blocks)
[2026-02-04T10:57:22Z INFO  merc_utilities::timing] Time signature_or: 0.000s
[2026-02-04T10:57:22Z INFO  merc_utilities::timing] Time signature: 0.000s
[2026-02-04T10:57:22Z TRACE merc_symbolic::sigref] Signature at iteration 7: [1, 1, 1, 0, 0, 0, 0, 0, 0, 0, 0] -> (16, 5)
    [1, 1, 1, 0, 1, 0, 0, 0, 0, 0, 0] -> (16, 5)
    [1, 1, 1, 0, 0, 1, 0, 0, 0, 0, 0] -> (16, 5)
    [1, 1, 1, 0, 1, 1, 0, 0, 0, 0, 0] -> (16, 5)
    [1, 1, 1, 0, 0, 0, 0, 0, 0, 0, 1] -> (16, 5)
    [1, 1, 1, 0, 1, 0, 0, 0, 0, 0, 1] -> (16, 5)
    [1, 1, 1, 0, 0, 1, 0, 0, 0, 0, 1] -> (16, 5)
    [1, 1, 1, 0, 1, 1, 0, 0, 0, 0, 1] -> (16, 5)
    [1, 1, 0, 0, 0, 0, 0, 0, 0, 0, 0] -> (3, 5)
    [1, 1, 0, 0, 1, 0, 0, 0, 0, 0, 0] -> (3, 5)
    [1, 1, 0, 0, 0, 1, 0, 0, 0, 0, 0] -> (3, 5)
    [1, 1, 0, 0, 1, 1, 0, 0, 0, 0, 0] -> (3, 5)
    [1, 1, 0, 0, 0, 0, 0, 0, 0, 0, 1] -> (3, 5)
    [1, 1, 0, 0, 1, 0, 0, 0, 0, 0, 1] -> (3, 5)
    [1, 1, 0, 0, 0, 1, 0, 0, 0, 0, 1] -> (3, 5)
    [1, 1, 0, 0, 1, 1, 0, 0, 0, 0, 1] -> (3, 5)
    [1, 0, 1, 0, 0, 0, 0, 0, 0, 0, 0] -> (15, 5)
    [1, 0, 1, 0, 1, 0, 0, 0, 0, 0, 0] -> (15, 5)
    [1, 0, 1, 0, 0, 1, 0, 0, 0, 0, 0] -> (15, 5)
    [1, 0, 1, 0, 1, 1, 0, 0, 0, 0, 0] -> (15, 5)
    [1, 0, 1, 0, 0, 0, 0, 0, 0, 0, 1] -> (15, 5)
    [1, 0, 1, 0, 1, 0, 0, 0, 0, 0, 1] -> (15, 5)
    [1, 0, 1, 0, 0, 1, 0, 0, 0, 0, 1] -> (15, 5)
    [1, 0, 1, 0, 1, 1, 0, 0, 0, 0, 1] -> (15, 5)
    [1, 0, 0, 0, 0, 0, 0, 0, 0, 0, 0] -> (2, 5)
    [1, 0, 0, 0, 1, 0, 0, 0, 0, 0, 0] -> (2, 5)
    [1, 0, 0, 0, 0, 1, 0, 0, 0, 0, 0] -> (2, 5)
    [1, 0, 0, 0, 1, 1, 0, 0, 0, 0, 0] -> (2, 5)
    [1, 0, 0, 0, 0, 0, 0, 0, 0, 0, 1] -> (2, 5)
    [1, 0, 0, 0, 1, 0, 0, 0, 0, 0, 1] -> (2, 5)
    [1, 0, 0, 0, 0, 1, 0, 0, 0, 0, 1] -> (2, 5)
    [1, 0, 0, 0, 1, 1, 0, 0, 0, 0, 1] -> (2, 5)
[2026-02-04T10:57:22Z TRACE merc_symbolic::sigref] Creating new block 0
[2026-02-04T10:57:22Z TRACE merc_symbolic::sigref] Creating new block 1
[2026-02-04T10:57:22Z TRACE merc_symbolic::sigref] Creating new block 2
[2026-02-04T10:57:22Z TRACE merc_symbolic::sigref] Creating new block 3
[2026-02-04T10:57:22Z TRACE merc_symbolic::sigref] Creating new block 4
[2026-02-04T10:57:22Z TRACE merc_symbolic::sigref] Creating new block 5
[2026-02-04T10:57:22Z TRACE merc_symbolic::sigref] Creating new block 6
[2026-02-04T10:57:22Z TRACE merc_symbolic::sigref] Creating new block 7
[2026-02-04T10:57:22Z TRACE merc_symbolic::sigref] Creating new block 8
[2026-02-04T10:57:22Z TRACE merc_symbolic::sigref] Creating new block 9
[2026-02-04T10:57:22Z TRACE merc_symbolic::sigref] Creating new block 10
[2026-02-04T10:57:22Z TRACE merc_symbolic::sigref] Creating new block 11
[2026-02-04T10:57:22Z TRACE merc_symbolic::sigref] Creating new block 12
[2026-02-04T10:57:22Z TRACE merc_symbolic::sigref] Creating new block 13
[2026-02-04T10:57:22Z TRACE merc_symbolic::sigref] Creating new block 14
[2026-02-04T10:57:22Z TRACE merc_symbolic::sigref] Creating new block 15
[2026-02-04T10:57:22Z TRACE merc_symbolic::sigref] Creating new block 16
[2026-02-04T10:57:22Z TRACE merc_symbolic::sigref] Creating new block 17
[2026-02-04T10:57:22Z TRACE merc_symbolic::sigref] Creating new block 18
[2026-02-04T10:57:22Z TRACE merc_symbolic::sigref] Creating new block 19
[2026-02-04T10:57:22Z TRACE merc_symbolic::sigref] Creating new block 20
[2026-02-04T10:57:22Z TRACE merc_symbolic::sigref] Creating new block 21
[2026-02-04T10:57:22Z INFO  merc_utilities::timing] Time refine: 0.001s
[2026-02-04T10:57:22Z TRACE merc_symbolic::sigref] Partition at iteration 7: [2, 1, 1, 3, 1, 0, 0, 0, 0, 0, 1] -> 21
    [2, 1, 1, 3, 1, 0, 0, 0, 0, 0, 0] -> 20
    [2, 1, 1, 2, 0, 0, 0, 0, 0, 0, 1] -> 12
    [2, 1, 1, 2, 0, 0, 0, 0, 0, 0, 0] -> 11
    [2, 1, 1, 1, 1, 0, 0, 0, 0, 0, 0] -> 8
    [2, 1, 1, 1, 1, 0, 0, 0, 0, 0, 1] -> 8
    [2, 1, 1, 0, 0, 0, 3, 1, 0, 0, 1] -> 10
    [2, 1, 1, 0, 0, 0, 3, 0, 0, 0, 0] -> 10
    [2, 1, 1, 0, 0, 0, 2, 0, 0, 0, 0] -> 9
    [2, 1, 1, 0, 0, 0, 2, 0, 0, 0, 1] -> 9
    [2, 1, 1, 0, 0, 0, 1, 1, 0, 0, 1] -> 8
    [2, 1, 1, 0, 0, 0, 1, 0, 0, 0, 0] -> 8
    [2, 1, 1, 0, 0, 0, 0, 0, 3, 0, 1] -> 5
    [2, 1, 1, 0, 0, 0, 0, 0, 2, 1, 1] -> 17
    [2, 1, 1, 0, 0, 0, 0, 0, 1, 0, 1] -> 6
    [2, 1, 1, 0, 0, 0, 0, 0, 1, 0, 0] -> 5
    [2, 1, 0, 3, 1, 1, 0, 0, 0, 0, 1] -> 19
    [2, 1, 0, 3, 1, 1, 0, 0, 0, 0, 0] -> 18
    [2, 1, 0, 2, 0, 0, 0, 0, 0, 0, 1] -> 12
    [2, 1, 0, 2, 0, 0, 0, 0, 0, 0, 0] -> 11
    [2, 1, 0, 1, 1, 1, 0, 0, 0, 0, 0] -> 8
    [2, 1, 0, 1, 1, 1, 0, 0, 0, 0, 1] -> 8
    [2, 1, 0, 0, 0, 0, 3, 1, 0, 0, 1] -> 10
    [2, 1, 0, 0, 0, 0, 3, 0, 0, 0, 0] -> 10
    [2, 1, 0, 0, 0, 0, 2, 0, 0, 0, 0] -> 9
    [2, 1, 0, 0, 0, 0, 2, 0, 0, 0, 1] -> 9
    [2, 1, 0, 0, 0, 0, 1, 1, 0, 0, 1] -> 8
    [2, 1, 0, 0, 0, 0, 1, 0, 0, 0, 0] -> 8
    [2, 1, 0, 0, 0, 0, 0, 0, 3, 0, 0] -> 6
    [2, 1, 0, 0, 0, 0, 0, 0, 2, 1, 0] -> 17
    [2, 1, 0, 0, 0, 0, 0, 0, 1, 0, 1] -> 6
    [2, 1, 0, 0, 0, 0, 0, 0, 1, 0, 0] -> 5
    [2, 0, 1, 3, 0, 0, 0, 0, 0, 0, 1] -> 16
    [2, 0, 1, 3, 0, 0, 0, 0, 0, 0, 0] -> 15
    [2, 0, 1, 2, 0, 0, 0, 0, 0, 0, 1] -> 12
    [2, 0, 1, 2, 0, 0, 0, 0, 0, 0, 0] -> 11
    [2, 0, 1, 1, 0, 0, 0, 0, 0, 0, 0] -> 8
    [2, 0, 1, 1, 0, 0, 0, 0, 0, 0, 1] -> 8
    [2, 0, 1, 0, 0, 0, 3, 1, 0, 0, 1] -> 10
    [2, 0, 1, 0, 0, 0, 3, 0, 0, 0, 0] -> 10
    [2, 0, 1, 0, 0, 0, 2, 0, 0, 0, 0] -> 9
    [2, 0, 1, 0, 0, 0, 2, 0, 0, 0, 1] -> 9
    [2, 0, 1, 0, 0, 0, 1, 1, 0, 0, 1] -> 8
    [2, 0, 1, 0, 0, 0, 1, 0, 0, 0, 0] -> 8
    [2, 0, 1, 0, 0, 0, 0, 0, 3, 0, 1] -> 5
    [2, 0, 1, 0, 0, 0, 0, 0, 2, 0, 1] -> 7
    [2, 0, 1, 0, 0, 0, 0, 0, 1, 0, 1] -> 6
    [2, 0, 1, 0, 0, 0, 0, 0, 1, 0, 0] -> 5
    [2, 0, 0, 3, 0, 1, 0, 0, 0, 0, 1] -> 14
    [2, 0, 0, 3, 0, 1, 0, 0, 0, 0, 0] -> 13
    [2, 0, 0, 2, 0, 0, 0, 0, 0, 0, 1] -> 12
    [2, 0, 0, 2, 0, 0, 0, 0, 0, 0, 0] -> 11
    [2, 0, 0, 1, 0, 1, 0, 0, 0, 0, 0] -> 8
    [2, 0, 0, 1, 0, 1, 0, 0, 0, 0, 1] -> 8
    [2, 0, 0, 0, 0, 0, 3, 1, 0, 0, 1] -> 10
    [2, 0, 0, 0, 0, 0, 3, 0, 0, 0, 0] -> 10
    [2, 0, 0, 0, 0, 0, 2, 0, 0, 0, 0] -> 9
    [2, 0, 0, 0, 0, 0, 2, 0, 0, 0, 1] -> 9
    [2, 0, 0, 0, 0, 0, 1, 1, 0, 0, 1] -> 8
    [2, 0, 0, 0, 0, 0, 1, 0, 0, 0, 0] -> 8
    [2, 0, 0, 0, 0, 0, 0, 0, 3, 0, 0] -> 6
    [2, 0, 0, 0, 0, 0, 0, 0, 2, 0, 0] -> 7
    [2, 0, 0, 0, 0, 0, 0, 0, 1, 0, 1] -> 6
    [2, 0, 0, 0, 0, 0, 0, 0, 1, 0, 0] -> 5
    [1, 1, 1, 0, 0, 0, 0, 0, 0, 0, 0] -> 4
    [1, 1, 1, 0, 0, 0, 0, 0, 0, 0, 1] -> 4
    [1, 1, 0, 0, 0, 0, 0, 0, 0, 0, 0] -> 3
    [1, 1, 0, 0, 0, 0, 0, 0, 0, 0, 1] -> 3
    [1, 0, 1, 0, 0, 0, 0, 0, 0, 0, 0] -> 2
    [1, 0, 1, 0, 0, 0, 0, 0, 0, 0, 1] -> 2
    [1, 0, 0, 0, 0, 0, 0, 0, 0, 0, 0] -> 1
    [1, 0, 0, 0, 0, 0, 0, 0, 0, 0, 1] -> 1
    [0, 0, 1, 0, 0, 0, 0, 0, 0, 0, 1] -> 0
    [0, 0, 0, 0, 0, 0, 0, 0, 0, 0, 0] -> 0
[2026-02-04T10:57:22Z TRACE merc_symbolic::sigref] Iteration 8 (22 blocks)
[2026-02-04T10:57:22Z INFO  merc_utilities::timing] Time signature_or: 0.000s
[2026-02-04T10:57:22Z INFO  merc_utilities::timing] Time signature: 0.000s
[2026-02-04T10:57:22Z TRACE merc_symbolic::sigref] Signature at iteration 8: [2, 1, 1, 0, 0, 0, 3, 1, 0, 0, 0] -> (14, 4)
    [2, 1, 1, 0, 0, 0, 3, 1, 0, 0, 1] -> (14, 4)
    [2, 1, 1, 0, 0, 0, 3, 0, 0, 0, 0] -> (13, 0)
    [2, 1, 0, 0, 0, 0, 3, 1, 0, 0, 1] -> (14, 0)
    [2, 1, 0, 0, 0, 0, 3, 0, 0, 0, 0] -> (13, 3)
    [2, 1, 0, 0, 0, 0, 3, 0, 0, 0, 1] -> (13, 3)
    [2, 0, 1, 0, 0, 0, 3, 1, 0, 0, 0] -> (14, 2)
    [2, 0, 1, 0, 0, 0, 3, 1, 0, 0, 1] -> (14, 2)
    [2, 0, 1, 0, 0, 0, 3, 0, 0, 0, 0] -> (13, 0)
    [2, 0, 0, 0, 0, 0, 3, 1, 0, 0, 1] -> (14, 0)
    [2, 0, 0, 0, 0, 0, 3, 0, 0, 0, 0] -> (13, 1)
    [2, 0, 0, 0, 0, 0, 3, 0, 0, 0, 1] -> (13, 1)
[2026-02-04T10:57:22Z TRACE merc_symbolic::sigref] Creating new block 0
[2026-02-04T10:57:22Z TRACE merc_symbolic::sigref] Creating new block 1
[2026-02-04T10:57:22Z TRACE merc_symbolic::sigref] Creating new block 2
[2026-02-04T10:57:22Z TRACE merc_symbolic::sigref] Creating new block 3
[2026-02-04T10:57:22Z TRACE merc_symbolic::sigref] Creating new block 4
[2026-02-04T10:57:22Z TRACE merc_symbolic::sigref] Creating new block 5
[2026-02-04T10:57:22Z TRACE merc_symbolic::sigref] Creating new block 6
[2026-02-04T10:57:22Z TRACE merc_symbolic::sigref] Creating new block 7
[2026-02-04T10:57:22Z TRACE merc_symbolic::sigref] Creating new block 8
[2026-02-04T10:57:22Z TRACE merc_symbolic::sigref] Creating new block 9
[2026-02-04T10:57:22Z TRACE merc_symbolic::sigref] Creating new block 10
[2026-02-04T10:57:22Z TRACE merc_symbolic::sigref] Creating new block 11
[2026-02-04T10:57:22Z TRACE merc_symbolic::sigref] Creating new block 12
[2026-02-04T10:57:22Z TRACE merc_symbolic::sigref] Creating new block 13
[2026-02-04T10:57:22Z TRACE merc_symbolic::sigref] Creating new block 14
[2026-02-04T10:57:22Z TRACE merc_symbolic::sigref] Creating new block 15
[2026-02-04T10:57:22Z TRACE merc_symbolic::sigref] Creating new block 16
[2026-02-04T10:57:22Z TRACE merc_symbolic::sigref] Creating new block 17
[2026-02-04T10:57:22Z TRACE merc_symbolic::sigref] Creating new block 18
[2026-02-04T10:57:22Z TRACE merc_symbolic::sigref] Creating new block 19
[2026-02-04T10:57:22Z TRACE merc_symbolic::sigref] Creating new block 20
[2026-02-04T10:57:22Z TRACE merc_symbolic::sigref] Creating new block 21
[2026-02-04T10:57:22Z TRACE merc_symbolic::sigref] Creating new block 22
[2026-02-04T10:57:22Z TRACE merc_symbolic::sigref] Creating new block 23
[2026-02-04T10:57:22Z TRACE merc_symbolic::sigref] Creating new block 24
[2026-02-04T10:57:22Z TRACE merc_symbolic::sigref] Creating new block 25
[2026-02-04T10:57:22Z TRACE merc_symbolic::sigref] Creating new block 26
[2026-02-04T10:57:22Z INFO  merc_utilities::timing] Time refine: 0.001s
[2026-02-04T10:57:22Z TRACE merc_symbolic::sigref] Partition at iteration 8: [2, 1, 1, 3, 1, 0, 0, 0, 0, 0, 1] -> 26
    [2, 1, 1, 3, 1, 0, 0, 0, 0, 0, 0] -> 25
    [2, 1, 1, 2, 0, 0, 0, 0, 0, 0, 1] -> 13
    [2, 1, 1, 2, 0, 0, 0, 0, 0, 0, 0] -> 12
    [2, 1, 1, 1, 1, 0, 0, 0, 0, 0, 0] -> 8
    [2, 1, 1, 1, 1, 0, 0, 0, 0, 0, 1] -> 8
    [2, 1, 1, 0, 0, 0, 3, 1, 0, 0, 1] -> 24
    [2, 1, 1, 0, 0, 0, 3, 0, 0, 0, 0] -> 16
    [2, 1, 1, 0, 0, 0, 2, 0, 0, 0, 0] -> 9
    [2, 1, 1, 0, 0, 0, 2, 0, 0, 0, 1] -> 9
    [2, 1, 1, 0, 0, 0, 1, 1, 0, 0, 1] -> 8
    [2, 1, 1, 0, 0, 0, 1, 0, 0, 0, 0] -> 8
    [2, 1, 1, 0, 0, 0, 0, 0, 3, 0, 1] -> 5
    [2, 1, 1, 0, 0, 0, 0, 0, 2, 1, 1] -> 20
    [2, 1, 1, 0, 0, 0, 0, 0, 1, 0, 1] -> 6
    [2, 1, 1, 0, 0, 0, 0, 0, 1, 0, 0] -> 5
    [2, 1, 0, 3, 1, 1, 0, 0, 0, 0, 1] -> 23
    [2, 1, 0, 3, 1, 1, 0, 0, 0, 0, 0] -> 22
    [2, 1, 0, 2, 0, 0, 0, 0, 0, 0, 1] -> 13
    [2, 1, 0, 2, 0, 0, 0, 0, 0, 0, 0] -> 12
    [2, 1, 0, 1, 1, 1, 0, 0, 0, 0, 0] -> 8
    [2, 1, 0, 1, 1, 1, 0, 0, 0, 0, 1] -> 8
    [2, 1, 0, 0, 0, 0, 3, 1, 0, 0, 1] -> 11
    [2, 1, 0, 0, 0, 0, 3, 0, 0, 0, 0] -> 21
    [2, 1, 0, 0, 0, 0, 2, 0, 0, 0, 0] -> 9
    [2, 1, 0, 0, 0, 0, 2, 0, 0, 0, 1] -> 9
    [2, 1, 0, 0, 0, 0, 1, 1, 0, 0, 1] -> 8
    [2, 1, 0, 0, 0, 0, 1, 0, 0, 0, 0] -> 8
    [2, 1, 0, 0, 0, 0, 0, 0, 3, 0, 0] -> 6
    [2, 1, 0, 0, 0, 0, 0, 0, 2, 1, 0] -> 20
    [2, 1, 0, 0, 0, 0, 0, 0, 1, 0, 1] -> 6
    [2, 1, 0, 0, 0, 0, 0, 0, 1, 0, 0] -> 5
    [2, 0, 1, 3, 0, 0, 0, 0, 0, 0, 1] -> 19
    [2, 0, 1, 3, 0, 0, 0, 0, 0, 0, 0] -> 18
    [2, 0, 1, 2, 0, 0, 0, 0, 0, 0, 1] -> 13
    [2, 0, 1, 2, 0, 0, 0, 0, 0, 0, 0] -> 12
    [2, 0, 1, 1, 0, 0, 0, 0, 0, 0, 0] -> 8
    [2, 0, 1, 1, 0, 0, 0, 0, 0, 0, 1] -> 8
    [2, 0, 1, 0, 0, 0, 3, 1, 0, 0, 1] -> 17
    [2, 0, 1, 0, 0, 0, 3, 0, 0, 0, 0] -> 16
    [2, 0, 1, 0, 0, 0, 2, 0, 0, 0, 0] -> 9
    [2, 0, 1, 0, 0, 0, 2, 0, 0, 0, 1] -> 9
    [2, 0, 1, 0, 0, 0, 1, 1, 0, 0, 1] -> 8
    [2, 0, 1, 0, 0, 0, 1, 0, 0, 0, 0] -> 8
    [2, 0, 1, 0, 0, 0, 0, 0, 3, 0, 1] -> 5
    [2, 0, 1, 0, 0, 0, 0, 0, 2, 0, 1] -> 7
    [2, 0, 1, 0, 0, 0, 0, 0, 1, 0, 1] -> 6
    [2, 0, 1, 0, 0, 0, 0, 0, 1, 0, 0] -> 5
    [2, 0, 0, 3, 0, 1, 0, 0, 0, 0, 1] -> 15
    [2, 0, 0, 3, 0, 1, 0, 0, 0, 0, 0] -> 14
    [2, 0, 0, 2, 0, 0, 0, 0, 0, 0, 1] -> 13
    [2, 0, 0, 2, 0, 0, 0, 0, 0, 0, 0] -> 12
    [2, 0, 0, 1, 0, 1, 0, 0, 0, 0, 0] -> 8
    [2, 0, 0, 1, 0, 1, 0, 0, 0, 0, 1] -> 8
    [2, 0, 0, 0, 0, 0, 3, 1, 0, 0, 1] -> 11
    [2, 0, 0, 0, 0, 0, 3, 0, 0, 0, 0] -> 10
    [2, 0, 0, 0, 0, 0, 2, 0, 0, 0, 0] -> 9
    [2, 0, 0, 0, 0, 0, 2, 0, 0, 0, 1] -> 9
    [2, 0, 0, 0, 0, 0, 1, 1, 0, 0, 1] -> 8
    [2, 0, 0, 0, 0, 0, 1, 0, 0, 0, 0] -> 8
    [2, 0, 0, 0, 0, 0, 0, 0, 3, 0, 0] -> 6
    [2, 0, 0, 0, 0, 0, 0, 0, 2, 0, 0] -> 7
    [2, 0, 0, 0, 0, 0, 0, 0, 1, 0, 1] -> 6
    [2, 0, 0, 0, 0, 0, 0, 0, 1, 0, 0] -> 5
    [1, 1, 1, 0, 0, 0, 0, 0, 0, 0, 0] -> 4
    [1, 1, 1, 0, 0, 0, 0, 0, 0, 0, 1] -> 4
    [1, 1, 0, 0, 0, 0, 0, 0, 0, 0, 0] -> 3
    [1, 1, 0, 0, 0, 0, 0, 0, 0, 0, 1] -> 3
    [1, 0, 1, 0, 0, 0, 0, 0, 0, 0, 0] -> 2
    [1, 0, 1, 0, 0, 0, 0, 0, 0, 0, 1] -> 2
    [1, 0, 0, 0, 0, 0, 0, 0, 0, 0, 0] -> 1
    [1, 0, 0, 0, 0, 0, 0, 0, 0, 0, 1] -> 1
    [0, 0, 1, 0, 0, 0, 0, 0, 0, 0, 1] -> 0
    [0, 0, 0, 0, 0, 0, 0, 0, 0, 0, 0] -> 0
[2026-02-04T10:57:22Z TRACE merc_symbolic::sigref] Iteration 9 (27 blocks)
[2026-02-04T10:57:22Z INFO  merc_utilities::timing] Time signature_or: 0.000s
[2026-02-04T10:57:22Z INFO  merc_utilities::timing] Time signature: 0.000s
[2026-02-04T10:57:22Z TRACE merc_symbolic::sigref] Signature at iteration 9: [0, 0, 1, 0, 0, 0, 0, 0, 0, 0, 0] -> (1, 4)
    [0, 1, 1, 0, 0, 0, 0, 0, 0, 0, 0] -> (1, 4)
    [0, 0, 1, 0, 0, 0, 0, 0, 0, 0, 1] -> (1, 4)
    [0, 1, 1, 0, 0, 0, 0, 0, 0, 0, 1] -> (1, 4)
    [0, 0, 1, 0, 0, 0, 0, 0, 0, 0, 0] -> (0, 2)
    [0, 1, 1, 0, 0, 0, 0, 0, 0, 0, 0] -> (0, 2)
    [0, 0, 1, 0, 0, 0, 0, 0, 0, 0, 1] -> (0, 2)
    [0, 1, 1, 0, 0, 0, 0, 0, 0, 0, 1] -> (0, 2)
    [0, 0, 0, 0, 0, 0, 0, 0, 0, 0, 0] -> (1, 3)
    [0, 1, 0, 0, 0, 0, 0, 0, 0, 0, 0] -> (1, 3)
    [0, 0, 0, 0, 0, 0, 0, 0, 0, 0, 1] -> (1, 3)
    [0, 1, 0, 0, 0, 0, 0, 0, 0, 0, 1] -> (1, 3)
    [0, 0, 0, 0, 0, 0, 0, 0, 0, 0, 0] -> (0, 1)
    [0, 1, 0, 0, 0, 0, 0, 0, 0, 0, 0] -> (0, 1)
    [0, 0, 0, 0, 0, 0, 0, 0, 0, 0, 1] -> (0, 1)
    [0, 1, 0, 0, 0, 0, 0, 0, 0, 0, 1] -> (0, 1)
[2026-02-04T10:57:22Z TRACE merc_symbolic::sigref] Creating new block 0
[2026-02-04T10:57:22Z TRACE merc_symbolic::sigref] Creating new block 1
[2026-02-04T10:57:22Z TRACE merc_symbolic::sigref] Creating new block 2
[2026-02-04T10:57:22Z TRACE merc_symbolic::sigref] Creating new block 3
[2026-02-04T10:57:22Z TRACE merc_symbolic::sigref] Creating new block 4
[2026-02-04T10:57:22Z TRACE merc_symbolic::sigref] Creating new block 5
[2026-02-04T10:57:22Z TRACE merc_symbolic::sigref] Creating new block 6
[2026-02-04T10:57:22Z TRACE merc_symbolic::sigref] Creating new block 7
[2026-02-04T10:57:22Z TRACE merc_symbolic::sigref] Creating new block 8
[2026-02-04T10:57:22Z TRACE merc_symbolic::sigref] Creating new block 9
[2026-02-04T10:57:22Z TRACE merc_symbolic::sigref] Creating new block 10
[2026-02-04T10:57:22Z TRACE merc_symbolic::sigref] Creating new block 11
[2026-02-04T10:57:22Z TRACE merc_symbolic::sigref] Creating new block 12
[2026-02-04T10:57:22Z TRACE merc_symbolic::sigref] Creating new block 13
[2026-02-04T10:57:22Z TRACE merc_symbolic::sigref] Creating new block 14
[2026-02-04T10:57:22Z TRACE merc_symbolic::sigref] Creating new block 15
[2026-02-04T10:57:22Z TRACE merc_symbolic::sigref] Creating new block 16
[2026-02-04T10:57:22Z TRACE merc_symbolic::sigref] Creating new block 17
[2026-02-04T10:57:22Z TRACE merc_symbolic::sigref] Creating new block 18
[2026-02-04T10:57:22Z TRACE merc_symbolic::sigref] Creating new block 19
[2026-02-04T10:57:22Z TRACE merc_symbolic::sigref] Creating new block 20
[2026-02-04T10:57:22Z TRACE merc_symbolic::sigref] Creating new block 21
[2026-02-04T10:57:22Z TRACE merc_symbolic::sigref] Creating new block 22
[2026-02-04T10:57:22Z TRACE merc_symbolic::sigref] Creating new block 23
[2026-02-04T10:57:22Z TRACE merc_symbolic::sigref] Creating new block 24
[2026-02-04T10:57:22Z TRACE merc_symbolic::sigref] Creating new block 25
[2026-02-04T10:57:22Z TRACE merc_symbolic::sigref] Creating new block 26
[2026-02-04T10:57:22Z TRACE merc_symbolic::sigref] Creating new block 27
[2026-02-04T10:57:22Z INFO  merc_utilities::timing] Time refine: 0.001s
[2026-02-04T10:57:22Z TRACE merc_symbolic::sigref] Partition at iteration 9: [2, 1, 1, 3, 1, 0, 0, 0, 0, 0, 1] -> 27
    [2, 1, 1, 3, 1, 0, 0, 0, 0, 0, 0] -> 26
    [2, 1, 1, 2, 0, 0, 0, 0, 0, 0, 1] -> 14
    [2, 1, 1, 2, 0, 0, 0, 0, 0, 0, 0] -> 13
    [2, 1, 1, 1, 1, 0, 0, 0, 0, 0, 0] -> 9
    [2, 1, 1, 1, 1, 0, 0, 0, 0, 0, 1] -> 9
    [2, 1, 1, 0, 0, 0, 3, 1, 0, 0, 1] -> 25
    [2, 1, 1, 0, 0, 0, 3, 0, 0, 0, 0] -> 17
    [2, 1, 1, 0, 0, 0, 2, 0, 0, 0, 0] -> 10
    [2, 1, 1, 0, 0, 0, 2, 0, 0, 0, 1] -> 10
    [2, 1, 1, 0, 0, 0, 1, 1, 0, 0, 1] -> 9
    [2, 1, 1, 0, 0, 0, 1, 0, 0, 0, 0] -> 9
    [2, 1, 1, 0, 0, 0, 0, 0, 3, 0, 1] -> 6
    [2, 1, 1, 0, 0, 0, 0, 0, 2, 1, 1] -> 21
    [2, 1, 1, 0, 0, 0, 0, 0, 1, 0, 1] -> 7
    [2, 1, 1, 0, 0, 0, 0, 0, 1, 0, 0] -> 6
    [2, 1, 0, 3, 1, 1, 0, 0, 0, 0, 1] -> 24
    [2, 1, 0, 3, 1, 1, 0, 0, 0, 0, 0] -> 23
    [2, 1, 0, 2, 0, 0, 0, 0, 0, 0, 1] -> 14
    [2, 1, 0, 2, 0, 0, 0, 0, 0, 0, 0] -> 13
    [2, 1, 0, 1, 1, 1, 0, 0, 0, 0, 0] -> 9
    [2, 1, 0, 1, 1, 1, 0, 0, 0, 0, 1] -> 9
    [2, 1, 0, 0, 0, 0, 3, 1, 0, 0, 1] -> 12
    [2, 1, 0, 0, 0, 0, 3, 0, 0, 0, 0] -> 22
    [2, 1, 0, 0, 0, 0, 2, 0, 0, 0, 0] -> 10
    [2, 1, 0, 0, 0, 0, 2, 0, 0, 0, 1] -> 10
    [2, 1, 0, 0, 0, 0, 1, 1, 0, 0, 1] -> 9
    [2, 1, 0, 0, 0, 0, 1, 0, 0, 0, 0] -> 9
    [2, 1, 0, 0, 0, 0, 0, 0, 3, 0, 0] -> 7
    [2, 1, 0, 0, 0, 0, 0, 0, 2, 1, 0] -> 21
    [2, 1, 0, 0, 0, 0, 0, 0, 1, 0, 1] -> 7
    [2, 1, 0, 0, 0, 0, 0, 0, 1, 0, 0] -> 6
    [2, 0, 1, 3, 0, 0, 0, 0, 0, 0, 1] -> 20
    [2, 0, 1, 3, 0, 0, 0, 0, 0, 0, 0] -> 19
    [2, 0, 1, 2, 0, 0, 0, 0, 0, 0, 1] -> 14
    [2, 0, 1, 2, 0, 0, 0, 0, 0, 0, 0] -> 13
    [2, 0, 1, 1, 0, 0, 0, 0, 0, 0, 0] -> 9
    [2, 0, 1, 1, 0, 0, 0, 0, 0, 0, 1] -> 9
    [2, 0, 1, 0, 0, 0, 3, 1, 0, 0, 1] -> 18
    [2, 0, 1, 0, 0, 0, 3, 0, 0, 0, 0] -> 17
    [2, 0, 1, 0, 0, 0, 2, 0, 0, 0, 0] -> 10
    [2, 0, 1, 0, 0, 0, 2, 0, 0, 0, 1] -> 10
    [2, 0, 1, 0, 0, 0, 1, 1, 0, 0, 1] -> 9
    [2, 0, 1, 0, 0, 0, 1, 0, 0, 0, 0] -> 9
    [2, 0, 1, 0, 0, 0, 0, 0, 3, 0, 1] -> 6
    [2, 0, 1, 0, 0, 0, 0, 0, 2, 0, 1] -> 8
    [2, 0, 1, 0, 0, 0, 0, 0, 1, 0, 1] -> 7
    [2, 0, 1, 0, 0, 0, 0, 0, 1, 0, 0] -> 6
    [2, 0, 0, 3, 0, 1, 0, 0, 0, 0, 1] -> 16
    [2, 0, 0, 3, 0, 1, 0, 0, 0, 0, 0] -> 15
    [2, 0, 0, 2, 0, 0, 0, 0, 0, 0, 1] -> 14
    [2, 0, 0, 2, 0, 0, 0, 0, 0, 0, 0] -> 13
    [2, 0, 0, 1, 0, 1, 0, 0, 0, 0, 0] -> 9
    [2, 0, 0, 1, 0, 1, 0, 0, 0, 0, 1] -> 9
    [2, 0, 0, 0, 0, 0, 3, 1, 0, 0, 1] -> 12
    [2, 0, 0, 0, 0, 0, 3, 0, 0, 0, 0] -> 11
    [2, 0, 0, 0, 0, 0, 2, 0, 0, 0, 0] -> 10
    [2, 0, 0, 0, 0, 0, 2, 0, 0, 0, 1] -> 10
    [2, 0, 0, 0, 0, 0, 1, 1, 0, 0, 1] -> 9
    [2, 0, 0, 0, 0, 0, 1, 0, 0, 0, 0] -> 9
    [2, 0, 0, 0, 0, 0, 0, 0, 3, 0, 0] -> 7
    [2, 0, 0, 0, 0, 0, 0, 0, 2, 0, 0] -> 8
    [2, 0, 0, 0, 0, 0, 0, 0, 1, 0, 1] -> 7
    [2, 0, 0, 0, 0, 0, 0, 0, 1, 0, 0] -> 6
    [1, 1, 1, 0, 0, 0, 0, 0, 0, 0, 0] -> 5
    [1, 1, 1, 0, 0, 0, 0, 0, 0, 0, 1] -> 5
    [1, 1, 0, 0, 0, 0, 0, 0, 0, 0, 0] -> 4
    [1, 1, 0, 0, 0, 0, 0, 0, 0, 0, 1] -> 4
    [1, 0, 1, 0, 0, 0, 0, 0, 0, 0, 0] -> 3
    [1, 0, 1, 0, 0, 0, 0, 0, 0, 0, 1] -> 3
    [1, 0, 0, 0, 0, 0, 0, 0, 0, 0, 0] -> 2
    [1, 0, 0, 0, 0, 0, 0, 0, 0, 0, 1] -> 2
    [0, 0, 1, 0, 0, 0, 0, 0, 0, 0, 1] -> 1
    [0, 0, 0, 0, 0, 0, 0, 0, 0, 0, 0] -> 0
[2026-02-04T10:57:22Z TRACE merc_symbolic::sigref] Iteration 10 (28 blocks)
[2026-02-04T10:57:22Z INFO  merc_utilities::timing] Time signature_or: 0.000s
[2026-02-04T10:57:22Z INFO  merc_utilities::timing] Time signature_or: 0.000s
[2026-02-04T10:57:22Z INFO  merc_utilities::timing] Time signature: 0.001s
[2026-02-04T10:57:22Z TRACE merc_symbolic::sigref] Signature at iteration 10: [2, 1, 1, 1, 1, 1, 0, 0, 0, 0, 1] -> (4, 14)
    [2, 1, 1, 1, 1, 1, 0, 0, 0, 0, 0] -> (4, 13)
    [2, 1, 1, 1, 1, 0, 0, 0, 0, 0, 1] -> (4, 27)
    [2, 1, 1, 1, 1, 0, 0, 0, 0, 0, 1] -> (4, 14)
    [2, 1, 1, 1, 1, 0, 0, 0, 0, 0, 0] -> (4, 13)
    [2, 1, 1, 1, 1, 0, 0, 0, 0, 0, 0] -> (4, 26)
    [2, 1, 1, 1, 0, 0, 0, 0, 0, 0, 1] -> (4, 14)
    [2, 1, 1, 1, 0, 1, 0, 0, 0, 0, 1] -> (4, 14)
    [2, 1, 1, 1, 0, 0, 0, 0, 0, 0, 0] -> (4, 13)
    [2, 1, 1, 1, 0, 1, 0, 0, 0, 0, 0] -> (4, 13)
    [2, 1, 1, 0, 0, 0, 1, 1, 0, 0, 1] -> (4, 25)
    [2, 1, 1, 0, 0, 0, 1, 1, 0, 0, 0] -> (4, 10)
    [2, 1, 1, 0, 0, 0, 1, 1, 0, 0, 1] -> (4, 10)
    [2, 1, 1, 0, 0, 0, 1, 0, 0, 0, 1] -> (4, 10)
    [2, 1, 1, 0, 0, 0, 1, 0, 0, 0, 0] -> (4, 17)
    [2, 1, 1, 0, 0, 0, 1, 0, 0, 0, 0] -> (4, 10)
    [2, 1, 0, 1, 1, 1, 0, 0, 0, 0, 1] -> (4, 14)
    [2, 1, 0, 1, 1, 1, 0, 0, 0, 0, 1] -> (4, 24)
    [2, 1, 0, 1, 1, 1, 0, 0, 0, 0, 0] -> (4, 23)
    [2, 1, 0, 1, 1, 1, 0, 0, 0, 0, 0] -> (4, 13)
    [2, 1, 0, 1, 1, 0, 0, 0, 0, 0, 1] -> (4, 14)
    [2, 1, 0, 1, 1, 0, 0, 0, 0, 0, 0] -> (4, 13)
    [2, 1, 0, 1, 0, 0, 0, 0, 0, 0, 1] -> (4, 14)
    [2, 1, 0, 1, 0, 1, 0, 0, 0, 0, 1] -> (4, 14)
    [2, 1, 0, 1, 0, 0, 0, 0, 0, 0, 0] -> (4, 13)
    [2, 1, 0, 1, 0, 1, 0, 0, 0, 0, 0] -> (4, 13)
    [2, 1, 0, 0, 0, 0, 1, 1, 0, 0, 1] -> (4, 10)
    [2, 1, 0, 0, 0, 0, 1, 1, 0, 0, 1] -> (4, 12)
    [2, 1, 0, 0, 0, 0, 1, 1, 0, 0, 0] -> (4, 10)
    [2, 1, 0, 0, 0, 0, 1, 0, 0, 0, 1] -> (4, 10)
    [2, 1, 0, 0, 0, 0, 1, 0, 0, 0, 0] -> (4, 22)
    [2, 1, 0, 0, 0, 0, 1, 0, 0, 0, 0] -> (4, 10)
    [2, 0, 1, 1, 1, 0, 0, 0, 0, 0, 1] -> (4, 14)
    [2, 0, 1, 1, 1, 1, 0, 0, 0, 0, 1] -> (4, 14)
    [2, 0, 1, 1, 1, 0, 0, 0, 0, 0, 0] -> (4, 13)
    [2, 0, 1, 1, 1, 1, 0, 0, 0, 0, 0] -> (4, 13)
    [2, 0, 1, 1, 0, 1, 0, 0, 0, 0, 1] -> (4, 14)
    [2, 0, 1, 1, 0, 1, 0, 0, 0, 0, 0] -> (4, 13)
    [2, 0, 1, 1, 0, 0, 0, 0, 0, 0, 1] -> (4, 14)
    [2, 0, 1, 1, 0, 0, 0, 0, 0, 0, 1] -> (4, 20)
    [2, 0, 1, 1, 0, 0, 0, 0, 0, 0, 0] -> (4, 19)
    [2, 0, 1, 1, 0, 0, 0, 0, 0, 0, 0] -> (4, 13)
    [2, 0, 1, 0, 0, 0, 1, 1, 0, 0, 1] -> (4, 10)
    [2, 0, 1, 0, 0, 0, 1, 1, 0, 0, 1] -> (4, 18)
    [2, 0, 1, 0, 0, 0, 1, 1, 0, 0, 0] -> (4, 10)
    [2, 0, 1, 0, 0, 0, 1, 0, 0, 0, 1] -> (4, 10)
    [2, 0, 1, 0, 0, 0, 1, 0, 0, 0, 0] -> (4, 17)
    [2, 0, 1, 0, 0, 0, 1, 0, 0, 0, 0] -> (4, 10)
    [2, 0, 0, 1, 1, 0, 0, 0, 0, 0, 1] -> (4, 14)
    [2, 0, 0, 1, 1, 1, 0, 0, 0, 0, 1] -> (4, 14)
    [2, 0, 0, 1, 1, 0, 0, 0, 0, 0, 0] -> (4, 13)
    [2, 0, 0, 1, 1, 1, 0, 0, 0, 0, 0] -> (4, 13)
    [2, 0, 0, 1, 0, 1, 0, 0, 0, 0, 1] -> (4, 14)
    [2, 0, 0, 1, 0, 1, 0, 0, 0, 0, 1] -> (4, 16)
    [2, 0, 0, 1, 0, 1, 0, 0, 0, 0, 0] -> (4, 13)
    [2, 0, 0, 1, 0, 1, 0, 0, 0, 0, 0] -> (4, 15)
    [2, 0, 0, 1, 0, 0, 0, 0, 0, 0, 1] -> (4, 14)
    [2, 0, 0, 1, 0, 0, 0, 0, 0, 0, 0] -> (4, 13)
    [2, 0, 0, 0, 0, 0, 1, 1, 0, 0, 1] -> (4, 10)
    [2, 0, 0, 0, 0, 0, 1, 1, 0, 0, 1] -> (4, 12)
    [2, 0, 0, 0, 0, 0, 1, 1, 0, 0, 0] -> (4, 10)
    [2, 0, 0, 0, 0, 0, 1, 0, 0, 0, 1] -> (4, 10)
    [2, 0, 0, 0, 0, 0, 1, 0, 0, 0, 0] -> (4, 10)
    [2, 0, 0, 0, 0, 0, 1, 0, 0, 0, 0] -> (4, 11)
[2026-02-04T10:57:22Z TRACE merc_symbolic::sigref] Creating new block 0
[2026-02-04T10:57:22Z TRACE merc_symbolic::sigref] Creating new block 1
[2026-02-04T10:57:22Z TRACE merc_symbolic::sigref] Creating new block 2
[2026-02-04T10:57:22Z TRACE merc_symbolic::sigref] Creating new block 3
[2026-02-04T10:57:22Z TRACE merc_symbolic::sigref] Creating new block 4
[2026-02-04T10:57:22Z TRACE merc_symbolic::sigref] Creating new block 5
[2026-02-04T10:57:22Z TRACE merc_symbolic::sigref] Creating new block 6
[2026-02-04T10:57:22Z TRACE merc_symbolic::sigref] Creating new block 7
[2026-02-04T10:57:22Z TRACE merc_symbolic::sigref] Creating new block 8
[2026-02-04T10:57:22Z TRACE merc_symbolic::sigref] Creating new block 9
[2026-02-04T10:57:22Z TRACE merc_symbolic::sigref] Creating new block 10
[2026-02-04T10:57:22Z TRACE merc_symbolic::sigref] Creating new block 11
[2026-02-04T10:57:22Z TRACE merc_symbolic::sigref] Creating new block 12
[2026-02-04T10:57:22Z TRACE merc_symbolic::sigref] Creating new block 13
[2026-02-04T10:57:22Z TRACE merc_symbolic::sigref] Creating new block 14
[2026-02-04T10:57:22Z TRACE merc_symbolic::sigref] Creating new block 15
[2026-02-04T10:57:22Z TRACE merc_symbolic::sigref] Creating new block 16
[2026-02-04T10:57:22Z TRACE merc_symbolic::sigref] Creating new block 17
[2026-02-04T10:57:22Z TRACE merc_symbolic::sigref] Creating new block 18
[2026-02-04T10:57:22Z TRACE merc_symbolic::sigref] Creating new block 19
[2026-02-04T10:57:22Z TRACE merc_symbolic::sigref] Creating new block 20
[2026-02-04T10:57:22Z TRACE merc_symbolic::sigref] Creating new block 21
[2026-02-04T10:57:22Z TRACE merc_symbolic::sigref] Creating new block 22
[2026-02-04T10:57:22Z TRACE merc_symbolic::sigref] Creating new block 23
[2026-02-04T10:57:22Z TRACE merc_symbolic::sigref] Creating new block 24
[2026-02-04T10:57:22Z TRACE merc_symbolic::sigref] Creating new block 25
[2026-02-04T10:57:22Z TRACE merc_symbolic::sigref] Creating new block 26
[2026-02-04T10:57:22Z TRACE merc_symbolic::sigref] Creating new block 27
[2026-02-04T10:57:22Z TRACE merc_symbolic::sigref] Creating new block 28
[2026-02-04T10:57:22Z TRACE merc_symbolic::sigref] Creating new block 29
[2026-02-04T10:57:22Z TRACE merc_symbolic::sigref] Creating new block 30
[2026-02-04T10:57:22Z TRACE merc_symbolic::sigref] Creating new block 31
[2026-02-04T10:57:22Z TRACE merc_symbolic::sigref] Creating new block 32
[2026-02-04T10:57:22Z TRACE merc_symbolic::sigref] Creating new block 33
[2026-02-04T10:57:22Z TRACE merc_symbolic::sigref] Creating new block 34
[2026-02-04T10:57:22Z TRACE merc_symbolic::sigref] Creating new block 35
[2026-02-04T10:57:22Z TRACE merc_symbolic::sigref] Creating new block 36
[2026-02-04T10:57:22Z TRACE merc_symbolic::sigref] Creating new block 37
[2026-02-04T10:57:22Z TRACE merc_symbolic::sigref] Creating new block 38
[2026-02-04T10:57:22Z TRACE merc_symbolic::sigref] Creating new block 39
[2026-02-04T10:57:22Z TRACE merc_symbolic::sigref] Creating new block 40
[2026-02-04T10:57:22Z INFO  merc_utilities::timing] Time refine: 0.001s
[2026-02-04T10:57:22Z TRACE merc_symbolic::sigref] Partition at iteration 10: [2, 1, 1, 3, 1, 0, 0, 0, 0, 0, 1] -> 40
    [2, 1, 1, 3, 1, 0, 0, 0, 0, 0, 0] -> 39
    [2, 1, 1, 2, 0, 0, 0, 0, 0, 0, 1] -> 17
    [2, 1, 1, 2, 0, 0, 0, 0, 0, 0, 0] -> 16
    [2, 1, 1, 1, 1, 0, 0, 0, 0, 0, 1] -> 38
    [2, 1, 1, 1, 1, 0, 0, 0, 0, 0, 0] -> 37
    [2, 1, 1, 0, 0, 0, 3, 1, 0, 0, 1] -> 36
    [2, 1, 1, 0, 0, 0, 3, 0, 0, 0, 0] -> 22
    [2, 1, 1, 0, 0, 0, 2, 0, 0, 0, 0] -> 11
    [2, 1, 1, 0, 0, 0, 2, 0, 0, 0, 1] -> 11
    [2, 1, 1, 0, 0, 0, 1, 1, 0, 0, 1] -> 35
    [2, 1, 1, 0, 0, 0, 1, 0, 0, 0, 0] -> 20
    [2, 1, 1, 0, 0, 0, 0, 0, 3, 0, 1] -> 6
    [2, 1, 1, 0, 0, 0, 0, 0, 2, 1, 1] -> 28
    [2, 1, 1, 0, 0, 0, 0, 0, 1, 0, 1] -> 7
    [2, 1, 1, 0, 0, 0, 0, 0, 1, 0, 0] -> 6
    [2, 1, 0, 3, 1, 1, 0, 0, 0, 0, 1] -> 34
    [2, 1, 0, 3, 1, 1, 0, 0, 0, 0, 0] -> 33
    [2, 1, 0, 2, 0, 0, 0, 0, 0, 0, 1] -> 17
    [2, 1, 0, 2, 0, 0, 0, 0, 0, 0, 0] -> 16
    [2, 1, 0, 1, 1, 1, 0, 0, 0, 0, 1] -> 32
    [2, 1, 0, 1, 1, 1, 0, 0, 0, 0, 0] -> 31
    [2, 1, 0, 0, 0, 0, 3, 1, 0, 0, 1] -> 13
    [2, 1, 0, 0, 0, 0, 3, 0, 0, 0, 0] -> 30
    [2, 1, 0, 0, 0, 0, 2, 0, 0, 0, 0] -> 11
    [2, 1, 0, 0, 0, 0, 2, 0, 0, 0, 1] -> 11
    [2, 1, 0, 0, 0, 0, 1, 1, 0, 0, 1] -> 10
    [2, 1, 0, 0, 0, 0, 1, 0, 0, 0, 0] -> 29
    [2, 1, 0, 0, 0, 0, 0, 0, 3, 0, 0] -> 7
    [2, 1, 0, 0, 0, 0, 0, 0, 2, 1, 0] -> 28
    [2, 1, 0, 0, 0, 0, 0, 0, 1, 0, 1] -> 7
    [2, 1, 0, 0, 0, 0, 0, 0, 1, 0, 0] -> 6
    [2, 0, 1, 3, 0, 0, 0, 0, 0, 0, 1] -> 27
    [2, 0, 1, 3, 0, 0, 0, 0, 0, 0, 0] -> 26
    [2, 0, 1, 2, 0, 0, 0, 0, 0, 0, 1] -> 17
    [2, 0, 1, 2, 0, 0, 0, 0, 0, 0, 0] -> 16
    [2, 0, 1, 1, 0, 0, 0, 0, 0, 0, 1] -> 25
    [2, 0, 1, 1, 0, 0, 0, 0, 0, 0, 0] -> 24
    [2, 0, 1, 0, 0, 0, 3, 1, 0, 0, 1] -> 23
    [2, 0, 1, 0, 0, 0, 3, 0, 0, 0, 0] -> 22
    [2, 0, 1, 0, 0, 0, 2, 0, 0, 0, 0] -> 11
    [2, 0, 1, 0, 0, 0, 2, 0, 0, 0, 1] -> 11
    [2, 0, 1, 0, 0, 0, 1, 1, 0, 0, 1] -> 21
    [2, 0, 1, 0, 0, 0, 1, 0, 0, 0, 0] -> 20
    [2, 0, 1, 0, 0, 0, 0, 0, 3, 0, 1] -> 6
    [2, 0, 1, 0, 0, 0, 0, 0, 2, 0, 1] -> 8
    [2, 0, 1, 0, 0, 0, 0, 0, 1, 0, 1] -> 7
    [2, 0, 1, 0, 0, 0, 0, 0, 1, 0, 0] -> 6
    [2, 0, 0, 3, 0, 1, 0, 0, 0, 0, 1] -> 19
    [2, 0, 0, 3, 0, 1, 0, 0, 0, 0, 0] -> 18
    [2, 0, 0, 2, 0, 0, 0, 0, 0, 0, 1] -> 17
    [2, 0, 0, 2, 0, 0, 0, 0, 0, 0, 0] -> 16
    [2, 0, 0, 1, 0, 1, 0, 0, 0, 0, 1] -> 15
    [2, 0, 0, 1, 0, 1, 0, 0, 0, 0, 0] -> 14
    [2, 0, 0, 0, 0, 0, 3, 1, 0, 0, 1] -> 13
    [2, 0, 0, 0, 0, 0, 3, 0, 0, 0, 0] -> 12
    [2, 0, 0, 0, 0, 0, 2, 0, 0, 0, 0] -> 11
    [2, 0, 0, 0, 0, 0, 2, 0, 0, 0, 1] -> 11
    [2, 0, 0, 0, 0, 0, 1, 1, 0, 0, 1] -> 10
    [2, 0, 0, 0, 0, 0, 1, 0, 0, 0, 0] -> 9
    [2, 0, 0, 0, 0, 0, 0, 0, 3, 0, 0] -> 7
    [2, 0, 0, 0, 0, 0, 0, 0, 2, 0, 0] -> 8
    [2, 0, 0, 0, 0, 0, 0, 0, 1, 0, 1] -> 7
    [2, 0, 0, 0, 0, 0, 0, 0, 1, 0, 0] -> 6
    [1, 1, 1, 0, 0, 0, 0, 0, 0, 0, 0] -> 5
    [1, 1, 1, 0, 0, 0, 0, 0, 0, 0, 1] -> 5
    [1, 1, 0, 0, 0, 0, 0, 0, 0, 0, 0] -> 4
    [1, 1, 0, 0, 0, 0, 0, 0, 0, 0, 1] -> 4
    [1, 0, 1, 0, 0, 0, 0, 0, 0, 0, 0] -> 3
    [1, 0, 1, 0, 0, 0, 0, 0, 0, 0, 1] -> 3
    [1, 0, 0, 0, 0, 0, 0, 0, 0, 0, 0] -> 2
    [1, 0, 0, 0, 0, 0, 0, 0, 0, 0, 1] -> 2
    [0, 0, 1, 0, 0, 0, 0, 0, 0, 0, 1] -> 1
    [0, 0, 0, 0, 0, 0, 0, 0, 0, 0, 0] -> 0
[2026-02-04T10:57:22Z TRACE merc_symbolic::sigref] Iteration 11 (41 blocks)
[2026-02-04T10:57:22Z INFO  merc_utilities::timing] Time signature_or: 0.000s
[2026-02-04T10:57:22Z INFO  merc_utilities::timing] Time signature: 0.000s
[2026-02-04T10:57:22Z TRACE merc_symbolic::sigref] Signature at iteration 11: [2, 0, 1, 0, 0, 0, 0, 0, 2, 1, 1] -> (9, 6)
    [2, 1, 1, 0, 0, 0, 0, 0, 2, 1, 1] -> (9, 6)
    [2, 0, 1, 0, 0, 0, 0, 0, 2, 0, 1] -> (8, 6)
    [2, 1, 1, 0, 0, 0, 0, 0, 2, 0, 1] -> (8, 6)
    [2, 0, 0, 0, 0, 0, 0, 0, 2, 1, 0] -> (9, 7)
    [2, 1, 0, 0, 0, 0, 0, 0, 2, 1, 0] -> (9, 7)
    [2, 0, 0, 0, 0, 0, 0, 0, 2, 0, 0] -> (8, 7)
    [2, 1, 0, 0, 0, 0, 0, 0, 2, 0, 0] -> (8, 7)
[2026-02-04T10:57:22Z TRACE merc_symbolic::sigref] Creating new block 0
[2026-02-04T10:57:22Z TRACE merc_symbolic::sigref] Creating new block 1
[2026-02-04T10:57:22Z TRACE merc_symbolic::sigref] Creating new block 2
[2026-02-04T10:57:22Z TRACE merc_symbolic::sigref] Creating new block 3
[2026-02-04T10:57:22Z TRACE merc_symbolic::sigref] Creating new block 4
[2026-02-04T10:57:22Z TRACE merc_symbolic::sigref] Creating new block 5
[2026-02-04T10:57:22Z TRACE merc_symbolic::sigref] Creating new block 6
[2026-02-04T10:57:22Z TRACE merc_symbolic::sigref] Creating new block 7
[2026-02-04T10:57:22Z TRACE merc_symbolic::sigref] Creating new block 8
[2026-02-04T10:57:22Z TRACE merc_symbolic::sigref] Creating new block 9
[2026-02-04T10:57:22Z TRACE merc_symbolic::sigref] Creating new block 10
[2026-02-04T10:57:22Z TRACE merc_symbolic::sigref] Creating new block 11
[2026-02-04T10:57:22Z TRACE merc_symbolic::sigref] Creating new block 12
[2026-02-04T10:57:22Z TRACE merc_symbolic::sigref] Creating new block 13
[2026-02-04T10:57:22Z TRACE merc_symbolic::sigref] Creating new block 14
[2026-02-04T10:57:22Z TRACE merc_symbolic::sigref] Creating new block 15
[2026-02-04T10:57:22Z TRACE merc_symbolic::sigref] Creating new block 16
[2026-02-04T10:57:22Z TRACE merc_symbolic::sigref] Creating new block 17
[2026-02-04T10:57:22Z TRACE merc_symbolic::sigref] Creating new block 18
[2026-02-04T10:57:22Z TRACE merc_symbolic::sigref] Creating new block 19
[2026-02-04T10:57:22Z TRACE merc_symbolic::sigref] Creating new block 20
[2026-02-04T10:57:22Z TRACE merc_symbolic::sigref] Creating new block 21
[2026-02-04T10:57:22Z TRACE merc_symbolic::sigref] Creating new block 22
[2026-02-04T10:57:22Z TRACE merc_symbolic::sigref] Creating new block 23
[2026-02-04T10:57:22Z TRACE merc_symbolic::sigref] Creating new block 24
[2026-02-04T10:57:22Z TRACE merc_symbolic::sigref] Creating new block 25
[2026-02-04T10:57:22Z TRACE merc_symbolic::sigref] Creating new block 26
[2026-02-04T10:57:22Z TRACE merc_symbolic::sigref] Creating new block 27
[2026-02-04T10:57:22Z TRACE merc_symbolic::sigref] Creating new block 28
[2026-02-04T10:57:22Z TRACE merc_symbolic::sigref] Creating new block 29
[2026-02-04T10:57:22Z TRACE merc_symbolic::sigref] Creating new block 30
[2026-02-04T10:57:22Z TRACE merc_symbolic::sigref] Creating new block 31
[2026-02-04T10:57:22Z TRACE merc_symbolic::sigref] Creating new block 32
[2026-02-04T10:57:22Z TRACE merc_symbolic::sigref] Creating new block 33
[2026-02-04T10:57:22Z TRACE merc_symbolic::sigref] Creating new block 34
[2026-02-04T10:57:22Z TRACE merc_symbolic::sigref] Creating new block 35
[2026-02-04T10:57:22Z TRACE merc_symbolic::sigref] Creating new block 36
[2026-02-04T10:57:22Z TRACE merc_symbolic::sigref] Creating new block 37
[2026-02-04T10:57:22Z TRACE merc_symbolic::sigref] Creating new block 38
[2026-02-04T10:57:22Z TRACE merc_symbolic::sigref] Creating new block 39
[2026-02-04T10:57:22Z TRACE merc_symbolic::sigref] Creating new block 40
[2026-02-04T10:57:22Z TRACE merc_symbolic::sigref] Creating new block 41
[2026-02-04T10:57:22Z TRACE merc_symbolic::sigref] Creating new block 42
[2026-02-04T10:57:22Z INFO  merc_utilities::timing] Time refine: 0.001s
[2026-02-04T10:57:22Z TRACE merc_symbolic::sigref] Partition at iteration 11: [2, 1, 1, 3, 1, 0, 0, 0, 0, 0, 1] -> 42
    [2, 1, 1, 3, 1, 0, 0, 0, 0, 0, 0] -> 41
    [2, 1, 1, 2, 0, 0, 0, 0, 0, 0, 1] -> 17
    [2, 1, 1, 2, 0, 0, 0, 0, 0, 0, 0] -> 16
    [2, 1, 1, 1, 1, 0, 0, 0, 0, 0, 1] -> 40
    [2, 1, 1, 1, 1, 0, 0, 0, 0, 0, 0] -> 39
    [2, 1, 1, 0, 0, 0, 3, 1, 0, 0, 1] -> 38
    [2, 1, 1, 0, 0, 0, 3, 0, 0, 0, 0] -> 23
    [2, 1, 1, 0, 0, 0, 2, 0, 0, 0, 0] -> 11
    [2, 1, 1, 0, 0, 0, 2, 0, 0, 0, 1] -> 11
    [2, 1, 1, 0, 0, 0, 1, 1, 0, 0, 1] -> 37
    [2, 1, 1, 0, 0, 0, 1, 0, 0, 0, 0] -> 21
    [2, 1, 1, 0, 0, 0, 0, 0, 3, 0, 1] -> 6
    [2, 1, 1, 0, 0, 0, 0, 0, 2, 1, 1] -> 36
    [2, 1, 1, 0, 0, 0, 0, 0, 1, 0, 1] -> 7
    [2, 1, 1, 0, 0, 0, 0, 0, 1, 0, 0] -> 6
    [2, 1, 0, 3, 1, 1, 0, 0, 0, 0, 1] -> 35
    [2, 1, 0, 3, 1, 1, 0, 0, 0, 0, 0] -> 34
    [2, 1, 0, 2, 0, 0, 0, 0, 0, 0, 1] -> 17
    [2, 1, 0, 2, 0, 0, 0, 0, 0, 0, 0] -> 16
    [2, 1, 0, 1, 1, 1, 0, 0, 0, 0, 1] -> 33
    [2, 1, 0, 1, 1, 1, 0, 0, 0, 0, 0] -> 32
    [2, 1, 0, 0, 0, 0, 3, 1, 0, 0, 1] -> 13
    [2, 1, 0, 0, 0, 0, 3, 0, 0, 0, 0] -> 31
    [2, 1, 0, 0, 0, 0, 2, 0, 0, 0, 0] -> 11
    [2, 1, 0, 0, 0, 0, 2, 0, 0, 0, 1] -> 11
    [2, 1, 0, 0, 0, 0, 1, 1, 0, 0, 1] -> 10
    [2, 1, 0, 0, 0, 0, 1, 0, 0, 0, 0] -> 30
    [2, 1, 0, 0, 0, 0, 0, 0, 3, 0, 0] -> 7
    [2, 1, 0, 0, 0, 0, 0, 0, 2, 1, 0] -> 29
    [2, 1, 0, 0, 0, 0, 0, 0, 1, 0, 1] -> 7
    [2, 1, 0, 0, 0, 0, 0, 0, 1, 0, 0] -> 6
    [2, 0, 1, 3, 0, 0, 0, 0, 0, 0, 1] -> 28
    [2, 0, 1, 3, 0, 0, 0, 0, 0, 0, 0] -> 27
    [2, 0, 1, 2, 0, 0, 0, 0, 0, 0, 1] -> 17
    [2, 0, 1, 2, 0, 0, 0, 0, 0, 0, 0] -> 16
    [2, 0, 1, 1, 0, 0, 0, 0, 0, 0, 1] -> 26
    [2, 0, 1, 1, 0, 0, 0, 0, 0, 0, 0] -> 25
    [2, 0, 1, 0, 0, 0, 3, 1, 0, 0, 1] -> 24
    [2, 0, 1, 0, 0, 0, 3, 0, 0, 0, 0] -> 23
    [2, 0, 1, 0, 0, 0, 2, 0, 0, 0, 0] -> 11
    [2, 0, 1, 0, 0, 0, 2, 0, 0, 0, 1] -> 11
    [2, 0, 1, 0, 0, 0, 1, 1, 0, 0, 1] -> 22
    [2, 0, 1, 0, 0, 0, 1, 0, 0, 0, 0] -> 21
    [2, 0, 1, 0, 0, 0, 0, 0, 3, 0, 1] -> 6
    [2, 0, 1, 0, 0, 0, 0, 0, 2, 0, 1] -> 20
    [2, 0, 1, 0, 0, 0, 0, 0, 1, 0, 1] -> 7
    [2, 0, 1, 0, 0, 0, 0, 0, 1, 0, 0] -> 6
    [2, 0, 0, 3, 0, 1, 0, 0, 0, 0, 1] -> 19
    [2, 0, 0, 3, 0, 1, 0, 0, 0, 0, 0] -> 18
    [2, 0, 0, 2, 0, 0, 0, 0, 0, 0, 1] -> 17
    [2, 0, 0, 2, 0, 0, 0, 0, 0, 0, 0] -> 16
    [2, 0, 0, 1, 0, 1, 0, 0, 0, 0, 1] -> 15
    [2, 0, 0, 1, 0, 1, 0, 0, 0, 0, 0] -> 14
    [2, 0, 0, 0, 0, 0, 3, 1, 0, 0, 1] -> 13
    [2, 0, 0, 0, 0, 0, 3, 0, 0, 0, 0] -> 12
    [2, 0, 0, 0, 0, 0, 2, 0, 0, 0, 0] -> 11
    [2, 0, 0, 0, 0, 0, 2, 0, 0, 0, 1] -> 11
    [2, 0, 0, 0, 0, 0, 1, 1, 0, 0, 1] -> 10
    [2, 0, 0, 0, 0, 0, 1, 0, 0, 0, 0] -> 9
    [2, 0, 0, 0, 0, 0, 0, 0, 3, 0, 0] -> 7
    [2, 0, 0, 0, 0, 0, 0, 0, 2, 0, 0] -> 8
    [2, 0, 0, 0, 0, 0, 0, 0, 1, 0, 1] -> 7
    [2, 0, 0, 0, 0, 0, 0, 0, 1, 0, 0] -> 6
    [1, 1, 1, 0, 0, 0, 0, 0, 0, 0, 0] -> 5
    [1, 1, 1, 0, 0, 0, 0, 0, 0, 0, 1] -> 5
    [1, 1, 0, 0, 0, 0, 0, 0, 0, 0, 0] -> 4
    [1, 1, 0, 0, 0, 0, 0, 0, 0, 0, 1] -> 4
    [1, 0, 1, 0, 0, 0, 0, 0, 0, 0, 0] -> 3
    [1, 0, 1, 0, 0, 0, 0, 0, 0, 0, 1] -> 3
    [1, 0, 0, 0, 0, 0, 0, 0, 0, 0, 0] -> 2
    [1, 0, 0, 0, 0, 0, 0, 0, 0, 0, 1] -> 2
    [0, 0, 1, 0, 0, 0, 0, 0, 0, 0, 1] -> 1
    [0, 0, 0, 0, 0, 0, 0, 0, 0, 0, 0] -> 0
[2026-02-04T10:57:22Z TRACE merc_symbolic::sigref] Iteration 12 (43 blocks)
[2026-02-04T10:57:22Z INFO  merc_utilities::timing] Time signature_or: 0.000s
[2026-02-04T10:57:22Z INFO  merc_utilities::timing] Time signature: 0.000s
[2026-02-04T10:57:22Z TRACE merc_symbolic::sigref] Signature at iteration 12: [2, 1, 1, 0, 0, 0, 0, 0, 3, 0, 1] -> (10, 21)
    [2, 1, 1, 0, 0, 0, 0, 1, 3, 0, 1] -> (10, 21)
    [2, 1, 1, 0, 0, 0, 0, 0, 3, 1, 1] -> (10, 21)
    [2, 1, 1, 0, 0, 0, 0, 1, 3, 1, 1] -> (10, 21)
    [2, 1, 1, 0, 0, 0, 0, 0, 3, 0, 0] -> (11, 37)
    [2, 1, 1, 0, 0, 0, 0, 1, 3, 0, 0] -> (11, 37)
    [2, 1, 1, 0, 0, 0, 0, 0, 3, 1, 0] -> (11, 37)
    [2, 1, 1, 0, 0, 0, 0, 1, 3, 1, 0] -> (11, 37)
    [2, 1, 1, 0, 0, 0, 0, 0, 1, 0, 1] -> (11, 37)
    [2, 1, 1, 0, 0, 0, 0, 1, 1, 0, 1] -> (11, 37)
    [2, 1, 1, 0, 0, 0, 0, 0, 1, 1, 1] -> (11, 37)
    [2, 1, 1, 0, 0, 0, 0, 1, 1, 1, 1] -> (11, 37)
    [2, 1, 1, 0, 0, 0, 0, 0, 1, 0, 0] -> (10, 21)
    [2, 1, 1, 0, 0, 0, 0, 1, 1, 0, 0] -> (10, 21)
    [2, 1, 1, 0, 0, 0, 0, 0, 1, 1, 0] -> (10, 21)
    [2, 1, 1, 0, 0, 0, 0, 1, 1, 1, 0] -> (10, 21)
    [2, 1, 0, 0, 0, 0, 0, 0, 3, 0, 1] -> (10, 30)
    [2, 1, 0, 0, 0, 0, 0, 1, 3, 0, 1] -> (10, 30)
    [2, 1, 0, 0, 0, 0, 0, 0, 3, 1, 1] -> (10, 30)
    [2, 1, 0, 0, 0, 0, 0, 1, 3, 1, 1] -> (10, 30)
    [2, 1, 0, 0, 0, 0, 0, 0, 3, 0, 0] -> (11, 10)
    [2, 1, 0, 0, 0, 0, 0, 1, 3, 0, 0] -> (11, 10)
    [2, 1, 0, 0, 0, 0, 0, 0, 3, 1, 0] -> (11, 10)
    [2, 1, 0, 0, 0, 0, 0, 1, 3, 1, 0] -> (11, 10)
    [2, 1, 0, 0, 0, 0, 0, 0, 1, 0, 1] -> (11, 10)
    [2, 1, 0, 0, 0, 0, 0, 1, 1, 0, 1] -> (11, 10)
    [2, 1, 0, 0, 0, 0, 0, 0, 1, 1, 1] -> (11, 10)
    [2, 1, 0, 0, 0, 0, 0, 1, 1, 1, 1] -> (11, 10)
    [2, 1, 0, 0, 0, 0, 0, 0, 1, 0, 0] -> (10, 30)
    [2, 1, 0, 0, 0, 0, 0, 1, 1, 0, 0] -> (10, 30)
    [2, 1, 0, 0, 0, 0, 0, 0, 1, 1, 0] -> (10, 30)
    [2, 1, 0, 0, 0, 0, 0, 1, 1, 1, 0] -> (10, 30)
    [2, 0, 1, 0, 0, 0, 0, 0, 3, 0, 1] -> (10, 21)
    [2, 0, 1, 0, 0, 0, 0, 1, 3, 0, 1] -> (10, 21)
    [2, 0, 1, 0, 0, 0, 0, 0, 3, 1, 1] -> (10, 21)
    [2, 0, 1, 0, 0, 0, 0, 1, 3, 1, 1] -> (10, 21)
    [2, 0, 1, 0, 0, 0, 0, 0, 3, 0, 0] -> (11, 22)
    [2, 0, 1, 0, 0, 0, 0, 1, 3, 0, 0] -> (11, 22)
    [2, 0, 1, 0, 0, 0, 0, 0, 3, 1, 0] -> (11, 22)
    [2, 0, 1, 0, 0, 0, 0, 1, 3, 1, 0] -> (11, 22)
    [2, 0, 1, 0, 0, 0, 0, 0, 1, 0, 1] -> (11, 22)
    [2, 0, 1, 0, 0, 0, 0, 1, 1, 0, 1] -> (11, 22)
    [2, 0, 1, 0, 0, 0, 0, 0, 1, 1, 1] -> (11, 22)
    [2, 0, 1, 0, 0, 0, 0, 1, 1, 1, 1] -> (11, 22)
    [2, 0, 1, 0, 0, 0, 0, 0, 1, 0, 0] -> (10, 21)
    [2, 0, 1, 0, 0, 0, 0, 1, 1, 0, 0] -> (10, 21)
    [2, 0, 1, 0, 0, 0, 0, 0, 1, 1, 0] -> (10, 21)
    [2, 0, 1, 0, 0, 0, 0, 1, 1, 1, 0] -> (10, 21)
    [2, 0, 0, 0, 0, 0, 0, 0, 3, 0, 1] -> (10, 9)
    [2, 0, 0, 0, 0, 0, 0, 1, 3, 0, 1] -> (10, 9)
    [2, 0, 0, 0, 0, 0, 0, 0, 3, 1, 1] -> (10, 9)
    [2, 0, 0, 0, 0, 0, 0, 1, 3, 1, 1] -> (10, 9)
    [2, 0, 0, 0, 0, 0, 0, 0, 3, 0, 0] -> (11, 10)
    [2, 0, 0, 0, 0, 0, 0, 1, 3, 0, 0] -> (11, 10)
    [2, 0, 0, 0, 0, 0, 0, 0, 3, 1, 0] -> (11, 10)
    [2, 0, 0, 0, 0, 0, 0, 1, 3, 1, 0] -> (11, 10)
    [2, 0, 0, 0, 0, 0, 0, 0, 1, 0, 1] -> (11, 10)
    [2, 0, 0, 0, 0, 0, 0, 1, 1, 0, 1] -> (11, 10)
    [2, 0, 0, 0, 0, 0, 0, 0, 1, 1, 1] -> (11, 10)
    [2, 0, 0, 0, 0, 0, 0, 1, 1, 1, 1] -> (11, 10)
    [2, 0, 0, 0, 0, 0, 0, 0, 1, 0, 0] -> (10, 9)
    [2, 0, 0, 0, 0, 0, 0, 1, 1, 0, 0] -> (10, 9)
    [2, 0, 0, 0, 0, 0, 0, 0, 1, 1, 0] -> (10, 9)
    [2, 0, 0, 0, 0, 0, 0, 1, 1, 1, 0] -> (10, 9)
[2026-02-04T10:57:22Z TRACE merc_symbolic::sigref] Creating new block 0
[2026-02-04T10:57:22Z TRACE merc_symbolic::sigref] Creating new block 1
[2026-02-04T10:57:22Z TRACE merc_symbolic::sigref] Creating new block 2
[2026-02-04T10:57:22Z TRACE merc_symbolic::sigref] Creating new block 3
[2026-02-04T10:57:22Z TRACE merc_symbolic::sigref] Creating new block 4
[2026-02-04T10:57:22Z TRACE merc_symbolic::sigref] Creating new block 5
[2026-02-04T10:57:22Z TRACE merc_symbolic::sigref] Creating new block 6
[2026-02-04T10:57:22Z TRACE merc_symbolic::sigref] Creating new block 7
[2026-02-04T10:57:22Z TRACE merc_symbolic::sigref] Creating new block 8
[2026-02-04T10:57:22Z TRACE merc_symbolic::sigref] Creating new block 9
[2026-02-04T10:57:22Z TRACE merc_symbolic::sigref] Creating new block 10
[2026-02-04T10:57:22Z TRACE merc_symbolic::sigref] Creating new block 11
[2026-02-04T10:57:22Z TRACE merc_symbolic::sigref] Creating new block 12
[2026-02-04T10:57:22Z TRACE merc_symbolic::sigref] Creating new block 13
[2026-02-04T10:57:22Z TRACE merc_symbolic::sigref] Creating new block 14
[2026-02-04T10:57:22Z TRACE merc_symbolic::sigref] Creating new block 15
[2026-02-04T10:57:22Z TRACE merc_symbolic::sigref] Creating new block 16
[2026-02-04T10:57:22Z TRACE merc_symbolic::sigref] Creating new block 17
[2026-02-04T10:57:22Z TRACE merc_symbolic::sigref] Creating new block 18
[2026-02-04T10:57:22Z TRACE merc_symbolic::sigref] Creating new block 19
[2026-02-04T10:57:22Z TRACE merc_symbolic::sigref] Creating new block 20
[2026-02-04T10:57:22Z TRACE merc_symbolic::sigref] Creating new block 21
[2026-02-04T10:57:22Z TRACE merc_symbolic::sigref] Creating new block 22
[2026-02-04T10:57:22Z TRACE merc_symbolic::sigref] Creating new block 23
[2026-02-04T10:57:22Z TRACE merc_symbolic::sigref] Creating new block 24
[2026-02-04T10:57:22Z TRACE merc_symbolic::sigref] Creating new block 25
[2026-02-04T10:57:22Z TRACE merc_symbolic::sigref] Creating new block 26
[2026-02-04T10:57:22Z TRACE merc_symbolic::sigref] Creating new block 27
[2026-02-04T10:57:22Z TRACE merc_symbolic::sigref] Creating new block 28
[2026-02-04T10:57:22Z TRACE merc_symbolic::sigref] Creating new block 29
[2026-02-04T10:57:22Z TRACE merc_symbolic::sigref] Creating new block 30
[2026-02-04T10:57:22Z TRACE merc_symbolic::sigref] Creating new block 31
[2026-02-04T10:57:22Z TRACE merc_symbolic::sigref] Creating new block 32
[2026-02-04T10:57:22Z TRACE merc_symbolic::sigref] Creating new block 33
[2026-02-04T10:57:22Z TRACE merc_symbolic::sigref] Creating new block 34
[2026-02-04T10:57:22Z TRACE merc_symbolic::sigref] Creating new block 35
[2026-02-04T10:57:22Z TRACE merc_symbolic::sigref] Creating new block 36
[2026-02-04T10:57:22Z TRACE merc_symbolic::sigref] Creating new block 37
[2026-02-04T10:57:22Z TRACE merc_symbolic::sigref] Creating new block 38
[2026-02-04T10:57:22Z TRACE merc_symbolic::sigref] Creating new block 39
[2026-02-04T10:57:22Z TRACE merc_symbolic::sigref] Creating new block 40
[2026-02-04T10:57:22Z TRACE merc_symbolic::sigref] Creating new block 41
[2026-02-04T10:57:22Z TRACE merc_symbolic::sigref] Creating new block 42
[2026-02-04T10:57:22Z TRACE merc_symbolic::sigref] Creating new block 43
[2026-02-04T10:57:22Z TRACE merc_symbolic::sigref] Creating new block 44
[2026-02-04T10:57:22Z TRACE merc_symbolic::sigref] Creating new block 45
[2026-02-04T10:57:22Z TRACE merc_symbolic::sigref] Creating new block 46
[2026-02-04T10:57:22Z INFO  merc_utilities::timing] Time refine: 0.001s
[2026-02-04T10:57:22Z TRACE merc_symbolic::sigref] Partition at iteration 12: [2, 1, 1, 3, 1, 0, 0, 0, 0, 0, 1] -> 46
    [2, 1, 1, 3, 1, 0, 0, 0, 0, 0, 0] -> 45
    [2, 1, 1, 2, 0, 0, 0, 0, 0, 0, 1] -> 17
    [2, 1, 1, 2, 0, 0, 0, 0, 0, 0, 0] -> 16
    [2, 1, 1, 1, 1, 0, 0, 0, 0, 0, 1] -> 44
    [2, 1, 1, 1, 1, 0, 0, 0, 0, 0, 0] -> 43
    [2, 1, 1, 0, 0, 0, 3, 1, 0, 0, 1] -> 42
    [2, 1, 1, 0, 0, 0, 3, 0, 0, 0, 0] -> 25
    [2, 1, 1, 0, 0, 0, 2, 0, 0, 0, 0] -> 11
    [2, 1, 1, 0, 0, 0, 2, 0, 0, 0, 1] -> 11
    [2, 1, 1, 0, 0, 0, 1, 1, 0, 0, 1] -> 41
    [2, 1, 1, 0, 0, 0, 1, 0, 0, 0, 0] -> 23
    [2, 1, 1, 0, 0, 0, 0, 0, 3, 0, 1] -> 20
    [2, 1, 1, 0, 0, 0, 0, 0, 2, 1, 1] -> 40
    [2, 1, 1, 0, 0, 0, 0, 0, 1, 0, 1] -> 39
    [2, 1, 1, 0, 0, 0, 0, 0, 1, 0, 0] -> 20
    [2, 1, 0, 3, 1, 1, 0, 0, 0, 0, 1] -> 38
    [2, 1, 0, 3, 1, 1, 0, 0, 0, 0, 0] -> 37
    [2, 1, 0, 2, 0, 0, 0, 0, 0, 0, 1] -> 17
    [2, 1, 0, 2, 0, 0, 0, 0, 0, 0, 0] -> 16
    [2, 1, 0, 1, 1, 1, 0, 0, 0, 0, 1] -> 36
    [2, 1, 0, 1, 1, 1, 0, 0, 0, 0, 0] -> 35
    [2, 1, 0, 0, 0, 0, 3, 1, 0, 0, 1] -> 13
    [2, 1, 0, 0, 0, 0, 3, 0, 0, 0, 0] -> 34
    [2, 1, 0, 0, 0, 0, 2, 0, 0, 0, 0] -> 11
    [2, 1, 0, 0, 0, 0, 2, 0, 0, 0, 1] -> 11
    [2, 1, 0, 0, 0, 0, 1, 1, 0, 0, 1] -> 10
    [2, 1, 0, 0, 0, 0, 1, 0, 0, 0, 0] -> 33
    [2, 1, 0, 0, 0, 0, 0, 0, 3, 0, 0] -> 7
    [2, 1, 0, 0, 0, 0, 0, 0, 2, 1, 0] -> 32
    [2, 1, 0, 0, 0, 0, 0, 0, 1, 0, 1] -> 7
    [2, 1, 0, 0, 0, 0, 0, 0, 1, 0, 0] -> 31
    [2, 0, 1, 3, 0, 0, 0, 0, 0, 0, 1] -> 30
    [2, 0, 1, 3, 0, 0, 0, 0, 0, 0, 0] -> 29
    [2, 0, 1, 2, 0, 0, 0, 0, 0, 0, 1] -> 17
    [2, 0, 1, 2, 0, 0, 0, 0, 0, 0, 0] -> 16
    [2, 0, 1, 1, 0, 0, 0, 0, 0, 0, 1] -> 28
    [2, 0, 1, 1, 0, 0, 0, 0, 0, 0, 0] -> 27
    [2, 0, 1, 0, 0, 0, 3, 1, 0, 0, 1] -> 26
    [2, 0, 1, 0, 0, 0, 3, 0, 0, 0, 0] -> 25
    [2, 0, 1, 0, 0, 0, 2, 0, 0, 0, 0] -> 11
    [2, 0, 1, 0, 0, 0, 2, 0, 0, 0, 1] -> 11
    [2, 0, 1, 0, 0, 0, 1, 1, 0, 0, 1] -> 24
    [2, 0, 1, 0, 0, 0, 1, 0, 0, 0, 0] -> 23
    [2, 0, 1, 0, 0, 0, 0, 0, 3, 0, 1] -> 20
    [2, 0, 1, 0, 0, 0, 0, 0, 2, 0, 1] -> 22
    [2, 0, 1, 0, 0, 0, 0, 0, 1, 0, 1] -> 21
    [2, 0, 1, 0, 0, 0, 0, 0, 1, 0, 0] -> 20
    [2, 0, 0, 3, 0, 1, 0, 0, 0, 0, 1] -> 19
    [2, 0, 0, 3, 0, 1, 0, 0, 0, 0, 0] -> 18
    [2, 0, 0, 2, 0, 0, 0, 0, 0, 0, 1] -> 17
    [2, 0, 0, 2, 0, 0, 0, 0, 0, 0, 0] -> 16
    [2, 0, 0, 1, 0, 1, 0, 0, 0, 0, 1] -> 15
    [2, 0, 0, 1, 0, 1, 0, 0, 0, 0, 0] -> 14
    [2, 0, 0, 0, 0, 0, 3, 1, 0, 0, 1] -> 13
    [2, 0, 0, 0, 0, 0, 3, 0, 0, 0, 0] -> 12
    [2, 0, 0, 0, 0, 0, 2, 0, 0, 0, 0] -> 11
    [2, 0, 0, 0, 0, 0, 2, 0, 0, 0, 1] -> 11
    [2, 0, 0, 0, 0, 0, 1, 1, 0, 0, 1] -> 10
    [2, 0, 0, 0, 0, 0, 1, 0, 0, 0, 0] -> 9
    [2, 0, 0, 0, 0, 0, 0, 0, 3, 0, 0] -> 7
    [2, 0, 0, 0, 0, 0, 0, 0, 2, 0, 0] -> 8
    [2, 0, 0, 0, 0, 0, 0, 0, 1, 0, 1] -> 7
    [2, 0, 0, 0, 0, 0, 0, 0, 1, 0, 0] -> 6
    [1, 1, 1, 0, 0, 0, 0, 0, 0, 0, 0] -> 5
    [1, 1, 1, 0, 0, 0, 0, 0, 0, 0, 1] -> 5
    [1, 1, 0, 0, 0, 0, 0, 0, 0, 0, 0] -> 4
    [1, 1, 0, 0, 0, 0, 0, 0, 0, 0, 1] -> 4
    [1, 0, 1, 0, 0, 0, 0, 0, 0, 0, 0] -> 3
    [1, 0, 1, 0, 0, 0, 0, 0, 0, 0, 1] -> 3
    [1, 0, 0, 0, 0, 0, 0, 0, 0, 0, 0] -> 2
    [1, 0, 0, 0, 0, 0, 0, 0, 0, 0, 1] -> 2
    [0, 0, 1, 0, 0, 0, 0, 0, 0, 0, 1] -> 1
    [0, 0, 0, 0, 0, 0, 0, 0, 0, 0, 0] -> 0
[2026-02-04T10:57:22Z TRACE merc_symbolic::sigref] Iteration 13 (47 blocks)
[2026-02-04T10:57:22Z INFO  merc_utilities::timing] Time signature_or: 0.000s
[2026-02-04T10:57:22Z INFO  merc_utilities::timing] Time signature: 0.000s
[2026-02-04T10:57:22Z TRACE merc_symbolic::sigref] Signature at iteration 13: [2, 1, 1, 2, 0, 0, 0, 0, 0, 0, 1] -> (5, 39)
    [2, 1, 1, 2, 1, 0, 0, 0, 0, 0, 1] -> (5, 39)
    [2, 1, 1, 2, 0, 1, 0, 0, 0, 0, 1] -> (5, 39)
    [2, 1, 1, 2, 1, 1, 0, 0, 0, 0, 1] -> (5, 39)
    [2, 1, 1, 2, 0, 0, 0, 0, 0, 1, 1] -> (5, 39)
    [2, 1, 1, 2, 1, 0, 0, 0, 0, 1, 1] -> (5, 39)
    [2, 1, 1, 2, 0, 1, 0, 0, 0, 1, 1] -> (5, 39)
    [2, 1, 1, 2, 1, 1, 0, 0, 0, 1, 1] -> (5, 39)
    [2, 1, 1, 2, 0, 0, 0, 0, 0, 0, 0] -> (5, 20)
    [2, 1, 1, 2, 1, 0, 0, 0, 0, 0, 0] -> (5, 20)
    [2, 1, 1, 2, 0, 1, 0, 0, 0, 0, 0] -> (5, 20)
    [2, 1, 1, 2, 1, 1, 0, 0, 0, 0, 0] -> (5, 20)
    [2, 1, 1, 2, 0, 0, 0, 0, 0, 1, 0] -> (5, 20)
    [2, 1, 1, 2, 1, 0, 0, 0, 0, 1, 0] -> (5, 20)
    [2, 1, 1, 2, 0, 1, 0, 0, 0, 1, 0] -> (5, 20)
    [2, 1, 1, 2, 1, 1, 0, 0, 0, 1, 0] -> (5, 20)
    [2, 1, 0, 2, 0, 0, 0, 0, 0, 0, 1] -> (5, 7)
    [2, 1, 0, 2, 1, 0, 0, 0, 0, 0, 1] -> (5, 7)
    [2, 1, 0, 2, 0, 1, 0, 0, 0, 0, 1] -> (5, 7)
    [2, 1, 0, 2, 1, 1, 0, 0, 0, 0, 1] -> (5, 7)
    [2, 1, 0, 2, 0, 0, 0, 0, 0, 1, 1] -> (5, 7)
    [2, 1, 0, 2, 1, 0, 0, 0, 0, 1, 1] -> (5, 7)
    [2, 1, 0, 2, 0, 1, 0, 0, 0, 1, 1] -> (5, 7)
    [2, 1, 0, 2, 1, 1, 0, 0, 0, 1, 1] -> (5, 7)
    [2, 1, 0, 2, 0, 0, 0, 0, 0, 0, 0] -> (5, 31)
    [2, 1, 0, 2, 1, 0, 0, 0, 0, 0, 0] -> (5, 31)
    [2, 1, 0, 2, 0, 1, 0, 0, 0, 0, 0] -> (5, 31)
    [2, 1, 0, 2, 1, 1, 0, 0, 0, 0, 0] -> (5, 31)
    [2, 1, 0, 2, 0, 0, 0, 0, 0, 1, 0] -> (5, 31)
    [2, 1, 0, 2, 1, 0, 0, 0, 0, 1, 0] -> (5, 31)
    [2, 1, 0, 2, 0, 1, 0, 0, 0, 1, 0] -> (5, 31)
    [2, 1, 0, 2, 1, 1, 0, 0, 0, 1, 0] -> (5, 31)
    [2, 0, 1, 2, 0, 0, 0, 0, 0, 0, 1] -> (5, 21)
    [2, 0, 1, 2, 1, 0, 0, 0, 0, 0, 1] -> (5, 21)
    [2, 0, 1, 2, 0, 1, 0, 0, 0, 0, 1] -> (5, 21)
    [2, 0, 1, 2, 1, 1, 0, 0, 0, 0, 1] -> (5, 21)
    [2, 0, 1, 2, 0, 0, 0, 0, 0, 1, 1] -> (5, 21)
    [2, 0, 1, 2, 1, 0, 0, 0, 0, 1, 1] -> (5, 21)
    [2, 0, 1, 2, 0, 1, 0, 0, 0, 1, 1] -> (5, 21)
    [2, 0, 1, 2, 1, 1, 0, 0, 0, 1, 1] -> (5, 21)
    [2, 0, 1, 2, 0, 0, 0, 0, 0, 0, 0] -> (5, 20)
    [2, 0, 1, 2, 1, 0, 0, 0, 0, 0, 0] -> (5, 20)
    [2, 0, 1, 2, 0, 1, 0, 0, 0, 0, 0] -> (5, 20)
    [2, 0, 1, 2, 1, 1, 0, 0, 0, 0, 0] -> (5, 20)
    [2, 0, 1, 2, 0, 0, 0, 0, 0, 1, 0] -> (5, 20)
    [2, 0, 1, 2, 1, 0, 0, 0, 0, 1, 0] -> (5, 20)
    [2, 0, 1, 2, 0, 1, 0, 0, 0, 1, 0] -> (5, 20)
    [2, 0, 1, 2, 1, 1, 0, 0, 0, 1, 0] -> (5, 20)
    [2, 0, 0, 2, 0, 0, 0, 0, 0, 0, 1] -> (5, 7)
    [2, 0, 0, 2, 1, 0, 0, 0, 0, 0, 1] -> (5, 7)
    [2, 0, 0, 2, 0, 1, 0, 0, 0, 0, 1] -> (5, 7)
    [2, 0, 0, 2, 1, 1, 0, 0, 0, 0, 1] -> (5, 7)
    [2, 0, 0, 2, 0, 0, 0, 0, 0, 1, 1] -> (5, 7)
    [2, 0, 0, 2, 1, 0, 0, 0, 0, 1, 1] -> (5, 7)
    [2, 0, 0, 2, 0, 1, 0, 0, 0, 1, 1] -> (5, 7)
    [2, 0, 0, 2, 1, 1, 0, 0, 0, 1, 1] -> (5, 7)
    [2, 0, 0, 2, 0, 0, 0, 0, 0, 0, 0] -> (5, 6)
    [2, 0, 0, 2, 1, 0, 0, 0, 0, 0, 0] -> (5, 6)
    [2, 0, 0, 2, 0, 1, 0, 0, 0, 0, 0] -> (5, 6)
    [2, 0, 0, 2, 1, 1, 0, 0, 0, 0, 0] -> (5, 6)
    [2, 0, 0, 2, 0, 0, 0, 0, 0, 1, 0] -> (5, 6)
    [2, 0, 0, 2, 1, 0, 0, 0, 0, 1, 0] -> (5, 6)
    [2, 0, 0, 2, 0, 1, 0, 0, 0, 1, 0] -> (5, 6)
    [2, 0, 0, 2, 1, 1, 0, 0, 0, 1, 0] -> (5, 6)
[2026-02-04T10:57:22Z TRACE merc_symbolic::sigref] Creating new block 0
[2026-02-04T10:57:22Z TRACE merc_symbolic::sigref] Creating new block 1
[2026-02-04T10:57:22Z TRACE merc_symbolic::sigref] Creating new block 2
[2026-02-04T10:57:22Z TRACE merc_symbolic::sigref] Creating new block 3
[2026-02-04T10:57:22Z TRACE merc_symbolic::sigref] Creating new block 4
[2026-02-04T10:57:22Z TRACE merc_symbolic::sigref] Creating new block 5
[2026-02-04T10:57:22Z TRACE merc_symbolic::sigref] Creating new block 6
[2026-02-04T10:57:22Z TRACE merc_symbolic::sigref] Creating new block 7
[2026-02-04T10:57:22Z TRACE merc_symbolic::sigref] Creating new block 8
[2026-02-04T10:57:22Z TRACE merc_symbolic::sigref] Creating new block 9
[2026-02-04T10:57:22Z TRACE merc_symbolic::sigref] Creating new block 10
[2026-02-04T10:57:22Z TRACE merc_symbolic::sigref] Creating new block 11
[2026-02-04T10:57:22Z TRACE merc_symbolic::sigref] Creating new block 12
[2026-02-04T10:57:22Z TRACE merc_symbolic::sigref] Creating new block 13
[2026-02-04T10:57:22Z TRACE merc_symbolic::sigref] Creating new block 14
[2026-02-04T10:57:22Z TRACE merc_symbolic::sigref] Creating new block 15
[2026-02-04T10:57:22Z TRACE merc_symbolic::sigref] Creating new block 16
[2026-02-04T10:57:22Z TRACE merc_symbolic::sigref] Creating new block 17
[2026-02-04T10:57:22Z TRACE merc_symbolic::sigref] Creating new block 18
[2026-02-04T10:57:22Z TRACE merc_symbolic::sigref] Creating new block 19
[2026-02-04T10:57:22Z TRACE merc_symbolic::sigref] Creating new block 20
[2026-02-04T10:57:22Z TRACE merc_symbolic::sigref] Creating new block 21
[2026-02-04T10:57:22Z TRACE merc_symbolic::sigref] Creating new block 22
[2026-02-04T10:57:22Z TRACE merc_symbolic::sigref] Creating new block 23
[2026-02-04T10:57:22Z TRACE merc_symbolic::sigref] Creating new block 24
[2026-02-04T10:57:22Z TRACE merc_symbolic::sigref] Creating new block 25
[2026-02-04T10:57:22Z TRACE merc_symbolic::sigref] Creating new block 26
[2026-02-04T10:57:22Z TRACE merc_symbolic::sigref] Creating new block 27
[2026-02-04T10:57:22Z TRACE merc_symbolic::sigref] Creating new block 28
[2026-02-04T10:57:22Z TRACE merc_symbolic::sigref] Creating new block 29
[2026-02-04T10:57:22Z TRACE merc_symbolic::sigref] Creating new block 30
[2026-02-04T10:57:22Z TRACE merc_symbolic::sigref] Creating new block 31
[2026-02-04T10:57:22Z TRACE merc_symbolic::sigref] Creating new block 32
[2026-02-04T10:57:22Z TRACE merc_symbolic::sigref] Creating new block 33
[2026-02-04T10:57:22Z TRACE merc_symbolic::sigref] Creating new block 34
[2026-02-04T10:57:22Z TRACE merc_symbolic::sigref] Creating new block 35
[2026-02-04T10:57:22Z TRACE merc_symbolic::sigref] Creating new block 36
[2026-02-04T10:57:22Z TRACE merc_symbolic::sigref] Creating new block 37
[2026-02-04T10:57:22Z TRACE merc_symbolic::sigref] Creating new block 38
[2026-02-04T10:57:22Z TRACE merc_symbolic::sigref] Creating new block 39
[2026-02-04T10:57:22Z TRACE merc_symbolic::sigref] Creating new block 40
[2026-02-04T10:57:22Z TRACE merc_symbolic::sigref] Creating new block 41
[2026-02-04T10:57:22Z TRACE merc_symbolic::sigref] Creating new block 42
[2026-02-04T10:57:22Z TRACE merc_symbolic::sigref] Creating new block 43
[2026-02-04T10:57:22Z TRACE merc_symbolic::sigref] Creating new block 44
[2026-02-04T10:57:22Z TRACE merc_symbolic::sigref] Creating new block 45
[2026-02-04T10:57:22Z TRACE merc_symbolic::sigref] Creating new block 46
[2026-02-04T10:57:22Z TRACE merc_symbolic::sigref] Creating new block 47
[2026-02-04T10:57:22Z TRACE merc_symbolic::sigref] Creating new block 48
[2026-02-04T10:57:22Z TRACE merc_symbolic::sigref] Creating new block 49
[2026-02-04T10:57:22Z TRACE merc_symbolic::sigref] Creating new block 50
[2026-02-04T10:57:22Z INFO  merc_utilities::timing] Time refine: 0.001s
[2026-02-04T10:57:22Z TRACE merc_symbolic::sigref] Partition at iteration 13: [2, 1, 1, 3, 1, 0, 0, 0, 0, 0, 1] -> 50
    [2, 1, 1, 3, 1, 0, 0, 0, 0, 0, 0] -> 49
    [2, 1, 1, 2, 0, 0, 0, 0, 0, 0, 1] -> 48
    [2, 1, 1, 2, 0, 0, 0, 0, 0, 0, 0] -> 29
    [2, 1, 1, 1, 1, 0, 0, 0, 0, 0, 1] -> 47
    [2, 1, 1, 1, 1, 0, 0, 0, 0, 0, 0] -> 46
    [2, 1, 1, 0, 0, 0, 3, 1, 0, 0, 1] -> 45
    [2, 1, 1, 0, 0, 0, 3, 0, 0, 0, 0] -> 25
    [2, 1, 1, 0, 0, 0, 2, 0, 0, 0, 0] -> 11
    [2, 1, 1, 0, 0, 0, 2, 0, 0, 0, 1] -> 11
    [2, 1, 1, 0, 0, 0, 1, 1, 0, 0, 1] -> 44
    [2, 1, 1, 0, 0, 0, 1, 0, 0, 0, 0] -> 23
    [2, 1, 1, 0, 0, 0, 0, 0, 3, 0, 1] -> 20
    [2, 1, 1, 0, 0, 0, 0, 0, 2, 1, 1] -> 43
    [2, 1, 1, 0, 0, 0, 0, 0, 1, 0, 1] -> 42
    [2, 1, 1, 0, 0, 0, 0, 0, 1, 0, 0] -> 20
    [2, 1, 0, 3, 1, 1, 0, 0, 0, 0, 1] -> 41
    [2, 1, 0, 3, 1, 1, 0, 0, 0, 0, 0] -> 40
    [2, 1, 0, 2, 0, 0, 0, 0, 0, 0, 1] -> 17
    [2, 1, 0, 2, 0, 0, 0, 0, 0, 0, 0] -> 39
    [2, 1, 0, 1, 1, 1, 0, 0, 0, 0, 1] -> 38
    [2, 1, 0, 1, 1, 1, 0, 0, 0, 0, 0] -> 37
    [2, 1, 0, 0, 0, 0, 3, 1, 0, 0, 1] -> 13
    [2, 1, 0, 0, 0, 0, 3, 0, 0, 0, 0] -> 36
    [2, 1, 0, 0, 0, 0, 2, 0, 0, 0, 0] -> 11
    [2, 1, 0, 0, 0, 0, 2, 0, 0, 0, 1] -> 11
    [2, 1, 0, 0, 0, 0, 1, 1, 0, 0, 1] -> 10
    [2, 1, 0, 0, 0, 0, 1, 0, 0, 0, 0] -> 35
    [2, 1, 0, 0, 0, 0, 0, 0, 3, 0, 0] -> 7
    [2, 1, 0, 0, 0, 0, 0, 0, 2, 1, 0] -> 34
    [2, 1, 0, 0, 0, 0, 0, 0, 1, 0, 1] -> 7
    [2, 1, 0, 0, 0, 0, 0, 0, 1, 0, 0] -> 33
    [2, 0, 1, 3, 0, 0, 0, 0, 0, 0, 1] -> 32
    [2, 0, 1, 3, 0, 0, 0, 0, 0, 0, 0] -> 31
    [2, 0, 1, 2, 0, 0, 0, 0, 0, 0, 1] -> 30
    [2, 0, 1, 2, 0, 0, 0, 0, 0, 0, 0] -> 29
    [2, 0, 1, 1, 0, 0, 0, 0, 0, 0, 1] -> 28
    [2, 0, 1, 1, 0, 0, 0, 0, 0, 0, 0] -> 27
    [2, 0, 1, 0, 0, 0, 3, 1, 0, 0, 1] -> 26
    [2, 0, 1, 0, 0, 0, 3, 0, 0, 0, 0] -> 25
    [2, 0, 1, 0, 0, 0, 2, 0, 0, 0, 0] -> 11
    [2, 0, 1, 0, 0, 0, 2, 0, 0, 0, 1] -> 11
    [2, 0, 1, 0, 0, 0, 1, 1, 0, 0, 1] -> 24
    [2, 0, 1, 0, 0, 0, 1, 0, 0, 0, 0] -> 23
    [2, 0, 1, 0, 0, 0, 0, 0, 3, 0, 1] -> 20
    [2, 0, 1, 0, 0, 0, 0, 0, 2, 0, 1] -> 22
    [2, 0, 1, 0, 0, 0, 0, 0, 1, 0, 1] -> 21
    [2, 0, 1, 0, 0, 0, 0, 0, 1, 0, 0] -> 20
    [2, 0, 0, 3, 0, 1, 0, 0, 0, 0, 1] -> 19
    [2, 0, 0, 3, 0, 1, 0, 0, 0, 0, 0] -> 18
    [2, 0, 0, 2, 0, 0, 0, 0, 0, 0, 1] -> 17
    [2, 0, 0, 2, 0, 0, 0, 0, 0, 0, 0] -> 16
    [2, 0, 0, 1, 0, 1, 0, 0, 0, 0, 1] -> 15
    [2, 0, 0, 1, 0, 1, 0, 0, 0, 0, 0] -> 14
    [2, 0, 0, 0, 0, 0, 3, 1, 0, 0, 1] -> 13
    [2, 0, 0, 0, 0, 0, 3, 0, 0, 0, 0] -> 12
    [2, 0, 0, 0, 0, 0, 2, 0, 0, 0, 0] -> 11
    [2, 0, 0, 0, 0, 0, 2, 0, 0, 0, 1] -> 11
    [2, 0, 0, 0, 0, 0, 1, 1, 0, 0, 1] -> 10
    [2, 0, 0, 0, 0, 0, 1, 0, 0, 0, 0] -> 9
    [2, 0, 0, 0, 0, 0, 0, 0, 3, 0, 0] -> 7
    [2, 0, 0, 0, 0, 0, 0, 0, 2, 0, 0] -> 8
    [2, 0, 0, 0, 0, 0, 0, 0, 1, 0, 1] -> 7
    [2, 0, 0, 0, 0, 0, 0, 0, 1, 0, 0] -> 6
    [1, 1, 1, 0, 0, 0, 0, 0, 0, 0, 0] -> 5
    [1, 1, 1, 0, 0, 0, 0, 0, 0, 0, 1] -> 5
    [1, 1, 0, 0, 0, 0, 0, 0, 0, 0, 0] -> 4
    [1, 1, 0, 0, 0, 0, 0, 0, 0, 0, 1] -> 4
    [1, 0, 1, 0, 0, 0, 0, 0, 0, 0, 0] -> 3
    [1, 0, 1, 0, 0, 0, 0, 0, 0, 0, 1] -> 3
    [1, 0, 0, 0, 0, 0, 0, 0, 0, 0, 0] -> 2
    [1, 0, 0, 0, 0, 0, 0, 0, 0, 0, 1] -> 2
    [0, 0, 1, 0, 0, 0, 0, 0, 0, 0, 1] -> 1
    [0, 0, 0, 0, 0, 0, 0, 0, 0, 0, 0] -> 0
[2026-02-04T10:57:22Z TRACE merc_symbolic::sigref] Iteration 14 (51 blocks)
[2026-02-04T10:57:22Z INFO  merc_utilities::timing] Time signature_or: 0.000s
[2026-02-04T10:57:22Z INFO  merc_utilities::timing] Time signature: 0.001s
[2026-02-04T10:57:22Z TRACE merc_symbolic::sigref] Signature at iteration 14: [2, 1, 1, 3, 1, 1, 0, 0, 0, 0, 1] -> (7, 42)
    [2, 1, 1, 3, 1, 1, 0, 0, 0, 1, 1] -> (7, 42)
    [2, 1, 1, 3, 1, 0, 0, 0, 0, 0, 1] -> (18, 43)
    [2, 1, 1, 3, 1, 0, 0, 0, 0, 1, 1] -> (18, 43)
    [2, 1, 1, 3, 1, 0, 0, 0, 0, 0, 0] -> (18, 20)
    [2, 1, 1, 3, 1, 0, 0, 0, 0, 1, 0] -> (18, 20)
    [2, 1, 1, 3, 0, 1, 0, 0, 0, 0, 1] -> (6, 42)
    [2, 1, 1, 3, 0, 1, 0, 0, 0, 1, 1] -> (6, 42)
    [2, 1, 1, 3, 0, 0, 0, 0, 0, 0, 0] -> (17, 20)
    [2, 1, 1, 3, 0, 0, 0, 0, 0, 1, 0] -> (17, 20)
    [2, 1, 0, 3, 1, 1, 0, 0, 0, 0, 1] -> (7, 7)
    [2, 1, 0, 3, 1, 1, 0, 0, 0, 1, 1] -> (7, 7)
    [2, 1, 0, 3, 1, 1, 0, 0, 0, 0, 0] -> (7, 34)
    [2, 1, 0, 3, 1, 1, 0, 0, 0, 1, 0] -> (7, 34)
    [2, 1, 0, 3, 1, 0, 0, 0, 0, 0, 0] -> (18, 33)
    [2, 1, 0, 3, 1, 0, 0, 0, 0, 1, 0] -> (18, 33)
    [2, 1, 0, 3, 0, 1, 0, 0, 0, 0, 1] -> (6, 7)
    [2, 1, 0, 3, 0, 1, 0, 0, 0, 1, 1] -> (6, 7)
    [2, 1, 0, 3, 0, 0, 0, 0, 0, 0, 0] -> (17, 33)
    [2, 1, 0, 3, 0, 0, 0, 0, 0, 1, 0] -> (17, 33)
    [2, 0, 1, 3, 1, 1, 0, 0, 0, 0, 1] -> (7, 21)
    [2, 0, 1, 3, 1, 1, 0, 0, 0, 1, 1] -> (7, 21)
    [2, 0, 1, 3, 1, 0, 0, 0, 0, 0, 0] -> (18, 20)
    [2, 0, 1, 3, 1, 0, 0, 0, 0, 1, 0] -> (18, 20)
    [2, 0, 1, 3, 0, 1, 0, 0, 0, 0, 1] -> (6, 21)
    [2, 0, 1, 3, 0, 1, 0, 0, 0, 1, 1] -> (6, 21)
    [2, 0, 1, 3, 0, 0, 0, 0, 0, 0, 1] -> (17, 22)
    [2, 0, 1, 3, 0, 0, 0, 0, 0, 1, 1] -> (17, 22)
    [2, 0, 1, 3, 0, 0, 0, 0, 0, 0, 0] -> (17, 20)
    [2, 0, 1, 3, 0, 0, 0, 0, 0, 1, 0] -> (17, 20)
    [2, 0, 0, 3, 1, 1, 0, 0, 0, 0, 1] -> (7, 7)
    [2, 0, 0, 3, 1, 1, 0, 0, 0, 1, 1] -> (7, 7)
    [2, 0, 0, 3, 1, 0, 0, 0, 0, 0, 0] -> (18, 6)
    [2, 0, 0, 3, 1, 0, 0, 0, 0, 1, 0] -> (18, 6)
    [2, 0, 0, 3, 0, 1, 0, 0, 0, 0, 1] -> (6, 7)
    [2, 0, 0, 3, 0, 1, 0, 0, 0, 1, 1] -> (6, 7)
    [2, 0, 0, 3, 0, 1, 0, 0, 0, 0, 0] -> (6, 8)
    [2, 0, 0, 3, 0, 1, 0, 0, 0, 1, 0] -> (6, 8)
    [2, 0, 0, 3, 0, 0, 0, 0, 0, 0, 0] -> (17, 6)
    [2, 0, 0, 3, 0, 0, 0, 0, 0, 1, 0] -> (17, 6)
[2026-02-04T10:57:22Z TRACE merc_symbolic::sigref] Creating new block 0
[2026-02-04T10:57:22Z TRACE merc_symbolic::sigref] Creating new block 1
[2026-02-04T10:57:22Z TRACE merc_symbolic::sigref] Creating new block 2
[2026-02-04T10:57:22Z TRACE merc_symbolic::sigref] Creating new block 3
[2026-02-04T10:57:22Z TRACE merc_symbolic::sigref] Creating new block 4
[2026-02-04T10:57:22Z TRACE merc_symbolic::sigref] Creating new block 5
[2026-02-04T10:57:22Z TRACE merc_symbolic::sigref] Creating new block 6
[2026-02-04T10:57:22Z TRACE merc_symbolic::sigref] Creating new block 7
[2026-02-04T10:57:22Z TRACE merc_symbolic::sigref] Creating new block 8
[2026-02-04T10:57:22Z TRACE merc_symbolic::sigref] Creating new block 9
[2026-02-04T10:57:22Z TRACE merc_symbolic::sigref] Creating new block 10
[2026-02-04T10:57:22Z TRACE merc_symbolic::sigref] Creating new block 11
[2026-02-04T10:57:22Z TRACE merc_symbolic::sigref] Creating new block 12
[2026-02-04T10:57:22Z TRACE merc_symbolic::sigref] Creating new block 13
[2026-02-04T10:57:22Z TRACE merc_symbolic::sigref] Creating new block 14
[2026-02-04T10:57:22Z TRACE merc_symbolic::sigref] Creating new block 15
[2026-02-04T10:57:22Z TRACE merc_symbolic::sigref] Creating new block 16
[2026-02-04T10:57:22Z TRACE merc_symbolic::sigref] Creating new block 17
[2026-02-04T10:57:22Z TRACE merc_symbolic::sigref] Creating new block 18
[2026-02-04T10:57:22Z TRACE merc_symbolic::sigref] Creating new block 19
[2026-02-04T10:57:22Z TRACE merc_symbolic::sigref] Creating new block 20
[2026-02-04T10:57:22Z TRACE merc_symbolic::sigref] Creating new block 21
[2026-02-04T10:57:22Z TRACE merc_symbolic::sigref] Creating new block 22
[2026-02-04T10:57:22Z TRACE merc_symbolic::sigref] Creating new block 23
[2026-02-04T10:57:22Z TRACE merc_symbolic::sigref] Creating new block 24
[2026-02-04T10:57:22Z TRACE merc_symbolic::sigref] Creating new block 25
[2026-02-04T10:57:22Z TRACE merc_symbolic::sigref] Creating new block 26
[2026-02-04T10:57:22Z TRACE merc_symbolic::sigref] Creating new block 27
[2026-02-04T10:57:22Z TRACE merc_symbolic::sigref] Creating new block 28
[2026-02-04T10:57:22Z TRACE merc_symbolic::sigref] Creating new block 29
[2026-02-04T10:57:22Z TRACE merc_symbolic::sigref] Creating new block 30
[2026-02-04T10:57:22Z TRACE merc_symbolic::sigref] Creating new block 31
[2026-02-04T10:57:22Z TRACE merc_symbolic::sigref] Creating new block 32
[2026-02-04T10:57:22Z TRACE merc_symbolic::sigref] Creating new block 33
[2026-02-04T10:57:22Z TRACE merc_symbolic::sigref] Creating new block 34
[2026-02-04T10:57:22Z TRACE merc_symbolic::sigref] Creating new block 35
[2026-02-04T10:57:22Z TRACE merc_symbolic::sigref] Creating new block 36
[2026-02-04T10:57:22Z TRACE merc_symbolic::sigref] Creating new block 37
[2026-02-04T10:57:22Z TRACE merc_symbolic::sigref] Creating new block 38
[2026-02-04T10:57:22Z TRACE merc_symbolic::sigref] Creating new block 39
[2026-02-04T10:57:22Z TRACE merc_symbolic::sigref] Creating new block 40
[2026-02-04T10:57:22Z TRACE merc_symbolic::sigref] Creating new block 41
[2026-02-04T10:57:22Z TRACE merc_symbolic::sigref] Creating new block 42
[2026-02-04T10:57:22Z TRACE merc_symbolic::sigref] Creating new block 43
[2026-02-04T10:57:22Z TRACE merc_symbolic::sigref] Creating new block 44
[2026-02-04T10:57:22Z TRACE merc_symbolic::sigref] Creating new block 45
[2026-02-04T10:57:22Z TRACE merc_symbolic::sigref] Creating new block 46
[2026-02-04T10:57:22Z TRACE merc_symbolic::sigref] Creating new block 47
[2026-02-04T10:57:22Z TRACE merc_symbolic::sigref] Creating new block 48
[2026-02-04T10:57:22Z TRACE merc_symbolic::sigref] Creating new block 49
[2026-02-04T10:57:22Z TRACE merc_symbolic::sigref] Creating new block 50
[2026-02-04T10:57:22Z INFO  merc_utilities::timing] Time refine: 0.002s
[2026-02-04T10:57:22Z TRACE merc_symbolic::sigref] Partition at iteration 14: [2, 1, 1, 3, 1, 0, 0, 0, 0, 0, 1] -> 50
    [2, 1, 1, 3, 1, 0, 0, 0, 0, 0, 0] -> 49
    [2, 1, 1, 2, 0, 0, 0, 0, 0, 0, 1] -> 48
    [2, 1, 1, 2, 0, 0, 0, 0, 0, 0, 0] -> 29
    [2, 1, 1, 1, 1, 0, 0, 0, 0, 0, 1] -> 47
    [2, 1, 1, 1, 1, 0, 0, 0, 0, 0, 0] -> 46
    [2, 1, 1, 0, 0, 0, 3, 1, 0, 0, 1] -> 45
    [2, 1, 1, 0, 0, 0, 3, 0, 0, 0, 0] -> 25
    [2, 1, 1, 0, 0, 0, 2, 0, 0, 0, 0] -> 11
    [2, 1, 1, 0, 0, 0, 2, 0, 0, 0, 1] -> 11
    [2, 1, 1, 0, 0, 0, 1, 1, 0, 0, 1] -> 44
    [2, 1, 1, 0, 0, 0, 1, 0, 0, 0, 0] -> 23
    [2, 1, 1, 0, 0, 0, 0, 0, 3, 0, 1] -> 20
    [2, 1, 1, 0, 0, 0, 0, 0, 2, 1, 1] -> 43
    [2, 1, 1, 0, 0, 0, 0, 0, 1, 0, 1] -> 42
    [2, 1, 1, 0, 0, 0, 0, 0, 1, 0, 0] -> 20
    [2, 1, 0, 3, 1, 1, 0, 0, 0, 0, 1] -> 41
    [2, 1, 0, 3, 1, 1, 0, 0, 0, 0, 0] -> 40
    [2, 1, 0, 2, 0, 0, 0, 0, 0, 0, 1] -> 17
    [2, 1, 0, 2, 0, 0, 0, 0, 0, 0, 0] -> 39
    [2, 1, 0, 1, 1, 1, 0, 0, 0, 0, 1] -> 38
    [2, 1, 0, 1, 1, 1, 0, 0, 0, 0, 0] -> 37
    [2, 1, 0, 0, 0, 0, 3, 1, 0, 0, 1] -> 13
    [2, 1, 0, 0, 0, 0, 3, 0, 0, 0, 0] -> 36
    [2, 1, 0, 0, 0, 0, 2, 0, 0, 0, 0] -> 11
    [2, 1, 0, 0, 0, 0, 2, 0, 0, 0, 1] -> 11
    [2, 1, 0, 0, 0, 0, 1, 1, 0, 0, 1] -> 10
    [2, 1, 0, 0, 0, 0, 1, 0, 0, 0, 0] -> 35
    [2, 1, 0, 0, 0, 0, 0, 0, 3, 0, 0] -> 7
    [2, 1, 0, 0, 0, 0, 0, 0, 2, 1, 0] -> 34
    [2, 1, 0, 0, 0, 0, 0, 0, 1, 0, 1] -> 7
    [2, 1, 0, 0, 0, 0, 0, 0, 1, 0, 0] -> 33
    [2, 0, 1, 3, 0, 0, 0, 0, 0, 0, 1] -> 32
    [2, 0, 1, 3, 0, 0, 0, 0, 0, 0, 0] -> 31
    [2, 0, 1, 2, 0, 0, 0, 0, 0, 0, 1] -> 30
    [2, 0, 1, 2, 0, 0, 0, 0, 0, 0, 0] -> 29
    [2, 0, 1, 1, 0, 0, 0, 0, 0, 0, 1] -> 28
    [2, 0, 1, 1, 0, 0, 0, 0, 0, 0, 0] -> 27
    [2, 0, 1, 0, 0, 0, 3, 1, 0, 0, 1] -> 26
    [2, 0, 1, 0, 0, 0, 3, 0, 0, 0, 0] -> 25
    [2, 0, 1, 0, 0, 0, 2, 0, 0, 0, 0] -> 11
    [2, 0, 1, 0, 0, 0, 2, 0, 0, 0, 1] -> 11
    [2, 0, 1, 0, 0, 0, 1, 1, 0, 0, 1] -> 24
    [2, 0, 1, 0, 0, 0, 1, 0, 0, 0, 0] -> 23
    [2, 0, 1, 0, 0, 0, 0, 0, 3, 0, 1] -> 20
    [2, 0, 1, 0, 0, 0, 0, 0, 2, 0, 1] -> 22
    [2, 0, 1, 0, 0, 0, 0, 0, 1, 0, 1] -> 21
    [2, 0, 1, 0, 0, 0, 0, 0, 1, 0, 0] -> 20
    [2, 0, 0, 3, 0, 1, 0, 0, 0, 0, 1] -> 19
    [2, 0, 0, 3, 0, 1, 0, 0, 0, 0, 0] -> 18
    [2, 0, 0, 2, 0, 0, 0, 0, 0, 0, 1] -> 17
    [2, 0, 0, 2, 0, 0, 0, 0, 0, 0, 0] -> 16
    [2, 0, 0, 1, 0, 1, 0, 0, 0, 0, 1] -> 15
    [2, 0, 0, 1, 0, 1, 0, 0, 0, 0, 0] -> 14
    [2, 0, 0, 0, 0, 0, 3, 1, 0, 0, 1] -> 13
    [2, 0, 0, 0, 0, 0, 3, 0, 0, 0, 0] -> 12
    [2, 0, 0, 0, 0, 0, 2, 0, 0, 0, 0] -> 11
    [2, 0, 0, 0, 0, 0, 2, 0, 0, 0, 1] -> 11
    [2, 0, 0, 0, 0, 0, 1, 1, 0, 0, 1] -> 10
    [2, 0, 0, 0, 0, 0, 1, 0, 0, 0, 0] -> 9
    [2, 0, 0, 0, 0, 0, 0, 0, 3, 0, 0] -> 7
    [2, 0, 0, 0, 0, 0, 0, 0, 2, 0, 0] -> 8
    [2, 0, 0, 0, 0, 0, 0, 0, 1, 0, 1] -> 7
    [2, 0, 0, 0, 0, 0, 0, 0, 1, 0, 0] -> 6
    [1, 1, 1, 0, 0, 0, 0, 0, 0, 0, 0] -> 5
    [1, 1, 1, 0, 0, 0, 0, 0, 0, 0, 1] -> 5
    [1, 1, 0, 0, 0, 0, 0, 0, 0, 0, 0] -> 4
    [1, 1, 0, 0, 0, 0, 0, 0, 0, 0, 1] -> 4
    [1, 0, 1, 0, 0, 0, 0, 0, 0, 0, 0] -> 3
    [1, 0, 1, 0, 0, 0, 0, 0, 0, 0, 1] -> 3
    [1, 0, 0, 0, 0, 0, 0, 0, 0, 0, 0] -> 2
    [1, 0, 0, 0, 0, 0, 0, 0, 0, 0, 1] -> 2
    [0, 0, 1, 0, 0, 0, 0, 0, 0, 0, 1] -> 1
    [0, 0, 0, 0, 0, 0, 0, 0, 0, 0, 0] -> 0
[2026-02-04T10:57:22Z TRACE merc_symbolic::sigref] Iteration 15 (51 blocks)
[2026-02-04T10:57:22Z INFO  merc_utilities::timing] Time signature_or: 0.000s
[2026-02-04T10:57:22Z INFO  merc_utilities::timing] Time signature: 0.000s
[2026-02-04T10:57:22Z TRACE merc_symbolic::sigref] Signature at iteration 15: [2, 1, 1, 0, 0, 0, 2, 0, 0, 0, 0] -> (12, 5)
    [2, 1, 1, 0, 0, 0, 2, 1, 0, 0, 0] -> (12, 5)
    [2, 1, 1, 0, 0, 0, 2, 0, 0, 0, 1] -> (12, 5)
    [2, 1, 1, 0, 0, 0, 2, 1, 0, 0, 1] -> (12, 5)
    [2, 1, 0, 0, 0, 0, 2, 0, 0, 0, 0] -> (12, 4)
    [2, 1, 0, 0, 0, 0, 2, 1, 0, 0, 0] -> (12, 4)
    [2, 1, 0, 0, 0, 0, 2, 0, 0, 0, 1] -> (12, 4)
    [2, 1, 0, 0, 0, 0, 2, 1, 0, 0, 1] -> (12, 4)
    [2, 0, 1, 0, 0, 0, 2, 0, 0, 0, 0] -> (12, 3)
    [2, 0, 1, 0, 0, 0, 2, 1, 0, 0, 0] -> (12, 3)
    [2, 0, 1, 0, 0, 0, 2, 0, 0, 0, 1] -> (12, 3)
    [2, 0, 1, 0, 0, 0, 2, 1, 0, 0, 1] -> (12, 3)
    [2, 0, 0, 0, 0, 0, 2, 0, 0, 0, 0] -> (12, 2)
    [2, 0, 0, 0, 0, 0, 2, 1, 0, 0, 0] -> (12, 2)
    [2, 0, 0, 0, 0, 0, 2, 0, 0, 0, 1] -> (12, 2)
    [2, 0, 0, 0, 0, 0, 2, 1, 0, 0, 1] -> (12, 2)
[2026-02-04T10:57:22Z TRACE merc_symbolic::sigref] Creating new block 0
[2026-02-04T10:57:22Z TRACE merc_symbolic::sigref] Creating new block 1
[2026-02-04T10:57:22Z TRACE merc_symbolic::sigref] Creating new block 2
[2026-02-04T10:57:22Z TRACE merc_symbolic::sigref] Creating new block 3
[2026-02-04T10:57:22Z TRACE merc_symbolic::sigref] Creating new block 4
[2026-02-04T10:57:22Z TRACE merc_symbolic::sigref] Creating new block 5
[2026-02-04T10:57:22Z TRACE merc_symbolic::sigref] Creating new block 6
[2026-02-04T10:57:22Z TRACE merc_symbolic::sigref] Creating new block 7
[2026-02-04T10:57:22Z TRACE merc_symbolic::sigref] Creating new block 8
[2026-02-04T10:57:22Z TRACE merc_symbolic::sigref] Creating new block 9
[2026-02-04T10:57:22Z TRACE merc_symbolic::sigref] Creating new block 10
[2026-02-04T10:57:22Z TRACE merc_symbolic::sigref] Creating new block 11
[2026-02-04T10:57:22Z TRACE merc_symbolic::sigref] Creating new block 12
[2026-02-04T10:57:22Z TRACE merc_symbolic::sigref] Creating new block 13
[2026-02-04T10:57:22Z TRACE merc_symbolic::sigref] Creating new block 14
[2026-02-04T10:57:22Z TRACE merc_symbolic::sigref] Creating new block 15
[2026-02-04T10:57:22Z TRACE merc_symbolic::sigref] Creating new block 16
[2026-02-04T10:57:22Z TRACE merc_symbolic::sigref] Creating new block 17
[2026-02-04T10:57:22Z TRACE merc_symbolic::sigref] Creating new block 18
[2026-02-04T10:57:22Z TRACE merc_symbolic::sigref] Creating new block 19
[2026-02-04T10:57:22Z TRACE merc_symbolic::sigref] Creating new block 20
[2026-02-04T10:57:22Z TRACE merc_symbolic::sigref] Creating new block 21
[2026-02-04T10:57:22Z TRACE merc_symbolic::sigref] Creating new block 22
[2026-02-04T10:57:22Z TRACE merc_symbolic::sigref] Creating new block 23
[2026-02-04T10:57:22Z TRACE merc_symbolic::sigref] Creating new block 24
[2026-02-04T10:57:22Z TRACE merc_symbolic::sigref] Creating new block 25
[2026-02-04T10:57:22Z TRACE merc_symbolic::sigref] Creating new block 26
[2026-02-04T10:57:22Z TRACE merc_symbolic::sigref] Creating new block 27
[2026-02-04T10:57:22Z TRACE merc_symbolic::sigref] Creating new block 28
[2026-02-04T10:57:22Z TRACE merc_symbolic::sigref] Creating new block 29
[2026-02-04T10:57:22Z TRACE merc_symbolic::sigref] Creating new block 30
[2026-02-04T10:57:22Z TRACE merc_symbolic::sigref] Creating new block 31
[2026-02-04T10:57:22Z TRACE merc_symbolic::sigref] Creating new block 32
[2026-02-04T10:57:22Z TRACE merc_symbolic::sigref] Creating new block 33
[2026-02-04T10:57:22Z TRACE merc_symbolic::sigref] Creating new block 34
[2026-02-04T10:57:22Z TRACE merc_symbolic::sigref] Creating new block 35
[2026-02-04T10:57:22Z TRACE merc_symbolic::sigref] Creating new block 36
[2026-02-04T10:57:22Z TRACE merc_symbolic::sigref] Creating new block 37
[2026-02-04T10:57:22Z TRACE merc_symbolic::sigref] Creating new block 38
[2026-02-04T10:57:22Z TRACE merc_symbolic::sigref] Creating new block 39
[2026-02-04T10:57:22Z TRACE merc_symbolic::sigref] Creating new block 40
[2026-02-04T10:57:22Z TRACE merc_symbolic::sigref] Creating new block 41
[2026-02-04T10:57:22Z TRACE merc_symbolic::sigref] Creating new block 42
[2026-02-04T10:57:22Z TRACE merc_symbolic::sigref] Creating new block 43
[2026-02-04T10:57:22Z TRACE merc_symbolic::sigref] Creating new block 44
[2026-02-04T10:57:22Z TRACE merc_symbolic::sigref] Creating new block 45
[2026-02-04T10:57:22Z TRACE merc_symbolic::sigref] Creating new block 46
[2026-02-04T10:57:22Z TRACE merc_symbolic::sigref] Creating new block 47
[2026-02-04T10:57:22Z TRACE merc_symbolic::sigref] Creating new block 48
[2026-02-04T10:57:22Z TRACE merc_symbolic::sigref] Creating new block 49
[2026-02-04T10:57:22Z TRACE merc_symbolic::sigref] Creating new block 50
[2026-02-04T10:57:22Z TRACE merc_symbolic::sigref] Creating new block 51
[2026-02-04T10:57:22Z TRACE merc_symbolic::sigref] Creating new block 52
[2026-02-04T10:57:22Z TRACE merc_symbolic::sigref] Creating new block 53
[2026-02-04T10:57:22Z INFO  merc_utilities::timing] Time refine: 0.001s
[2026-02-04T10:57:22Z TRACE merc_symbolic::sigref] Partition at iteration 15: [2, 1, 1, 3, 1, 0, 0, 0, 0, 0, 1] -> 53
    [2, 1, 1, 3, 1, 0, 0, 0, 0, 0, 0] -> 52
    [2, 1, 1, 2, 0, 0, 0, 0, 0, 0, 1] -> 51
    [2, 1, 1, 2, 0, 0, 0, 0, 0, 0, 0] -> 30
    [2, 1, 1, 1, 1, 0, 0, 0, 0, 0, 1] -> 50
    [2, 1, 1, 1, 1, 0, 0, 0, 0, 0, 0] -> 49
    [2, 1, 1, 0, 0, 0, 3, 1, 0, 0, 1] -> 48
    [2, 1, 1, 0, 0, 0, 3, 0, 0, 0, 0] -> 26
    [2, 1, 1, 0, 0, 0, 2, 0, 0, 0, 0] -> 47
    [2, 1, 1, 0, 0, 0, 2, 0, 0, 0, 1] -> 47
    [2, 1, 1, 0, 0, 0, 1, 1, 0, 0, 1] -> 46
    [2, 1, 1, 0, 0, 0, 1, 0, 0, 0, 0] -> 23
    [2, 1, 1, 0, 0, 0, 0, 0, 3, 0, 1] -> 20
    [2, 1, 1, 0, 0, 0, 0, 0, 2, 1, 1] -> 45
    [2, 1, 1, 0, 0, 0, 0, 0, 1, 0, 1] -> 44
    [2, 1, 1, 0, 0, 0, 0, 0, 1, 0, 0] -> 20
    [2, 1, 0, 3, 1, 1, 0, 0, 0, 0, 1] -> 43
    [2, 1, 0, 3, 1, 1, 0, 0, 0, 0, 0] -> 42
    [2, 1, 0, 2, 0, 0, 0, 0, 0, 0, 1] -> 17
    [2, 1, 0, 2, 0, 0, 0, 0, 0, 0, 0] -> 41
    [2, 1, 0, 1, 1, 1, 0, 0, 0, 0, 1] -> 40
    [2, 1, 0, 1, 1, 1, 0, 0, 0, 0, 0] -> 39
    [2, 1, 0, 0, 0, 0, 3, 1, 0, 0, 1] -> 13
    [2, 1, 0, 0, 0, 0, 3, 0, 0, 0, 0] -> 38
    [2, 1, 0, 0, 0, 0, 2, 0, 0, 0, 0] -> 37
    [2, 1, 0, 0, 0, 0, 2, 0, 0, 0, 1] -> 37
    [2, 1, 0, 0, 0, 0, 1, 1, 0, 0, 1] -> 10
    [2, 1, 0, 0, 0, 0, 1, 0, 0, 0, 0] -> 36
    [2, 1, 0, 0, 0, 0, 0, 0, 3, 0, 0] -> 7
    [2, 1, 0, 0, 0, 0, 0, 0, 2, 1, 0] -> 35
    [2, 1, 0, 0, 0, 0, 0, 0, 1, 0, 1] -> 7
    [2, 1, 0, 0, 0, 0, 0, 0, 1, 0, 0] -> 34
    [2, 0, 1, 3, 0, 0, 0, 0, 0, 0, 1] -> 33
    [2, 0, 1, 3, 0, 0, 0, 0, 0, 0, 0] -> 32
    [2, 0, 1, 2, 0, 0, 0, 0, 0, 0, 1] -> 31
    [2, 0, 1, 2, 0, 0, 0, 0, 0, 0, 0] -> 30
    [2, 0, 1, 1, 0, 0, 0, 0, 0, 0, 1] -> 29
    [2, 0, 1, 1, 0, 0, 0, 0, 0, 0, 0] -> 28
    [2, 0, 1, 0, 0, 0, 3, 1, 0, 0, 1] -> 27
    [2, 0, 1, 0, 0, 0, 3, 0, 0, 0, 0] -> 26
    [2, 0, 1, 0, 0, 0, 2, 0, 0, 0, 0] -> 25
    [2, 0, 1, 0, 0, 0, 2, 0, 0, 0, 1] -> 25
    [2, 0, 1, 0, 0, 0, 1, 1, 0, 0, 1] -> 24
    [2, 0, 1, 0, 0, 0, 1, 0, 0, 0, 0] -> 23
    [2, 0, 1, 0, 0, 0, 0, 0, 3, 0, 1] -> 20
    [2, 0, 1, 0, 0, 0, 0, 0, 2, 0, 1] -> 22
    [2, 0, 1, 0, 0, 0, 0, 0, 1, 0, 1] -> 21
    [2, 0, 1, 0, 0, 0, 0, 0, 1, 0, 0] -> 20
    [2, 0, 0, 3, 0, 1, 0, 0, 0, 0, 1] -> 19
    [2, 0, 0, 3, 0, 1, 0, 0, 0, 0, 0] -> 18
    [2, 0, 0, 2, 0, 0, 0, 0, 0, 0, 1] -> 17
    [2, 0, 0, 2, 0, 0, 0, 0, 0, 0, 0] -> 16
    [2, 0, 0, 1, 0, 1, 0, 0, 0, 0, 1] -> 15
    [2, 0, 0, 1, 0, 1, 0, 0, 0, 0, 0] -> 14
    [2, 0, 0, 0, 0, 0, 3, 1, 0, 0, 1] -> 13
    [2, 0, 0, 0, 0, 0, 3, 0, 0, 0, 0] -> 12
    [2, 0, 0, 0, 0, 0, 2, 0, 0, 0, 0] -> 11
    [2, 0, 0, 0, 0, 0, 2, 0, 0, 0, 1] -> 11
    [2, 0, 0, 0, 0, 0, 1, 1, 0, 0, 1] -> 10
    [2, 0, 0, 0, 0, 0, 1, 0, 0, 0, 0] -> 9
    [2, 0, 0, 0, 0, 0, 0, 0, 3, 0, 0] -> 7
    [2, 0, 0, 0, 0, 0, 0, 0, 2, 0, 0] -> 8
    [2, 0, 0, 0, 0, 0, 0, 0, 1, 0, 1] -> 7
    [2, 0, 0, 0, 0, 0, 0, 0, 1, 0, 0] -> 6
    [1, 1, 1, 0, 0, 0, 0, 0, 0, 0, 0] -> 5
    [1, 1, 1, 0, 0, 0, 0, 0, 0, 0, 1] -> 5
    [1, 1, 0, 0, 0, 0, 0, 0, 0, 0, 0] -> 4
    [1, 1, 0, 0, 0, 0, 0, 0, 0, 0, 1] -> 4
    [1, 0, 1, 0, 0, 0, 0, 0, 0, 0, 0] -> 3
    [1, 0, 1, 0, 0, 0, 0, 0, 0, 0, 1] -> 3
    [1, 0, 0, 0, 0, 0, 0, 0, 0, 0, 0] -> 2
    [1, 0, 0, 0, 0, 0, 0, 0, 0, 0, 1] -> 2
    [0, 0, 1, 0, 0, 0, 0, 0, 0, 0, 1] -> 1
    [0, 0, 0, 0, 0, 0, 0, 0, 0, 0, 0] -> 0
[2026-02-04T10:57:22Z TRACE merc_symbolic::sigref] Iteration 16 (54 blocks)
[2026-02-04T10:57:22Z INFO  merc_utilities::timing] Time signature_or: 0.000s
[2026-02-04T10:57:22Z INFO  merc_utilities::timing] Time signature: 0.000s
[2026-02-04T10:57:22Z TRACE merc_symbolic::sigref] Signature at iteration 16: [1, 1, 1, 0, 0, 0, 0, 0, 0, 0, 1] -> (16, 50)
    [1, 1, 1, 0, 1, 0, 0, 0, 0, 0, 1] -> (16, 50)
    [1, 1, 1, 0, 0, 1, 0, 0, 0, 0, 1] -> (16, 50)
    [1, 1, 1, 0, 1, 1, 0, 0, 0, 0, 1] -> (16, 50)
    [1, 1, 1, 0, 0, 0, 0, 0, 0, 0, 0] -> (16, 49)
    [1, 1, 1, 0, 1, 0, 0, 0, 0, 0, 0] -> (16, 49)
    [1, 1, 1, 0, 0, 1, 0, 0, 0, 0, 0] -> (16, 49)
    [1, 1, 1, 0, 1, 1, 0, 0, 0, 0, 0] -> (16, 49)
    [1, 1, 0, 0, 0, 0, 0, 0, 0, 0, 1] -> (3, 40)
    [1, 1, 0, 0, 1, 0, 0, 0, 0, 0, 1] -> (3, 40)
    [1, 1, 0, 0, 0, 1, 0, 0, 0, 0, 1] -> (3, 40)
    [1, 1, 0, 0, 1, 1, 0, 0, 0, 0, 1] -> (3, 40)
    [1, 1, 0, 0, 0, 0, 0, 0, 0, 0, 0] -> (3, 39)
    [1, 1, 0, 0, 1, 0, 0, 0, 0, 0, 0] -> (3, 39)
    [1, 1, 0, 0, 0, 1, 0, 0, 0, 0, 0] -> (3, 39)
    [1, 1, 0, 0, 1, 1, 0, 0, 0, 0, 0] -> (3, 39)
    [1, 0, 1, 0, 0, 0, 0, 0, 0, 0, 1] -> (15, 29)
    [1, 0, 1, 0, 1, 0, 0, 0, 0, 0, 1] -> (15, 29)
    [1, 0, 1, 0, 0, 1, 0, 0, 0, 0, 1] -> (15, 29)
    [1, 0, 1, 0, 1, 1, 0, 0, 0, 0, 1] -> (15, 29)
    [1, 0, 1, 0, 0, 0, 0, 0, 0, 0, 0] -> (15, 28)
    [1, 0, 1, 0, 1, 0, 0, 0, 0, 0, 0] -> (15, 28)
    [1, 0, 1, 0, 0, 1, 0, 0, 0, 0, 0] -> (15, 28)
    [1, 0, 1, 0, 1, 1, 0, 0, 0, 0, 0] -> (15, 28)
    [1, 0, 0, 0, 0, 0, 0, 0, 0, 0, 1] -> (2, 15)
    [1, 0, 0, 0, 1, 0, 0, 0, 0, 0, 1] -> (2, 15)
    [1, 0, 0, 0, 0, 1, 0, 0, 0, 0, 1] -> (2, 15)
    [1, 0, 0, 0, 1, 1, 0, 0, 0, 0, 1] -> (2, 15)
    [1, 0, 0, 0, 0, 0, 0, 0, 0, 0, 0] -> (2, 14)
    [1, 0, 0, 0, 1, 0, 0, 0, 0, 0, 0] -> (2, 14)
    [1, 0, 0, 0, 0, 1, 0, 0, 0, 0, 0] -> (2, 14)
    [1, 0, 0, 0, 1, 1, 0, 0, 0, 0, 0] -> (2, 14)
[2026-02-04T10:57:22Z TRACE merc_symbolic::sigref] Creating new block 0
[2026-02-04T10:57:22Z TRACE merc_symbolic::sigref] Creating new block 1
[2026-02-04T10:57:22Z TRACE merc_symbolic::sigref] Creating new block 2
[2026-02-04T10:57:22Z TRACE merc_symbolic::sigref] Creating new block 3
[2026-02-04T10:57:22Z TRACE merc_symbolic::sigref] Creating new block 4
[2026-02-04T10:57:22Z TRACE merc_symbolic::sigref] Creating new block 5
[2026-02-04T10:57:22Z TRACE merc_symbolic::sigref] Creating new block 6
[2026-02-04T10:57:22Z TRACE merc_symbolic::sigref] Creating new block 7
[2026-02-04T10:57:22Z TRACE merc_symbolic::sigref] Creating new block 8
[2026-02-04T10:57:22Z TRACE merc_symbolic::sigref] Creating new block 9
[2026-02-04T10:57:22Z TRACE merc_symbolic::sigref] Creating new block 10
[2026-02-04T10:57:22Z TRACE merc_symbolic::sigref] Creating new block 11
[2026-02-04T10:57:22Z TRACE merc_symbolic::sigref] Creating new block 12
[2026-02-04T10:57:22Z TRACE merc_symbolic::sigref] Creating new block 13
[2026-02-04T10:57:22Z TRACE merc_symbolic::sigref] Creating new block 14
[2026-02-04T10:57:22Z TRACE merc_symbolic::sigref] Creating new block 15
[2026-02-04T10:57:22Z TRACE merc_symbolic::sigref] Creating new block 16
[2026-02-04T10:57:22Z TRACE merc_symbolic::sigref] Creating new block 17
[2026-02-04T10:57:22Z TRACE merc_symbolic::sigref] Creating new block 18
[2026-02-04T10:57:22Z TRACE merc_symbolic::sigref] Creating new block 19
[2026-02-04T10:57:22Z TRACE merc_symbolic::sigref] Creating new block 20
[2026-02-04T10:57:22Z TRACE merc_symbolic::sigref] Creating new block 21
[2026-02-04T10:57:22Z TRACE merc_symbolic::sigref] Creating new block 22
[2026-02-04T10:57:22Z TRACE merc_symbolic::sigref] Creating new block 23
[2026-02-04T10:57:22Z TRACE merc_symbolic::sigref] Creating new block 24
[2026-02-04T10:57:22Z TRACE merc_symbolic::sigref] Creating new block 25
[2026-02-04T10:57:22Z TRACE merc_symbolic::sigref] Creating new block 26
[2026-02-04T10:57:22Z TRACE merc_symbolic::sigref] Creating new block 27
[2026-02-04T10:57:22Z TRACE merc_symbolic::sigref] Creating new block 28
[2026-02-04T10:57:22Z TRACE merc_symbolic::sigref] Creating new block 29
[2026-02-04T10:57:22Z TRACE merc_symbolic::sigref] Creating new block 30
[2026-02-04T10:57:22Z TRACE merc_symbolic::sigref] Creating new block 31
[2026-02-04T10:57:22Z TRACE merc_symbolic::sigref] Creating new block 32
[2026-02-04T10:57:22Z TRACE merc_symbolic::sigref] Creating new block 33
[2026-02-04T10:57:22Z TRACE merc_symbolic::sigref] Creating new block 34
[2026-02-04T10:57:22Z TRACE merc_symbolic::sigref] Creating new block 35
[2026-02-04T10:57:22Z TRACE merc_symbolic::sigref] Creating new block 36
[2026-02-04T10:57:22Z TRACE merc_symbolic::sigref] Creating new block 37
[2026-02-04T10:57:22Z TRACE merc_symbolic::sigref] Creating new block 38
[2026-02-04T10:57:22Z TRACE merc_symbolic::sigref] Creating new block 39
[2026-02-04T10:57:22Z TRACE merc_symbolic::sigref] Creating new block 40
[2026-02-04T10:57:22Z TRACE merc_symbolic::sigref] Creating new block 41
[2026-02-04T10:57:22Z TRACE merc_symbolic::sigref] Creating new block 42
[2026-02-04T10:57:22Z TRACE merc_symbolic::sigref] Creating new block 43
[2026-02-04T10:57:22Z TRACE merc_symbolic::sigref] Creating new block 44
[2026-02-04T10:57:22Z TRACE merc_symbolic::sigref] Creating new block 45
[2026-02-04T10:57:22Z TRACE merc_symbolic::sigref] Creating new block 46
[2026-02-04T10:57:22Z TRACE merc_symbolic::sigref] Creating new block 47
[2026-02-04T10:57:22Z TRACE merc_symbolic::sigref] Creating new block 48
[2026-02-04T10:57:22Z TRACE merc_symbolic::sigref] Creating new block 49
[2026-02-04T10:57:22Z TRACE merc_symbolic::sigref] Creating new block 50
[2026-02-04T10:57:22Z TRACE merc_symbolic::sigref] Creating new block 51
[2026-02-04T10:57:22Z TRACE merc_symbolic::sigref] Creating new block 52
[2026-02-04T10:57:22Z TRACE merc_symbolic::sigref] Creating new block 53
[2026-02-04T10:57:22Z TRACE merc_symbolic::sigref] Creating new block 54
[2026-02-04T10:57:22Z TRACE merc_symbolic::sigref] Creating new block 55
[2026-02-04T10:57:22Z TRACE merc_symbolic::sigref] Creating new block 56
[2026-02-04T10:57:22Z TRACE merc_symbolic::sigref] Creating new block 57
[2026-02-04T10:57:22Z INFO  merc_utilities::timing] Time refine: 0.002s
[2026-02-04T10:57:22Z TRACE merc_symbolic::sigref] Partition at iteration 16: [2, 1, 1, 3, 1, 0, 0, 0, 0, 0, 1] -> 57
    [2, 1, 1, 3, 1, 0, 0, 0, 0, 0, 0] -> 56
    [2, 1, 1, 2, 0, 0, 0, 0, 0, 0, 1] -> 55
    [2, 1, 1, 2, 0, 0, 0, 0, 0, 0, 0] -> 34
    [2, 1, 1, 1, 1, 0, 0, 0, 0, 0, 1] -> 54
    [2, 1, 1, 1, 1, 0, 0, 0, 0, 0, 0] -> 53
    [2, 1, 1, 0, 0, 0, 3, 1, 0, 0, 1] -> 52
    [2, 1, 1, 0, 0, 0, 3, 0, 0, 0, 0] -> 30
    [2, 1, 1, 0, 0, 0, 2, 0, 0, 0, 0] -> 51
    [2, 1, 1, 0, 0, 0, 2, 0, 0, 0, 1] -> 51
    [2, 1, 1, 0, 0, 0, 1, 1, 0, 0, 1] -> 50
    [2, 1, 1, 0, 0, 0, 1, 0, 0, 0, 0] -> 27
    [2, 1, 1, 0, 0, 0, 0, 0, 3, 0, 1] -> 24
    [2, 1, 1, 0, 0, 0, 0, 0, 2, 1, 1] -> 49
    [2, 1, 1, 0, 0, 0, 0, 0, 1, 0, 1] -> 48
    [2, 1, 1, 0, 0, 0, 0, 0, 1, 0, 0] -> 24
    [2, 1, 0, 3, 1, 1, 0, 0, 0, 0, 1] -> 47
    [2, 1, 0, 3, 1, 1, 0, 0, 0, 0, 0] -> 46
    [2, 1, 0, 2, 0, 0, 0, 0, 0, 0, 1] -> 21
    [2, 1, 0, 2, 0, 0, 0, 0, 0, 0, 0] -> 45
    [2, 1, 0, 1, 1, 1, 0, 0, 0, 0, 1] -> 44
    [2, 1, 0, 1, 1, 1, 0, 0, 0, 0, 0] -> 43
    [2, 1, 0, 0, 0, 0, 3, 1, 0, 0, 1] -> 17
    [2, 1, 0, 0, 0, 0, 3, 0, 0, 0, 0] -> 42
    [2, 1, 0, 0, 0, 0, 2, 0, 0, 0, 0] -> 41
    [2, 1, 0, 0, 0, 0, 2, 0, 0, 0, 1] -> 41
    [2, 1, 0, 0, 0, 0, 1, 1, 0, 0, 1] -> 14
    [2, 1, 0, 0, 0, 0, 1, 0, 0, 0, 0] -> 40
    [2, 1, 0, 0, 0, 0, 0, 0, 3, 0, 0] -> 11
    [2, 1, 0, 0, 0, 0, 0, 0, 2, 1, 0] -> 39
    [2, 1, 0, 0, 0, 0, 0, 0, 1, 0, 1] -> 11
    [2, 1, 0, 0, 0, 0, 0, 0, 1, 0, 0] -> 38
    [2, 0, 1, 3, 0, 0, 0, 0, 0, 0, 1] -> 37
    [2, 0, 1, 3, 0, 0, 0, 0, 0, 0, 0] -> 36
    [2, 0, 1, 2, 0, 0, 0, 0, 0, 0, 1] -> 35
    [2, 0, 1, 2, 0, 0, 0, 0, 0, 0, 0] -> 34
    [2, 0, 1, 1, 0, 0, 0, 0, 0, 0, 1] -> 33
    [2, 0, 1, 1, 0, 0, 0, 0, 0, 0, 0] -> 32
    [2, 0, 1, 0, 0, 0, 3, 1, 0, 0, 1] -> 31
    [2, 0, 1, 0, 0, 0, 3, 0, 0, 0, 0] -> 30
    [2, 0, 1, 0, 0, 0, 2, 0, 0, 0, 0] -> 29
    [2, 0, 1, 0, 0, 0, 2, 0, 0, 0, 1] -> 29
    [2, 0, 1, 0, 0, 0, 1, 1, 0, 0, 1] -> 28
    [2, 0, 1, 0, 0, 0, 1, 0, 0, 0, 0] -> 27
    [2, 0, 1, 0, 0, 0, 0, 0, 3, 0, 1] -> 24
    [2, 0, 1, 0, 0, 0, 0, 0, 2, 0, 1] -> 26
    [2, 0, 1, 0, 0, 0, 0, 0, 1, 0, 1] -> 25
    [2, 0, 1, 0, 0, 0, 0, 0, 1, 0, 0] -> 24
    [2, 0, 0, 3, 0, 1, 0, 0, 0, 0, 1] -> 23
    [2, 0, 0, 3, 0, 1, 0, 0, 0, 0, 0] -> 22
    [2, 0, 0, 2, 0, 0, 0, 0, 0, 0, 1] -> 21
    [2, 0, 0, 2, 0, 0, 0, 0, 0, 0, 0] -> 20
    [2, 0, 0, 1, 0, 1, 0, 0, 0, 0, 1] -> 19
    [2, 0, 0, 1, 0, 1, 0, 0, 0, 0, 0] -> 18
    [2, 0, 0, 0, 0, 0, 3, 1, 0, 0, 1] -> 17
    [2, 0, 0, 0, 0, 0, 3, 0, 0, 0, 0] -> 16
    [2, 0, 0, 0, 0, 0, 2, 0, 0, 0, 0] -> 15
    [2, 0, 0, 0, 0, 0, 2, 0, 0, 0, 1] -> 15
    [2, 0, 0, 0, 0, 0, 1, 1, 0, 0, 1] -> 14
    [2, 0, 0, 0, 0, 0, 1, 0, 0, 0, 0] -> 13
    [2, 0, 0, 0, 0, 0, 0, 0, 3, 0, 0] -> 11
    [2, 0, 0, 0, 0, 0, 0, 0, 2, 0, 0] -> 12
    [2, 0, 0, 0, 0, 0, 0, 0, 1, 0, 1] -> 11
    [2, 0, 0, 0, 0, 0, 0, 0, 1, 0, 0] -> 10
    [1, 1, 1, 0, 0, 0, 0, 0, 0, 0, 1] -> 9
    [1, 1, 1, 0, 0, 0, 0, 0, 0, 0, 0] -> 8
    [1, 1, 0, 0, 0, 0, 0, 0, 0, 0, 1] -> 7
    [1, 1, 0, 0, 0, 0, 0, 0, 0, 0, 0] -> 6
    [1, 0, 1, 0, 0, 0, 0, 0, 0, 0, 1] -> 5
    [1, 0, 1, 0, 0, 0, 0, 0, 0, 0, 0] -> 4
    [1, 0, 0, 0, 0, 0, 0, 0, 0, 0, 1] -> 3
    [1, 0, 0, 0, 0, 0, 0, 0, 0, 0, 0] -> 2
    [0, 0, 1, 0, 0, 0, 0, 0, 0, 0, 1] -> 1
    [0, 0, 0, 0, 0, 0, 0, 0, 0, 0, 0] -> 0
[2026-02-04T10:57:22Z TRACE merc_symbolic::sigref] Iteration 17 (58 blocks)
[2026-02-04T10:57:22Z INFO  merc_utilities::timing] Time signature_or: 0.000s
[2026-02-04T10:57:22Z INFO  merc_utilities::timing] Time signature: 0.000s
[2026-02-04T10:57:22Z TRACE merc_symbolic::sigref] Signature at iteration 17: [2, 1, 1, 0, 0, 0, 3, 1, 0, 0, 1] -> (14, 9)
    [2, 1, 1, 0, 0, 0, 3, 1, 0, 0, 0] -> (14, 8)
    [2, 1, 1, 0, 0, 0, 3, 0, 0, 0, 0] -> (13, 0)
    [2, 1, 0, 0, 0, 0, 3, 1, 0, 0, 1] -> (14, 1)
    [2, 1, 0, 0, 0, 0, 3, 0, 0, 0, 1] -> (13, 7)
    [2, 1, 0, 0, 0, 0, 3, 0, 0, 0, 0] -> (13, 6)
    [2, 0, 1, 0, 0, 0, 3, 1, 0, 0, 1] -> (14, 5)
    [2, 0, 1, 0, 0, 0, 3, 1, 0, 0, 0] -> (14, 4)
    [2, 0, 1, 0, 0, 0, 3, 0, 0, 0, 0] -> (13, 0)
    [2, 0, 0, 0, 0, 0, 3, 1, 0, 0, 1] -> (14, 1)
    [2, 0, 0, 0, 0, 0, 3, 0, 0, 0, 1] -> (13, 3)
    [2, 0, 0, 0, 0, 0, 3, 0, 0, 0, 0] -> (13, 2)
[2026-02-04T10:57:22Z TRACE merc_symbolic::sigref] Creating new block 0
[2026-02-04T10:57:22Z TRACE merc_symbolic::sigref] Creating new block 1
[2026-02-04T10:57:22Z TRACE merc_symbolic::sigref] Creating new block 2
[2026-02-04T10:57:22Z TRACE merc_symbolic::sigref] Creating new block 3
[2026-02-04T10:57:22Z TRACE merc_symbolic::sigref] Creating new block 4
[2026-02-04T10:57:22Z TRACE merc_symbolic::sigref] Creating new block 5
[2026-02-04T10:57:22Z TRACE merc_symbolic::sigref] Creating new block 6
[2026-02-04T10:57:22Z TRACE merc_symbolic::sigref] Creating new block 7
[2026-02-04T10:57:22Z TRACE merc_symbolic::sigref] Creating new block 8
[2026-02-04T10:57:22Z TRACE merc_symbolic::sigref] Creating new block 9
[2026-02-04T10:57:22Z TRACE merc_symbolic::sigref] Creating new block 10
[2026-02-04T10:57:22Z TRACE merc_symbolic::sigref] Creating new block 11
[2026-02-04T10:57:22Z TRACE merc_symbolic::sigref] Creating new block 12
[2026-02-04T10:57:22Z TRACE merc_symbolic::sigref] Creating new block 13
[2026-02-04T10:57:22Z TRACE merc_symbolic::sigref] Creating new block 14
[2026-02-04T10:57:22Z TRACE merc_symbolic::sigref] Creating new block 15
[2026-02-04T10:57:22Z TRACE merc_symbolic::sigref] Creating new block 16
[2026-02-04T10:57:22Z TRACE merc_symbolic::sigref] Creating new block 17
[2026-02-04T10:57:22Z TRACE merc_symbolic::sigref] Creating new block 18
[2026-02-04T10:57:22Z TRACE merc_symbolic::sigref] Creating new block 19
[2026-02-04T10:57:22Z TRACE merc_symbolic::sigref] Creating new block 20
[2026-02-04T10:57:22Z TRACE merc_symbolic::sigref] Creating new block 21
[2026-02-04T10:57:22Z TRACE merc_symbolic::sigref] Creating new block 22
[2026-02-04T10:57:22Z TRACE merc_symbolic::sigref] Creating new block 23
[2026-02-04T10:57:22Z TRACE merc_symbolic::sigref] Creating new block 24
[2026-02-04T10:57:22Z TRACE merc_symbolic::sigref] Creating new block 25
[2026-02-04T10:57:22Z TRACE merc_symbolic::sigref] Creating new block 26
[2026-02-04T10:57:22Z TRACE merc_symbolic::sigref] Creating new block 27
[2026-02-04T10:57:22Z TRACE merc_symbolic::sigref] Creating new block 28
[2026-02-04T10:57:22Z TRACE merc_symbolic::sigref] Creating new block 29
[2026-02-04T10:57:22Z TRACE merc_symbolic::sigref] Creating new block 30
[2026-02-04T10:57:22Z TRACE merc_symbolic::sigref] Creating new block 31
[2026-02-04T10:57:22Z TRACE merc_symbolic::sigref] Creating new block 32
[2026-02-04T10:57:22Z TRACE merc_symbolic::sigref] Creating new block 33
[2026-02-04T10:57:22Z TRACE merc_symbolic::sigref] Creating new block 34
[2026-02-04T10:57:22Z TRACE merc_symbolic::sigref] Creating new block 35
[2026-02-04T10:57:22Z TRACE merc_symbolic::sigref] Creating new block 36
[2026-02-04T10:57:22Z TRACE merc_symbolic::sigref] Creating new block 37
[2026-02-04T10:57:22Z TRACE merc_symbolic::sigref] Creating new block 38
[2026-02-04T10:57:22Z TRACE merc_symbolic::sigref] Creating new block 39
[2026-02-04T10:57:22Z TRACE merc_symbolic::sigref] Creating new block 40
[2026-02-04T10:57:22Z TRACE merc_symbolic::sigref] Creating new block 41
[2026-02-04T10:57:22Z TRACE merc_symbolic::sigref] Creating new block 42
[2026-02-04T10:57:22Z TRACE merc_symbolic::sigref] Creating new block 43
[2026-02-04T10:57:22Z TRACE merc_symbolic::sigref] Creating new block 44
[2026-02-04T10:57:22Z TRACE merc_symbolic::sigref] Creating new block 45
[2026-02-04T10:57:22Z TRACE merc_symbolic::sigref] Creating new block 46
[2026-02-04T10:57:22Z TRACE merc_symbolic::sigref] Creating new block 47
[2026-02-04T10:57:22Z TRACE merc_symbolic::sigref] Creating new block 48
[2026-02-04T10:57:22Z TRACE merc_symbolic::sigref] Creating new block 49
[2026-02-04T10:57:22Z TRACE merc_symbolic::sigref] Creating new block 50
[2026-02-04T10:57:22Z TRACE merc_symbolic::sigref] Creating new block 51
[2026-02-04T10:57:22Z TRACE merc_symbolic::sigref] Creating new block 52
[2026-02-04T10:57:22Z TRACE merc_symbolic::sigref] Creating new block 53
[2026-02-04T10:57:22Z TRACE merc_symbolic::sigref] Creating new block 54
[2026-02-04T10:57:22Z TRACE merc_symbolic::sigref] Creating new block 55
[2026-02-04T10:57:22Z TRACE merc_symbolic::sigref] Creating new block 56
[2026-02-04T10:57:22Z TRACE merc_symbolic::sigref] Creating new block 57
[2026-02-04T10:57:22Z INFO  merc_utilities::timing] Time refine: 0.001s
[2026-02-04T10:57:22Z TRACE merc_symbolic::sigref] Partition at iteration 17: [2, 1, 1, 3, 1, 0, 0, 0, 0, 0, 1] -> 57
    [2, 1, 1, 3, 1, 0, 0, 0, 0, 0, 0] -> 56
    [2, 1, 1, 2, 0, 0, 0, 0, 0, 0, 1] -> 55
    [2, 1, 1, 2, 0, 0, 0, 0, 0, 0, 0] -> 34
    [2, 1, 1, 1, 1, 0, 0, 0, 0, 0, 1] -> 54
    [2, 1, 1, 1, 1, 0, 0, 0, 0, 0, 0] -> 53
    [2, 1, 1, 0, 0, 0, 3, 1, 0, 0, 1] -> 52
    [2, 1, 1, 0, 0, 0, 3, 0, 0, 0, 0] -> 30
    [2, 1, 1, 0, 0, 0, 2, 0, 0, 0, 0] -> 51
    [2, 1, 1, 0, 0, 0, 2, 0, 0, 0, 1] -> 51
    [2, 1, 1, 0, 0, 0, 1, 1, 0, 0, 1] -> 50
    [2, 1, 1, 0, 0, 0, 1, 0, 0, 0, 0] -> 27
    [2, 1, 1, 0, 0, 0, 0, 0, 3, 0, 1] -> 24
    [2, 1, 1, 0, 0, 0, 0, 0, 2, 1, 1] -> 49
    [2, 1, 1, 0, 0, 0, 0, 0, 1, 0, 1] -> 48
    [2, 1, 1, 0, 0, 0, 0, 0, 1, 0, 0] -> 24
    [2, 1, 0, 3, 1, 1, 0, 0, 0, 0, 1] -> 47
    [2, 1, 0, 3, 1, 1, 0, 0, 0, 0, 0] -> 46
    [2, 1, 0, 2, 0, 0, 0, 0, 0, 0, 1] -> 21
    [2, 1, 0, 2, 0, 0, 0, 0, 0, 0, 0] -> 45
    [2, 1, 0, 1, 1, 1, 0, 0, 0, 0, 1] -> 44
    [2, 1, 0, 1, 1, 1, 0, 0, 0, 0, 0] -> 43
    [2, 1, 0, 0, 0, 0, 3, 1, 0, 0, 1] -> 17
    [2, 1, 0, 0, 0, 0, 3, 0, 0, 0, 0] -> 42
    [2, 1, 0, 0, 0, 0, 2, 0, 0, 0, 0] -> 41
    [2, 1, 0, 0, 0, 0, 2, 0, 0, 0, 1] -> 41
    [2, 1, 0, 0, 0, 0, 1, 1, 0, 0, 1] -> 14
    [2, 1, 0, 0, 0, 0, 1, 0, 0, 0, 0] -> 40
    [2, 1, 0, 0, 0, 0, 0, 0, 3, 0, 0] -> 11
    [2, 1, 0, 0, 0, 0, 0, 0, 2, 1, 0] -> 39
    [2, 1, 0, 0, 0, 0, 0, 0, 1, 0, 1] -> 11
    [2, 1, 0, 0, 0, 0, 0, 0, 1, 0, 0] -> 38
    [2, 0, 1, 3, 0, 0, 0, 0, 0, 0, 1] -> 37
    [2, 0, 1, 3, 0, 0, 0, 0, 0, 0, 0] -> 36
    [2, 0, 1, 2, 0, 0, 0, 0, 0, 0, 1] -> 35
    [2, 0, 1, 2, 0, 0, 0, 0, 0, 0, 0] -> 34
    [2, 0, 1, 1, 0, 0, 0, 0, 0, 0, 1] -> 33
    [2, 0, 1, 1, 0, 0, 0, 0, 0, 0, 0] -> 32
    [2, 0, 1, 0, 0, 0, 3, 1, 0, 0, 1] -> 31
    [2, 0, 1, 0, 0, 0, 3, 0, 0, 0, 0] -> 30
    [2, 0, 1, 0, 0, 0, 2, 0, 0, 0, 0] -> 29
    [2, 0, 1, 0, 0, 0, 2, 0, 0, 0, 1] -> 29
    [2, 0, 1, 0, 0, 0, 1, 1, 0, 0, 1] -> 28
    [2, 0, 1, 0, 0, 0, 1, 0, 0, 0, 0] -> 27
    [2, 0, 1, 0, 0, 0, 0, 0, 3, 0, 1] -> 24
    [2, 0, 1, 0, 0, 0, 0, 0, 2, 0, 1] -> 26
    [2, 0, 1, 0, 0, 0, 0, 0, 1, 0, 1] -> 25
    [2, 0, 1, 0, 0, 0, 0, 0, 1, 0, 0] -> 24
    [2, 0, 0, 3, 0, 1, 0, 0, 0, 0, 1] -> 23
    [2, 0, 0, 3, 0, 1, 0, 0, 0, 0, 0] -> 22
    [2, 0, 0, 2, 0, 0, 0, 0, 0, 0, 1] -> 21
    [2, 0, 0, 2, 0, 0, 0, 0, 0, 0, 0] -> 20
    [2, 0, 0, 1, 0, 1, 0, 0, 0, 0, 1] -> 19
    [2, 0, 0, 1, 0, 1, 0, 0, 0, 0, 0] -> 18
    [2, 0, 0, 0, 0, 0, 3, 1, 0, 0, 1] -> 17
    [2, 0, 0, 0, 0, 0, 3, 0, 0, 0, 0] -> 16
    [2, 0, 0, 0, 0, 0, 2, 0, 0, 0, 0] -> 15
    [2, 0, 0, 0, 0, 0, 2, 0, 0, 0, 1] -> 15
    [2, 0, 0, 0, 0, 0, 1, 1, 0, 0, 1] -> 14
    [2, 0, 0, 0, 0, 0, 1, 0, 0, 0, 0] -> 13
    [2, 0, 0, 0, 0, 0, 0, 0, 3, 0, 0] -> 11
    [2, 0, 0, 0, 0, 0, 0, 0, 2, 0, 0] -> 12
    [2, 0, 0, 0, 0, 0, 0, 0, 1, 0, 1] -> 11
    [2, 0, 0, 0, 0, 0, 0, 0, 1, 0, 0] -> 10
    [1, 1, 1, 0, 0, 0, 0, 0, 0, 0, 1] -> 9
    [1, 1, 1, 0, 0, 0, 0, 0, 0, 0, 0] -> 8
    [1, 1, 0, 0, 0, 0, 0, 0, 0, 0, 1] -> 7
    [1, 1, 0, 0, 0, 0, 0, 0, 0, 0, 0] -> 6
    [1, 0, 1, 0, 0, 0, 0, 0, 0, 0, 1] -> 5
    [1, 0, 1, 0, 0, 0, 0, 0, 0, 0, 0] -> 4
    [1, 0, 0, 0, 0, 0, 0, 0, 0, 0, 1] -> 3
    [1, 0, 0, 0, 0, 0, 0, 0, 0, 0, 0] -> 2
    [0, 0, 1, 0, 0, 0, 0, 0, 0, 0, 1] -> 1
    [0, 0, 0, 0, 0, 0, 0, 0, 0, 0, 0] -> 0
[2026-02-04T10:57:22Z TRACE merc_symbolic::sigref] Iteration 18 (58 blocks)
[2026-02-04T10:57:22Z INFO  merc_utilities::timing] Time signature_or: 0.000s
[2026-02-04T10:57:22Z INFO  merc_utilities::timing] Time signature: 0.000s
[2026-02-04T10:57:22Z TRACE merc_symbolic::sigref] Signature at iteration 18: [0, 0, 1, 0, 0, 0, 0, 0, 0, 0, 1] -> (1, 9)
    [0, 1, 1, 0, 0, 0, 0, 0, 0, 0, 1] -> (1, 9)
    [0, 0, 1, 0, 0, 0, 0, 0, 0, 0, 1] -> (0, 5)
    [0, 1, 1, 0, 0, 0, 0, 0, 0, 0, 1] -> (0, 5)
    [0, 0, 1, 0, 0, 0, 0, 0, 0, 0, 0] -> (1, 8)
    [0, 1, 1, 0, 0, 0, 0, 0, 0, 0, 0] -> (1, 8)
    [0, 0, 1, 0, 0, 0, 0, 0, 0, 0, 0] -> (0, 4)
    [0, 1, 1, 0, 0, 0, 0, 0, 0, 0, 0] -> (0, 4)
    [0, 0, 0, 0, 0, 0, 0, 0, 0, 0, 1] -> (1, 7)
    [0, 1, 0, 0, 0, 0, 0, 0, 0, 0, 1] -> (1, 7)
    [0, 0, 0, 0, 0, 0, 0, 0, 0, 0, 1] -> (0, 3)
    [0, 1, 0, 0, 0, 0, 0, 0, 0, 0, 1] -> (0, 3)
    [0, 0, 0, 0, 0, 0, 0, 0, 0, 0, 0] -> (1, 6)
    [0, 1, 0, 0, 0, 0, 0, 0, 0, 0, 0] -> (1, 6)
    [0, 0, 0, 0, 0, 0, 0, 0, 0, 0, 0] -> (0, 2)
    [0, 1, 0, 0, 0, 0, 0, 0, 0, 0, 0] -> (0, 2)
[2026-02-04T10:57:22Z TRACE merc_symbolic::sigref] Creating new block 0
[2026-02-04T10:57:22Z TRACE merc_symbolic::sigref] Creating new block 1
[2026-02-04T10:57:22Z TRACE merc_symbolic::sigref] Creating new block 2
[2026-02-04T10:57:22Z TRACE merc_symbolic::sigref] Creating new block 3
[2026-02-04T10:57:22Z TRACE merc_symbolic::sigref] Creating new block 4
[2026-02-04T10:57:22Z TRACE merc_symbolic::sigref] Creating new block 5
[2026-02-04T10:57:22Z TRACE merc_symbolic::sigref] Creating new block 6
[2026-02-04T10:57:22Z TRACE merc_symbolic::sigref] Creating new block 7
[2026-02-04T10:57:22Z TRACE merc_symbolic::sigref] Creating new block 8
[2026-02-04T10:57:22Z TRACE merc_symbolic::sigref] Creating new block 9
[2026-02-04T10:57:22Z TRACE merc_symbolic::sigref] Creating new block 10
[2026-02-04T10:57:22Z TRACE merc_symbolic::sigref] Creating new block 11
[2026-02-04T10:57:22Z TRACE merc_symbolic::sigref] Creating new block 12
[2026-02-04T10:57:22Z TRACE merc_symbolic::sigref] Creating new block 13
[2026-02-04T10:57:22Z TRACE merc_symbolic::sigref] Creating new block 14
[2026-02-04T10:57:22Z TRACE merc_symbolic::sigref] Creating new block 15
[2026-02-04T10:57:22Z TRACE merc_symbolic::sigref] Creating new block 16
[2026-02-04T10:57:22Z TRACE merc_symbolic::sigref] Creating new block 17
[2026-02-04T10:57:22Z TRACE merc_symbolic::sigref] Creating new block 18
[2026-02-04T10:57:22Z TRACE merc_symbolic::sigref] Creating new block 19
[2026-02-04T10:57:22Z TRACE merc_symbolic::sigref] Creating new block 20
[2026-02-04T10:57:22Z TRACE merc_symbolic::sigref] Creating new block 21
[2026-02-04T10:57:22Z TRACE merc_symbolic::sigref] Creating new block 22
[2026-02-04T10:57:22Z TRACE merc_symbolic::sigref] Creating new block 23
[2026-02-04T10:57:22Z TRACE merc_symbolic::sigref] Creating new block 24
[2026-02-04T10:57:22Z TRACE merc_symbolic::sigref] Creating new block 25
[2026-02-04T10:57:22Z TRACE merc_symbolic::sigref] Creating new block 26
[2026-02-04T10:57:22Z TRACE merc_symbolic::sigref] Creating new block 27
[2026-02-04T10:57:22Z TRACE merc_symbolic::sigref] Creating new block 28
[2026-02-04T10:57:22Z TRACE merc_symbolic::sigref] Creating new block 29
[2026-02-04T10:57:22Z TRACE merc_symbolic::sigref] Creating new block 30
[2026-02-04T10:57:22Z TRACE merc_symbolic::sigref] Creating new block 31
[2026-02-04T10:57:22Z TRACE merc_symbolic::sigref] Creating new block 32
[2026-02-04T10:57:22Z TRACE merc_symbolic::sigref] Creating new block 33
[2026-02-04T10:57:22Z TRACE merc_symbolic::sigref] Creating new block 34
[2026-02-04T10:57:22Z TRACE merc_symbolic::sigref] Creating new block 35
[2026-02-04T10:57:22Z TRACE merc_symbolic::sigref] Creating new block 36
[2026-02-04T10:57:22Z TRACE merc_symbolic::sigref] Creating new block 37
[2026-02-04T10:57:22Z TRACE merc_symbolic::sigref] Creating new block 38
[2026-02-04T10:57:22Z TRACE merc_symbolic::sigref] Creating new block 39
[2026-02-04T10:57:22Z TRACE merc_symbolic::sigref] Creating new block 40
[2026-02-04T10:57:22Z TRACE merc_symbolic::sigref] Creating new block 41
[2026-02-04T10:57:22Z TRACE merc_symbolic::sigref] Creating new block 42
[2026-02-04T10:57:22Z TRACE merc_symbolic::sigref] Creating new block 43
[2026-02-04T10:57:22Z TRACE merc_symbolic::sigref] Creating new block 44
[2026-02-04T10:57:22Z TRACE merc_symbolic::sigref] Creating new block 45
[2026-02-04T10:57:22Z TRACE merc_symbolic::sigref] Creating new block 46
[2026-02-04T10:57:22Z TRACE merc_symbolic::sigref] Creating new block 47
[2026-02-04T10:57:22Z TRACE merc_symbolic::sigref] Creating new block 48
[2026-02-04T10:57:22Z TRACE merc_symbolic::sigref] Creating new block 49
[2026-02-04T10:57:22Z TRACE merc_symbolic::sigref] Creating new block 50
[2026-02-04T10:57:22Z TRACE merc_symbolic::sigref] Creating new block 51
[2026-02-04T10:57:22Z TRACE merc_symbolic::sigref] Creating new block 52
[2026-02-04T10:57:22Z TRACE merc_symbolic::sigref] Creating new block 53
[2026-02-04T10:57:22Z TRACE merc_symbolic::sigref] Creating new block 54
[2026-02-04T10:57:22Z TRACE merc_symbolic::sigref] Creating new block 55
[2026-02-04T10:57:22Z TRACE merc_symbolic::sigref] Creating new block 56
[2026-02-04T10:57:22Z TRACE merc_symbolic::sigref] Creating new block 57
[2026-02-04T10:57:22Z INFO  merc_utilities::timing] Time refine: 0.002s
[2026-02-04T10:57:22Z TRACE merc_symbolic::sigref] Partition at iteration 18: [2, 1, 1, 3, 1, 0, 0, 0, 0, 0, 1] -> 57
    [2, 1, 1, 3, 1, 0, 0, 0, 0, 0, 0] -> 56
    [2, 1, 1, 2, 0, 0, 0, 0, 0, 0, 1] -> 55
    [2, 1, 1, 2, 0, 0, 0, 0, 0, 0, 0] -> 34
    [2, 1, 1, 1, 1, 0, 0, 0, 0, 0, 1] -> 54
    [2, 1, 1, 1, 1, 0, 0, 0, 0, 0, 0] -> 53
    [2, 1, 1, 0, 0, 0, 3, 1, 0, 0, 1] -> 52
    [2, 1, 1, 0, 0, 0, 3, 0, 0, 0, 0] -> 30
    [2, 1, 1, 0, 0, 0, 2, 0, 0, 0, 0] -> 51
    [2, 1, 1, 0, 0, 0, 2, 0, 0, 0, 1] -> 51
    [2, 1, 1, 0, 0, 0, 1, 1, 0, 0, 1] -> 50
    [2, 1, 1, 0, 0, 0, 1, 0, 0, 0, 0] -> 27
    [2, 1, 1, 0, 0, 0, 0, 0, 3, 0, 1] -> 24
    [2, 1, 1, 0, 0, 0, 0, 0, 2, 1, 1] -> 49
    [2, 1, 1, 0, 0, 0, 0, 0, 1, 0, 1] -> 48
    [2, 1, 1, 0, 0, 0, 0, 0, 1, 0, 0] -> 24
    [2, 1, 0, 3, 1, 1, 0, 0, 0, 0, 1] -> 47
    [2, 1, 0, 3, 1, 1, 0, 0, 0, 0, 0] -> 46
    [2, 1, 0, 2, 0, 0, 0, 0, 0, 0, 1] -> 21
    [2, 1, 0, 2, 0, 0, 0, 0, 0, 0, 0] -> 45
    [2, 1, 0, 1, 1, 1, 0, 0, 0, 0, 1] -> 44
    [2, 1, 0, 1, 1, 1, 0, 0, 0, 0, 0] -> 43
    [2, 1, 0, 0, 0, 0, 3, 1, 0, 0, 1] -> 17
    [2, 1, 0, 0, 0, 0, 3, 0, 0, 0, 0] -> 42
    [2, 1, 0, 0, 0, 0, 2, 0, 0, 0, 0] -> 41
    [2, 1, 0, 0, 0, 0, 2, 0, 0, 0, 1] -> 41
    [2, 1, 0, 0, 0, 0, 1, 1, 0, 0, 1] -> 14
    [2, 1, 0, 0, 0, 0, 1, 0, 0, 0, 0] -> 40
    [2, 1, 0, 0, 0, 0, 0, 0, 3, 0, 0] -> 11
    [2, 1, 0, 0, 0, 0, 0, 0, 2, 1, 0] -> 39
    [2, 1, 0, 0, 0, 0, 0, 0, 1, 0, 1] -> 11
    [2, 1, 0, 0, 0, 0, 0, 0, 1, 0, 0] -> 38
    [2, 0, 1, 3, 0, 0, 0, 0, 0, 0, 1] -> 37
    [2, 0, 1, 3, 0, 0, 0, 0, 0, 0, 0] -> 36
    [2, 0, 1, 2, 0, 0, 0, 0, 0, 0, 1] -> 35
    [2, 0, 1, 2, 0, 0, 0, 0, 0, 0, 0] -> 34
    [2, 0, 1, 1, 0, 0, 0, 0, 0, 0, 1] -> 33
    [2, 0, 1, 1, 0, 0, 0, 0, 0, 0, 0] -> 32
    [2, 0, 1, 0, 0, 0, 3, 1, 0, 0, 1] -> 31
    [2, 0, 1, 0, 0, 0, 3, 0, 0, 0, 0] -> 30
    [2, 0, 1, 0, 0, 0, 2, 0, 0, 0, 0] -> 29
    [2, 0, 1, 0, 0, 0, 2, 0, 0, 0, 1] -> 29
    [2, 0, 1, 0, 0, 0, 1, 1, 0, 0, 1] -> 28
    [2, 0, 1, 0, 0, 0, 1, 0, 0, 0, 0] -> 27
    [2, 0, 1, 0, 0, 0, 0, 0, 3, 0, 1] -> 24
    [2, 0, 1, 0, 0, 0, 0, 0, 2, 0, 1] -> 26
    [2, 0, 1, 0, 0, 0, 0, 0, 1, 0, 1] -> 25
    [2, 0, 1, 0, 0, 0, 0, 0, 1, 0, 0] -> 24
    [2, 0, 0, 3, 0, 1, 0, 0, 0, 0, 1] -> 23
    [2, 0, 0, 3, 0, 1, 0, 0, 0, 0, 0] -> 22
    [2, 0, 0, 2, 0, 0, 0, 0, 0, 0, 1] -> 21
    [2, 0, 0, 2, 0, 0, 0, 0, 0, 0, 0] -> 20
    [2, 0, 0, 1, 0, 1, 0, 0, 0, 0, 1] -> 19
    [2, 0, 0, 1, 0, 1, 0, 0, 0, 0, 0] -> 18
    [2, 0, 0, 0, 0, 0, 3, 1, 0, 0, 1] -> 17
    [2, 0, 0, 0, 0, 0, 3, 0, 0, 0, 0] -> 16
    [2, 0, 0, 0, 0, 0, 2, 0, 0, 0, 0] -> 15
    [2, 0, 0, 0, 0, 0, 2, 0, 0, 0, 1] -> 15
    [2, 0, 0, 0, 0, 0, 1, 1, 0, 0, 1] -> 14
    [2, 0, 0, 0, 0, 0, 1, 0, 0, 0, 0] -> 13
    [2, 0, 0, 0, 0, 0, 0, 0, 3, 0, 0] -> 11
    [2, 0, 0, 0, 0, 0, 0, 0, 2, 0, 0] -> 12
    [2, 0, 0, 0, 0, 0, 0, 0, 1, 0, 1] -> 11
    [2, 0, 0, 0, 0, 0, 0, 0, 1, 0, 0] -> 10
    [1, 1, 1, 0, 0, 0, 0, 0, 0, 0, 1] -> 9
    [1, 1, 1, 0, 0, 0, 0, 0, 0, 0, 0] -> 8
    [1, 1, 0, 0, 0, 0, 0, 0, 0, 0, 1] -> 7
    [1, 1, 0, 0, 0, 0, 0, 0, 0, 0, 0] -> 6
    [1, 0, 1, 0, 0, 0, 0, 0, 0, 0, 1] -> 5
    [1, 0, 1, 0, 0, 0, 0, 0, 0, 0, 0] -> 4
    [1, 0, 0, 0, 0, 0, 0, 0, 0, 0, 1] -> 3
    [1, 0, 0, 0, 0, 0, 0, 0, 0, 0, 0] -> 2
    [0, 0, 1, 0, 0, 0, 0, 0, 0, 0, 1] -> 1
    [0, 0, 0, 0, 0, 0, 0, 0, 0, 0, 0] -> 0
[2026-02-04T10:57:22Z INFO  merc_symbolic::sigref] Signature refinement completed in 19 iterations with 58 blocks
[2026-02-04T10:57:22Z INFO  merc_utilities::timing] Time reduction: 0.068s
[2026-02-04T10:57:22Z DEBUG merc_aterm::storage::thread_aterm_pool] There are 158 terms, and 49 symbols
[2026-02-04T10:57:22Z DEBUG merc_aterm::storage::global_aterm_pool] Removed thread_local protection set(s) 0
[2026-02-04T10:57:22Z DEBUG merc_aterm::storage::thread_aterm_pool] Protection set 0 has 0 roots, max 256 and 471 insertions
    Containers: 0 roots, max 4 and 2 insertions
    Symbols: 6 roots, max 16 and 54 insertions
[2026-02-04T10:57:22Z DEBUG merc_aterm::storage::thread_aterm_pool] Acquired 2098 read locks and 2 write locks
